IO.new braced	TypeError: no implicit conversion of Hash into String
IO.new braced var	TypeError: no implicit conversion of Hash into String
File.open braced	TypeError: no implicit conversion of Hash into String
File.open braced mode	TypeError: no implicit conversion of Hash into String
IO.new keywords	["EUC-JP", nil]
IO.new double-splat	["EUC-JP", nil]
File.open keywords	["EUC-JP", nil]
File.open double-splat	["EUC-JP", nil]
File.open hashrocket	["EUC-JP", nil]
mode then keywords	["EUC-JP", nil]
ran to the end
