date	true
set	false
stringio	true
strscan	true
pathname	true
time	true
bigdecimal	true
zlib	true
socket	true
monitor	false
objspace	true
digest	true
etc	true
fcntl	true
second time
date	false
set	false
stringio	false
strscan	false
pathname	false
time	false
bigdecimal	false
zlib	false
socket	false
monitor	false
objspace	false
digest	false
etc	false
fcntl	false
variable	true
interpolated	false
method result	false
missing	cannot load such file -- no_such_library_anywhere
