0
0.0
(0/1)
(0+0i)
(0/1)
(0/1)
(0/1)
[:to_i, 0, [], ["<internal:nilclass>", 36]]
[:to_f, 0, [], ["<internal:nilclass>", 48]]
[:to_r, 0, [], ["<internal:nilclass>", 60]]
[:to_c, 0, [], ["<internal:nilclass>", 24]]
[:rationalize, -1, [[:opt, :eps]], ["<internal:nilclass>", 12]]
"#<Method: NilClass#to_i() <internal:nilclass>:36>"
"#<Method: NilClass#rationalize(eps=...) <internal:nilclass>:12>"
nil
[:&, :===, :=~, :^, :inspect, :nil?, :rationalize, :to_a, :to_c, :to_f, :to_h, :to_i, :to_r, :to_s, :|]
Rational
0
1
[0.0, Float]
