user module owner                Mine
user module unbound              Mine
user module own?                 false
declared on the module           true
Comparable owner                 Comparable
through String                   Comparable
through Float                    Comparable
Comparable unbound               Comparable
Integer own?                     false
Comparable own?                  true
Comparable defines?              true
Enumerable owner                 Enumerable
through Hash                     Enumerable
through Range                    Enumerable
Array own?                       false
call through Integer             :c
call through Array               :e
call through Widget              :m
no super above it                "nil"
