bare rescue        ArgumentError: raise from r1
named rescue       ok
ensure             ran
body finished      true
else               ran
second clause      ok
inner rescue       ok
method body        method rescued: raise from r5
as an expression   value from rescue
require_relative   raise from r7
load               raise from r8
still running
