[:cursor_public, :raised, "NoMethodError"]
[:cursor_send, :cursor]
[:prot_public, :raised, "NoMethodError"]
[:pub_public, :pub]
[:singletons, [:prot, :pub]]
[:privates, true]
[:protecteds, [:prot]]
[:inline_public, :raised, "NoMethodError"]
[:inline_list, [:open]]
[:named_public, :raised, "NoMethodError"]
[:named_list, []]
[:reset_public, :second]
[:reset_list, [:reset]]
[:clone_public, :raised, "NoMethodError"]
[:clone_list, []]
[:dup_list, []]
[:value_public, :raised, "NoMethodError"]
[:value_list, []]
