a_singleton_body_statement_runs_in_its_own_frame.rb:40:in 'singleton class'
a_singleton_body_statement_runs_in_its_own_frame.rb:39:in '<class:Config>'
a_singleton_body_statement_runs_in_its_own_frame.rb:35:in '<main>'
a_singleton_body_statement_runs_in_its_own_frame.rb:50:in 'block in singleton class'
a_singleton_body_statement_runs_in_its_own_frame.rb:50:in 'Array#each'
a_singleton_body_statement_runs_in_its_own_frame.rb:50:in 'singleton class'
a_singleton_body_statement_runs_in_its_own_frame.rb:49:in '<class:Boom>'
[1, 3]
a_singleton_body_statement_runs_in_its_own_frame.rb:73:in 'Array#fetch'
a_singleton_body_statement_runs_in_its_own_frame.rb:73:in 'singleton class'
at 2
a_singleton_body_statement_runs_in_its_own_frame.rb:88:in 'singleton class'
a_singleton_body_statement_runs_in_its_own_frame.rb:85:in '<class:Walked>'
a_singleton_body_statement_runs_in_its_own_frame.rb:101:in 'singleton class'
a_singleton_body_statement_runs_in_its_own_frame.rb:100:in 'Late.install'
:from_singleton
