bol0: true
eos0: false
scan1: "This"
scan2: nil
scan3: " "
pre: "This"
post: "is an example string"
matched: " "
msize: 1
pos: 5
charpos: 5
bol: false
rest: "is an example string"
restq: true
unscan: [4, nil]
skip: 4
checku: "an example"
posu: 8
scanu: "an example"
preu: "This is an "
postu: " string"
exist: 4
skipu: 4
m?: 3
check: "ing"
getch: "i"
getbyte: "n"
scanbyte: 103
peek: ""
peekb: nil
eos: true
scaneos: nil
terminate: [25, true]
reset: [0, false]
strscan: "This"
strm: ["This", "", " is an example string", "This", 1]
strmiss: nil
strafter: false
struntil: " is an"
strupre: "This is"
caps: "Fri Dec 12"
bracket0: "Fri Dec 12"
name: ["Fri", "Dec"]
named: {"wday" => "Fri", "month" => "Dec", "day" => "12"}
capsarr: ["Fri", "Dec", "12"]
vals: ["Fri Dec 12", "Dec", "12"]
sizec: 4
rangeidx: TypeError: no implicit conversion of Range into Integer
anchorA: "def"
caret: nil
caret_mid: " "
fixedA: nil
fixedG: "def"
fixedpre: "abc "
fixedpost: ""
uscan: "héllo"
upos: 6
ucharpos: 5
upeek: " w\xC3"
uget: "w"
upos2: [8, 7]
concat: "abcd"
seteq: [0, "xyz"]
posneg: 1
posrange: RangeError: index out of range
unscanerr: StringScanner::Error: unscan failed: previous match record not exist
peekneg: ArgumentError: negative string size (or size too big)
scaninty: 123
scanint16: 255
inspect0: "#<StringScanner 0/11 @ \"test ...\">"
inspectmid: "#<StringScanner 5/11 \"test \" @ \"strin...\">"
inspectfin: "#<StringScanner fin>"
