-- a method frame --
[:a, :b, :rest, :k, :kw, :blk, :c, :bd]
[1, 2]
[[], 3]
[{}, nil]
3
4
-- an instance method: self, ivars, lexical constants --
Holder
[:y]
[10, 1, 5]
-- a class body, and a def written through its binding --
Built
[:cb]
3
"hi from eval"
[:greet]
-- a block: its own names first, then the enclosing scope's --
[:i, :inner, :o]
[1, 2, 1]
102
-- nested blocks compose --
[:i, :j, :q]
[1, 1, 2]
