Foo
true
"Foo"
Foo
["a", "b", "c"]
3
nil
["base", nil]
["shared", "shared"]
["base", "sub"]
["class-level", "instance-level"]
"second"
["first", "second"]
2
Shape
Circle
"a Circle"
"hello from English"
[10, 20, 30]
A:1
B:1
A:2
B:2
[1, 2, [], 9, {}, nil]
[1, 3, [4, 5], 0, {z: 1}, "blk"]
1
1
nil
2
[:@a, :@b]
true
false
NameError: 'a' is not allowed as an instance variable name
