tally(1, 2)	ArgumentError: wrong number of arguments (given 2, expected 0..1)
tally(:x)	TypeError: no implicit conversion of Symbol into Hash
tally({}, 2)	ArgumentError: wrong number of arguments (given 2, expected 0..1)
sum(0, 1)	ArgumentError: wrong number of arguments (given 2, expected 0..1)
min(1, 2)	ArgumentError: wrong number of arguments (given 2, expected 0..1)
max(1, 2)	ArgumentError: wrong number of arguments (given 2, expected 0..1)
first(1, 2)	ArgumentError: wrong number of arguments (given 2, expected 0..1)
uniq(1)	ArgumentError: wrong number of arguments (given 1, expected 0)
flatten(1, 2)	ArgumentError: wrong number of arguments (given 2, expected 0..1)
count(1, 2)	ArgumentError: wrong number of arguments (given 2, expected 0..1)
zip()	ok [[1]]
group_by(1)	ArgumentError: wrong number of arguments (given 1, expected 0)
each_slice(1, 2)	ArgumentError: wrong number of arguments (given 2, expected 1)
each_cons(1, 2)	ArgumentError: wrong number of arguments (given 2, expected 1)
