R.new.on_self => :helped
R.new.bare => :helped
R.new.through_local !! NoMethodError: private method 'helper' called for an instance of R
R.new.on_other(R.new) !! NoMethodError: private method 'helper' called for an instance of R
R.new.helper !! NoMethodError: private method 'helper' called for an instance of R
R.new.send(:helper) => :helped
R.new.__send__(:helper) => :helped
R.new.public_send(:helper) !! NoMethodError: private method 'helper' called for an instance of R
R.new.respond_to?(:helper) => false
R.new.respond_to?(:helper, true) => true
Money.new > Money.new => false
Money.new > Cash.new => false
Cash.new > Money.new => false
Outsider.new.peek(Money.new) !! NoMethodError: protected method 'amount' called for an instance of Money
Money.new.amount !! NoMethodError: protected method 'amount' called for an instance of Money
Money.new.send(:amount) => 7
Money.new.public_send(:amount) !! NoMethodError: protected method 'amount' called for an instance of Money
1.puts !! NoMethodError: private method 'puts' called for an instance of Integer
'ab'.puts !! NoMethodError: private method 'puts' called for an instance of String
nil.puts !! NoMethodError: private method 'puts' called for nil
[].raise !! NoMethodError: private method 'raise' called for an instance of Array
'ab'.initialize !! NoMethodError: private method 'initialize' called for an instance of String
[].initialize !! NoMethodError: private method 'initialize' called for an instance of Array
Object.new.initialize !! NoMethodError: private method 'initialize' called for an instance of Object
RuntimeError.new.initialize !! NoMethodError: private method 'initialize' called for an instance of RuntimeError
3.7.require !! NoMethodError: private method 'require' called for an instance of Float
File.respond_to?(:open) => true
String.name => "String"
Integer.instance_methods.class => Array
Factory.make_via_self => :built
Factory.build !! NoMethodError: private method 'build' called for class Factory
Factory.send(:build) => :built
Late#open_now before => :open
Late#open_now after !! NoMethodError: private method 'open_now' called for an instance of Late
