fetch_block_supersedes_default.rb:8: warning: block supersedes default value argument
fetch_block_supersedes_default.rb:9: warning: block supersedes default value argument
fetch_block_supersedes_default.rb:10: warning: block supersedes default value argument
fetch_block_supersedes_default.rb:11: warning: block supersedes default value argument
fetch_block_supersedes_default.rb:12: warning: block supersedes default value argument
fetch_block_supersedes_default.rb:15: warning: block supersedes default value argument
fetch_block_supersedes_default.rb:16: warning: block supersedes default value argument
