0,1,2,-2,3,-3,4,-4,5,-5,6,-6,7,8,9,10,11
2,-2,3,-3,4,-4,5,-5,5,-5,5,5,-5
8,1,2,4,8,8,4,8,1,8,8,8
8,1,2,4,8,8,4,8,1,8,8
[1, 2, 8]
false
Fiddle::Handle
Integer
true
false
[Fiddle::DLError, "unknown symbol \"zzz_no_such_symbol\""]
Fiddle::Handle
0
[Fiddle::DLError, "closed handle"]
13
1024.0
42
Fiddle::Pointer
"copied!"
"copied!"
Fiddle::Pointer
true
0
0
5
Fiddle::Pointer
11
"hello world"
"hello"
"hello world"
104
"hello"
"Hello world"
"world"
5
true
[-1, 1, 0]
true
false
"abcdefgh"
16
Fiddle::Pointer
true
true
true
false
nil
"ABC"
"xyCDEF"
Integer
nil
[ArgumentError, "NULL pointer given"]
""
[Fiddle::DLError, "NULL pointer dereference"]
[Fiddle::DLError, "NULL pointer dereference"]
[Fiddle::DLError, Fiddle::Error, StandardError]
[Fiddle::ClearedReferenceError, Fiddle::Error, StandardError]
0
"abcde"
false
[1, 1]
4
Integer
true
42
3
"strlen"
true
Integer
[TypeError, "wrong argument type Integer (expected Array)"]
[RuntimeError, "unknown type 99"]
16
"d=42 s=hi f=2.50"
"obj"
false
true
[Fiddle::ClearedReferenceError, "`ref` called on a cleared object"]
