true
true
65536
[1, 2, 4, 8, 32, 64, 128]
[4, 8, 8]
true
[RuntimeError, RuntimeError, RuntimeError, RuntimeError, ArgumentError]
[IO::Buffer, Comparable, Object]
16
0
[ArgumentError, "Size can't be negative!"]
[4, 5, 8]
[ArgumentError, "Invalid type name!"]
"abcde"
[true, false, false, false, true, false, false, false, false, false]
[true, true]
[3735928559, 4022250974]
1
2
[0, 255]
7
[7, 513]
[9223372036854775813, -9223372036854775803]
1267650600228229401496703205376
1.5
-2.25
[ArgumentError, "Type extends beyond end of buffer! (offset=14 > size=16)"]
2
"hi\x00\x00\x00\x00\x00\x00"
#<Encoding:UTF-8>
[ArgumentError, "Specified offset+length is bigger than the buffer size!"]
8
42
[16, 8]
[ArgumentError, "Specified offset+length is bigger than the buffer size!"]
[ArgumentError, "Offset can't be negative!"]
[16, 7, 7, true]
[true, true, 0]
[9, true, true]
[true, true]
false
[IO::Buffer::LockedError, "Buffer already locked!"]
[IO::Buffer::LockedError, "Cannot resize locked buffer!"]
[IO::Buffer::LockedError, "Buffer is locked!"]
[12, true]
"readonly"
[IO::Buffer::AccessError, "Buffer is not writable!"]
[IO::Buffer::AccessError, "Buffer is not writable!"]
8
"abcdefgh"
2
"abcdabgh"
4
"efghabgh"
[ArgumentError, "Specified offset+length is bigger than the buffer size!"]
[-1, 1, 0]
[true, false]
[1, -1]
[true, true, true]
[TypeError, "wrong argument type String (expected IO::Buffer)"]
[15, 240, 15, 0]
[255, 255, 255, 15]
[240, 15, 240, 15]
[240, 15, 0, 255]
[1, 0, 1, 0]
[15, 0]
[15, 1]
[240, 254]
[15, 1]
[1, 1]
[IO::Buffer::MaskError, "Zero-length mask given!"]
[IO::Buffer::MaskError, "Zero-length mask given!"]
[[0, 1], [1, 2], [2, 3], [3, 4]]
[[0, 513], [2, 1027]]
[[1, 2], [2, 3]]
Enumerator
[1, 2, 3, 4]
[1027]
[1, 2, 3, 4]
[1, 2, 3, 4]
"********"
"ab\x00\x00\x00\x00\x00\x00"
"ab\t\t\t\tgh"
[0, 0]
0xADDR  30 31 32 33 34 35 36 37 38 39 61 62 63 64 65 66 0123456789abcdef
0xADDR  67 68 69 6a                                     ghij
0xADDR  34 35 36 37 38 39 61 62 63 64 65 66 67 68 69 6a 456789abcdefghij
0xADDR  34 35 36 37 38 39 61 62                         456789ab
0xADDR  30 31 32 33 34 35 36 37 01234567
0xADDR  38 39 61 62 63 64 65 66 89abcdef
0xADDR  67 68 69 6a             ghij
"#<IO::Buffer 0xN+4 INTERNAL>\n0xADDR  00 00 00 00                                     ...."
"#<IO::Buffer 0xN+2 SLICE>\n0xADDR  00 00                                           .."
"#<IO::Buffer 0xN+7 EXTERNAL READONLY SLICE>\n0xADDR  6c 69 74 65 72 61 6c                            literal"
"#<IO::Buffer 0xN+7 INTERNAL>\n0xADDR  6c 69 74 65 72 61 6c                            literal"
"#<IO::Buffer 0xN+0 NULL>"
"#<IO::Buffer 0xN+4 INTERNAL>"
"#<IO::Buffer 0xN+4 INTERNAL LOCKED>\n"
18
"(and 44 more bytes not printed)"
10
"ABCDEFGHIJ"
4
"......DEFG"
10
3
"0123456789789"
5
"5678956789789"
[IOError, "closed stream"]
[18, true, true, "ABCD"]
"#<IO::Buffer 0xN+18 EXTERNAL MAPPED FILE SHARED READONLY>\n"
[18, false]
"ZZCD"
true
[false, 11, true]
:blockresult
"Xutable str"
[false, true, "dup me"]
[5, 9]
