no length                  ret=1000  wrote=1000  head="abcdef"
length 300                 ret=300   wrote=300   head="abcdef"
length 0                   ret=0     wrote=0     head=""
length past the end        ret=1000  wrote=1000  head="abcdef"
length -1                  ret=1000  wrote=1000  head="abcdef"
length 5.9                 ret=5     wrote=5     head="abcde"
length a String            TypeError: no implicit conversion from string
offset 200                 ret=10    wrote=10    head="stuvwx"
offset -1                  ret=10    wrote=10    head="abcdef"
offset past the end        ret=0     wrote=0     head=""
offset, no length          ret=10    wrote=10    head="cdefgh"
io, length 300             ret=300   wrote=300   head="abcdef"
io, two copies             ret=20    wrote=10    head="klmnop"
io, offset keeps pos       ret=0     wrote=10    head="stuvwx"
StringIO source            ret=300   wrote=300   head="abcdef"
gzip source                ret=300   wrote=300   head="abcdef"
gzip, two copies           ret=20    wrote=10    head="klmnop"
StringIO + offset          ArgumentError: cannot specify src_offset for non-IO
short source               ret=3     wrote=3     head="abc"
empty source               ret=0     wrote=0     head=""
io destination             ret=300   wrote=300   head="abcdef"
StringIO destination       ret=7     wrote=7     head="abcdef"
onto itself: 0 0
missing source: Errno::ENOENT No such file or directory @ rb_sysopen - <dir>/absent
