false
nil
nil
pipe raw!: Errno::ENOTTY: Inappropriate ioctl for device
pipe raw: Errno::ENOTTY: Inappropriate ioctl for device
pipe winsize: Errno::ENOTTY: Inappropriate ioctl for device
file raw!: Errno::ENOTTY: Inappropriate ioctl for device - io_console_probe.txt
file raw: Errno::ENOTTY: Inappropriate ioctl for device
file cooked!: Errno::ENOTTY: Inappropriate ioctl for device - io_console_probe.txt
file cooked: Errno::ENOTTY: Inappropriate ioctl for device
file echo?: Errno::ENOTTY: Inappropriate ioctl for device - io_console_probe.txt
file echo=: Errno::ENOTTY: Inappropriate ioctl for device - io_console_probe.txt
file noecho: Errno::ENOTTY: Inappropriate ioctl for device
file getch: Errno::ENOTTY: Inappropriate ioctl for device
file getpass: Errno::ENOTTY: Inappropriate ioctl for device
file iflush: Errno::ENOTTY: Inappropriate ioctl for device - io_console_probe.txt
file oflush: Errno::ENOTTY: Inappropriate ioctl for device - io_console_probe.txt
file ioflush: Errno::ENOTTY: Inappropriate ioctl for device - io_console_probe.txt
file winsize: Errno::ENOTTY: Inappropriate ioctl for device - io_console_probe.txt
file winsize=: Errno::ENOTTY: Inappropriate ioctl for device - io_console_probe.txt
file console_mode: Errno::ENOTTY: Inappropriate ioctl for device - io_console_probe.txt
file pressed?: NotImplementedError: pressed?() function is unimplemented on this machine
file check_winsize_changed: NotImplementedError: check_winsize_changed() function is unimplemented on this machine
nil
"\e[3;4H\e[6G\e[1A\e[2B\e[3D\e[4C\e[5S\e[6T\e[0K\e[2J\e[2J\e[1;1H\a"
