false
upcase	ArgumentError	input string invalid
downcase	ArgumentError	input string invalid
capitalize	ArgumentError	input string invalid
swapcase	ArgumentError	input string invalid
casecmp?	ArgumentError	input string invalid
squeeze	ArgumentError	invalid byte sequence in UTF-8
codepoints	ArgumentError	invalid byte sequence in UTF-8
count	ArgumentError	invalid byte sequence in UTF-8
delete	ArgumentError	invalid byte sequence in UTF-8
tr	ArgumentError	invalid byte sequence in UTF-8
scan	ArgumentError	invalid byte sequence in UTF-8
split	ArgumentError	invalid byte sequence in UTF-8
sub	ArgumentError	invalid byte sequence in UTF-8
gsub	ArgumentError	invalid byte sequence in UTF-8
match	ArgumentError	invalid byte sequence in UTF-8
normalize	ArgumentError	invalid byte sequence in UTF-8
strip	Encoding::CompatibilityError	invalid byte sequence in UTF-8
rstrip	Encoding::CompatibilityError	invalid byte sequence in UTF-8
lstrip	OK "caf\xC3 x"
to_sym	EncodingError	invalid symbol in encoding UTF-8 :"caf\xC3 x"
intern	EncodingError	invalid symbol in encoding UTF-8 :"caf\xC3 x"
length	OK 6
size	OK 6
chars	OK ["c", "a", "f", "\xC3", " ", "x"]
bytes	OK 6
reverse	OK 6
chomp	OK 6
index	OK 5
include	OK true
slice	OK "ca"
ord	OK 99
succ	OK 6
b	OK #<Encoding:BINARY (ASCII-8BIT)>
valid	OK false
ascii	OK false
C3_space	Encoding::InvalidByteSequenceError	"\xC3" followed by " " on UTF-8
C3_end	Encoding::InvalidByteSequenceError	incomplete "\xC3" on UTF-8
FF_space	Encoding::InvalidByteSequenceError	"\xFF" on UTF-8
E3_81_sp	Encoding::InvalidByteSequenceError	"\xE3\x81" followed by " " on UTF-8
E3_81_end	Encoding::InvalidByteSequenceError	incomplete "\xE3\x81" on UTF-8
C2_41	Encoding::InvalidByteSequenceError	"\xC2" followed by "A" on UTF-8
C0_space	Encoding::InvalidByteSequenceError	"\xC0" on UTF-8
F5_space	Encoding::InvalidByteSequenceError	"\xF5" on UTF-8
80_alone	Encoding::InvalidByteSequenceError	"\x80" on UTF-8
E0_80	Encoding::InvalidByteSequenceError	"\xE0" followed by "\x80" on UTF-8
ED_A0	Encoding::InvalidByteSequenceError	"\xED" followed by "\xA0" on UTF-8
F4_90	Encoding::InvalidByteSequenceError	"\xF4" followed by "\x90" on UTF-8
["CAFÉ X", "café x", :"café x", 1, ["café", "x"]]
