private instance: true
public singleton: true
not public instance: true
respond_to? private: true
respond_to? public: true
method objects: [Method]
arities: {Pathname: 1, printf: -1, exit: -1, exit!: -1, abort: -1, at_exit: 0, lambda: 0, fork: 0, syscall: 0, set_trace_func: 1, __method__: 0, __callee__: 0, __dir__: 0}
1-a
send printf: :printed
0101
Kernel.printf: :printed
send lambda: [Proc, true, 6]
send Pathname: "/x"
send exit: 3
send exit true: 0
send exit false: 1
send abort: [1, "boom"]
send syscall: NotImplementedError: syscall() function is unimplemented on this machine
send set_trace_func nil: nil
send at_exit: Proc
send __method__: :named_method
direct __method__: :d
send __callee__: :named_callee
__method__ in a class: :inside
__method__ at top level: nil
send __dir__ class: String
__dir__ agrees with File: true
Kernel.__dir__ is a String: String
fork runs the child: 7
