"#<Method: Sub#greet()>"
"#<Method: Quiet(Base)#greet()>"
"#<Method: Base#greet()>"
"#<Method: Speaker(Loud)#shout()>"
"#<Method: Sig#none()>"
"#<Method: Sig#req(a, b)>"
"#<Method: Sig#opt(a, b=...)>"
"#<Method: Sig#rest(a, *r)>"
"#<Method: Sig#kw(a, k:, j: ...)>"
"#<Method: Sig#kwrest(**kw)>"
"#<Method: Sig#blk(&b)>"
"#<Method: Sig#every(a, b=..., *r, c, k:, j: ..., **kw, &blk)>"
"#<Method: Api.fetch(url)>"
"#<Method: Store.open(path, mode=...)>"
"#<Method: Cache(Store).open(path, mode=...)>"
"#<Method: #<Widget custom>.only()>"
"#<Method: Array#each()>"
"#<Method: String#sub(*)>"
"#<Method: Integer#+(_)>"
"#<UnboundMethod: Hash#store(_, _)>"
"#<Method: Array.try_convert(_)>"
"#<UnboundMethod: Sub#greet()>"
"#<UnboundMethod: Base#greet()>"
"#<UnboundMethod: Loud#shout()>"
"#<UnboundMethod: Sig#every(a, b=..., *r, c, k:, j: ..., **kw, &blk)>"
"#<UnboundMethod: Sub#greet()>"
"#<UnboundMethod: Object#shape(m)>"
"#<Method: Object#helper(n, verbose: ...)>"
"#<UnboundMethod: Object#helper(n, verbose: ...)>"
true
true
