[-2, [[:req, :x], [:opt, :y]]]
"#<Method: #<Widget:ADDR>.only(x, y=...)>"
[-2, [[:req, :a], [:rest, :r], [:key, :k], [:block, :b]]]
"#<Method: #<Widget:ADDR>.dsm(a, *r, k: ..., &b)>"
[-2, [[:req, :i], [:opt, :j]]]
[-2, [[:req, :a], [:opt, :b], [:rest, :r]]]
"#<UnboundMethod: K#pair(a, b=..., *r)>"
[-2, [[:req, :q], [:rest, :s]]]
"#<Method: K.cm(q, *s)>"
[2, [[:req, :a], [:keyreq, :b], [:keyrest, :o]]]
"#<Method: Reop#dm(a, b:, **o)>"
[-1, [[:opt, :z]]]
[1, [[:req, :single]]]
[-2, [[:req, :u], [:opt, :v]]]
"#<Method: #<Shadow:ADDR>.m(only_one)>"
"#<Method: Shadow#m(a, b)>"
"#<UnboundMethod: Shadow#m(a, b)>"
[-3, [[:req, :a], [:opt, :b], [:rest, :c], [:keyreq, :d], [:key, :e], [:keyrest, :f], [:block, :g]]]
[2, -1]
