-- the instance half arrives through include
true
true
-- and it is private: reflection says so, and public_send refuses
true
false
private method 'pid' called for an instance of Host
-- the singleton half stays public
true
true
-- counts match CRuby's own
39
47
[:list, :signame, :trap]
-- the eight Process names CRuby keeps singleton-only stay singleton-only
_fork: singleton=true private=false
abort: singleton=true private=false
exec: singleton=true private=false
exit: singleton=true private=false
exit!: singleton=true private=false
fork: singleton=true private=false
last_status: singleton=true private=false
spawn: singleton=true private=false
-- Kernel's converted rows answer as class methods too
true
"01.50"
true
