[true, false, false, true, true, false, false, true]
[true, false, false, true, true, true, false, false]
[true, true, false, true, true, true, false]
[true, true, true, false, false, false, true, false, true]
[true, true, false, false, true, true, true, false]
[true, false, false, true, true, false]
[true, false, true, true, true, false, true, false, true, true]
[true, true, false, true, false, true, true, true]
[true, true, false, false, true]
[true, true, false, true, false, false, false, true]
[true, false, false, true, true, false, false, false]
[true, false, false, true, false, true]
[true, true, false, true]
[true, true, false, false, false, false, false, false, false]
[false, true, true, false, false]
[true, true, false, true, true, false, true, false, false, true]
[true, false, true, false]
[true, true, true, true, false, true, true, false]
[false, true]
[false, true, true, false, false, false, true]
[false, true, true, false, true, false]
[false, false, false, true, true]
:self
:same_message
:same_members
:same_instant
:same_match
:not_a_fiber
false
true
[nil, true]
false
receiver
false
receiver
false
receiver
true
Set: [true, true, false]
Time: [true, true, false]
Date: [true, true, false]
DateTime: [true, true, false]
Pathname: [true, true, false]
BigDecimal: [true, true, false]
Encoding: [true, true, true]
Range: [true, true, false]
ArithSeq: [true, true, false]
Rational: [true, true, false]
Regexp: [true, true, false]
Pointer: [true, false, false]
Exception: [true, false, false]
Lazy: [false, false, false]
Enumerator: [false, false, false]
Tms: [true, true, false]
