-- identity --
OpenSSL::SSL::SSLSocket
"PINIT"
true
true
true
-- forwarded to the socket --
false
true
true
"AF_INET"
"127.0.0.1"
-- session cache constants --
[0, 1, 2, 3]
[128, 256, 512, 768]
513
-- before the handshake --
nil
[OpenSSL::SSL::SSLError, "Peer verification enabled, but no certificate received."]
true
