empty range in char class: /[z-a]/
empty range in char class: /[z-a]/i
empty range in char class: /[z-a]/x
empty range in char class: /[z-a]/m
empty range in char class: /[z-a]/ix
empty range in char class: /[z-a]/mi
empty range in char class: /[z-a]/mx
empty range in char class: /[z-a]/mix
empty range in char class: /(?i)[z-a]/
empty range in char class: /(?-i)[z-a]/i
empty range in char class: /(?m)[z-a]/
empty range in char class: /(?-m)[z-a]/m
"/a/mix"
"/a/m"
"/a/"
invalid group name <1>: /(?<1>a)/m
char-class value at end of range: /[a-\d]/i
compiled
