[0, 1, 2, 3, 3, 3, 5, 7, 8, 9]
[9, 8, 7, 5, 3, 3, 3, 2, 1, 0]
[5, 3, 9, 1, 3, 7, 0, 3, 8, 2]
[0, 1, 2, 3, 3, 3, 5, 7, 8, 9]
["Apple", "apple", "banana", "date", "fig", "Fig", "kiwi", "pear"]
[[0, "b"], [0, "d"], [1, "a"], [1, "c"], [1, "f"], [2, "e"]]
[-1.0, 0.0, 2.25, 3.5]
[]
[7]
[1, 2]
[["a", 1], ["b", 2], ["c", 3]]
[1, 2, 3]
true
0
2002
[[0, 0], [0, 3], [0, 6], [0, 9], [0, 12], [0, 15]]
