scan .: ["a", "\u0000", "b", "\u0000", "c"]
scan (.): [["a"], ["\u0000"], ["b"], ["\u0000"], ["c"]]
scan NUL: ["\u0000", "\u0000"]
$~ capture: "\u0000"
$1: "\u0000"
post_match: "\u0000c"
pre_match: "a\u0000"
gsub block: "[97][0][98][0][99]"
split keep: ["a", "\u0000", "b", "\u0000", "c"]
slice re: "\u0000"
sub rep NUL: "ax\u0000y"
gsub rep NUL: "\u0000\u0000"
gsub blk NUL: "\u0000\u0000"
Regexp.new: 0
source: [97, 0, 98]
match at pos: [0]
source bytes: [97, 0, 98]
to_s bytes: [40, 63, 45, 109, 105, 120, 58, 97, 92, 120, 48, 48, 98, 41]
inspect bytes: [47, 97, 92, 120, 48, 48, 98, 47]
escape: [97, 0, 98]
union 1: [97, 0, 98]
union 2: [97, 0, 98, 124, 122]
union match: 0
to_s slash: "(?-mix:a\\/b)"
split pieces: [5, 5]
split mid: [1, 1]
split plain: [1, 2]
to_a: ["a\u0000b\u0000c", "\u0000", "\u0000"]
captures: ["\u0000", "\u0000"]
values_at: ["\u0000", "\u0000"]
named: {"p" => "\u0000"}
begin/end: [1, 2]
