begin: written second, runs first
"hello"
"world"
nil
"hello world"
""
""
MatchData
["x", "y", "z"]
[nil, nil, nil]
"b"
"1"
"ello"
"ll"
["ll", "o"]
"h"
""
John
Smith
3
"123"
nil
own_m: NoMethodError
inherited_m: NoMethodError
"from Base"
"kept"
false
false
["hi", "hi"]
5
7
[9, 9]
nil
"now"
{x: 1, name: "shorthand"}
left/right
:hello_world
:sum_2
:plain
Symbol
when-splat: hit
when-splat: miss
when-splat: mixed hit
when-splat: class hit
when-splat: empty ok
[1, 2]
[]
[1]
[1, 2, 3]
[[:a, 1]]
["str"]
[7, 8]
[1, nil]
[1, 2]
[nil, nil]
[1, 2]
[1]
end: written first, runs last
