read	IOError: not opened for reading
gets	IOError: not opened for reading
getc	IOError: not opened for reading
getbyte	IOError: not opened for reading
readchar	IOError: not opened for reading
readbyte	IOError: not opened for reading
readline	IOError: not opened for reading
readlines	IOError: not opened for reading
readpartial	IOError: not opened for reading
sysread	IOError: not opened for reading
read_nonblock	IOError: not opened for reading
each_line	IOError: not opened for reading
each_char	IOError: not opened for reading
each_codepoint	IOError: not opened for reading
eof?	IOError: not opened for reading
write	IOError: not opened for writing
print	IOError: not opened for writing
<<	IOError: not opened for writing
puts	IOError: not opened for writing
printf	IOError: not opened for writing
putc	IOError: not opened for writing
syswrite	IOError: not opened for writing
write_nonblock	IOError: not opened for writing
truncate	IOError: not opened for writing
content	"abcd\n"
rw read	"abcd\n"
rw write	1
rw eof?	true
