[ArgumentError, "must be called with a block"]
[ArgumentError, "unknown event: bogus"]
false
#<TracePoint:disabled>
[RuntimeError, "access from outside"]
42
false
false
true
true
false
[:line, 60, nil, nil, ""]
[:call, 6, :hum, :hum, "Object"]
[:line, 7, :hum, :hum, "Object"]
[:line, 8, :hum, :hum, "Object"]
[:return, 9, :hum, :hum, "Object"]
[:line, 61, nil, nil, ""]
[:call, 19, :tempo, :tempo, "#<Class:Melody>"]
[:line, 20, :tempo, :tempo, "#<Class:Melody>"]
[:return, 21, :tempo, :tempo, "#<Class:Melody>"]
[:line, 62, nil, nil, ""]
"#<TracePoint:call 'hum' tracepoint.rb:6>"
#<TracePoint:disabled>
[:line, 80, nil, ""]
[:class, 80, nil, ""]
[:line, 81, nil, ""]
[:end, 82, nil, ""]
[:line, 83, nil, ""]
[11, 21]
[90, nil]
[90, nil]
[90, nil]
[91, nil]
[:call, 11, :unwind]
[:raise, 12, :unwind, [IndexError, "deep"]]
[:return, :unwind]
[RuntimeError, "not supported by this event"]
[[:b, :hum], [:a, :hum]]
[TracePoint, true]
false
4
