settings_path_kind	"struct"
files_path_kind	"class"
files_sub_superclass	"Files::Path"
files_sub_kind	"class"
files_sub_name	"Files::Sub"
files_path_identity	true
files_sub_identity	true
files_constants	"[:Path, :Sub]"
early_tagged_superclass	"Early::Token"
early_tagged_kind	"class"
late_token_kind	"runtime"
real_derived_superclass	true
real_derived_kind	"runtime-base"
real_derived_extra	7
real_derived_name	"Real::Derived"
outer_uses_superclass	true
outer_uses_kind	"inner-impl"
toplevel_marker	7
holder_marker_kind	"nested"
holder_uses_superclass	"Holder::Marker"
a1_value_where	"A1"
b1_uses_where	"B1"
b1_uses_superclass	"B1::Value"
c1_value	3
mint_shape_kind	"minted"
plain_shape_one	1
plain_shape_two	2
plain_shape_ancestors	"Plain::Shape"
reopen_thing_one	1
reopen_thing_two	2
reopen_thing_count	1
agree_defined_leaf	"constant"
agree_defined_branch	"constant"
agree_get_equals_read	true
agree_branch_instance	true
kinda_mixed_class	"Module"
kindb_mixed_class	"Class"
kindb_uses_superclass	"KindB::Mixed"
