"Delegator"
true
false
true
false
"REFERENT"
true
true
false
true
"instance-variable"
TaggedRef2
true
"HELD"
true
["TaggedRef2", "WeakRef", "Delegator"]
"wrong number of arguments (given 0, expected 1)"
"wrong number of arguments (given 2, expected 1)"
"StandardError"
true
"Delegator"
"Delegator"
2
