---
:x: hi
:y: 2
{x: "hi", y: 2}
[":x", :x]
[":X", :X]
[":a-b", :"a-b"]
[":1", :"1"]
[":@iv", :@iv]
[":+", :+]
[":x y", :"x y"]
["::a", :":a"]
"--- :with space\n"
:"with space"
[:a, ":b", ":c"]
{a: 1, ":b" => 2}
":not a symbol\n"
":also not\n"
{a: {b: [:c, "d"]}}
{[:k] => :v}
[{one: 1}, {two: :owt}]
[1, nil, nil, true, false, 31, 3.5, Infinity, -Infinity, ""]
["1_000", 1000]
["_1", "_1"]
["1_", "1_"]
["1__0", "1__0"]
["-1_2", -12]
["1_000.5", 1000.5]
["a_1", "a_1"]
[{a: 1}, [:b]]
nil
{}
[]
