3
red
green
blue
red
blue
x=10
y=20
tag
more
2
alpha
beta
4
red
yellow
yellow
red
green
blue
yellow
5
purple
true
false
4
red
2
red
apple
banana
cherry
red
green
blue
yellow
1
2
3
true
false
false
4
4
Alice
admin
2
true
false
a@b.c
3
[:a, :b, :c]
[1, 2, 3]
3
3
[:name, :role]
["Alice", "admin"]
[:name, :age, :active]
["Alice", 30, true]
["name", "age", "active"]
["Alice", 30, true]
a
b
c
Alice
admin
name
age
active
Alice
30
true
hello
5
false
true
false
true
dynamic
hello
foo
-1
1
0
:hello
1
two
three
4.0
true
false
false
true
true
false
true
false
false
1
true
hello
true
HELLO
HELLO
MIXEDCASE
A
_
hello
hello
mixedcase
z
foo
BAR
true
true
true
UTF-8
