"NilClass"
"Integer"
"NilClass"
"Integer"
"NilClass"
"Integer"
"NilClass"
"NilClass"
"Integer"
"NilClass"
"Integer"
"NilClass"
"NilClass"
"Integer"
"NilClass"
"NilClass"
"NilClass"
"Float"
"NilClass"
"Integer"
"NilClass"
"Float"
true
false
false
true
false
"NilClass"
"Integer"
"NilClass"
"Integer"
[nil, 1, nil]
[nil, nil, 1]
