"12"
"ab"
"1.52.5"
"12"
"123"
"ab"
"12"
"12"
"1-2"
"ab"
[TypeError, "no implicit conversion of false into String"]
[TypeError, "no implicit conversion of true into String"]
[TypeError, "no implicit conversion of Integer into String"]
[TypeError, "no implicit conversion of Symbol into String"]
"12"
[TypeError, "no implicit conversion of false into String"]
