"aGk="
"aGVsbG8gd29ybGQ="
""
"YQ=="
"YWI="
"YWJj"
"aGk=\n"
"aGVsbG8gd29ybGQ=\n"
"QmFzZTY0IHF1aWNrbHkgd3JhcHMgTWF0eidzIGpveWZ1bCBSdWJ5IGdlbXMg\naW4gdml2aWQgaGV4IGZvciB0aGUgd2lyZS4=\n"
"YQBi"
"hello=\n"
"caf=C3=A9=\n"
"x=3Dy=\n"
"abc   =\n"
"a\t=\n"
"AAAAAAAAAAAAAAAAAAAAAAAAAAAAAAAAAAAAAAAAAAAAAAAAAAAAAAAAAAAAAAAAAAAAAAAA=\n"
"AAAAAAAAAAAAAAAAAAAAAAAAAAAAAAAAAAAAAAAAAAAAAAAAAAAAAAAAAAAAAAAAAAAAAAAAA=\n"
"xxxxxxxxxxxxxxxxxxxxxxxxxxxxxxxxxxxxxxxxxxxxxxxxxxxxxxxxxxxxxxxxxxxxxxxxx=\nxxxxxxx=\n"
"ab   =\n"
"aGk="
