nil
nil
nil
nil
nil
nil
nil
nil
nil
nil
nil
false
true
false
nil
nil
true
true
9
nil
true
nil
nil
nil
nil
false
nil
nil
true
true
false
true
false
true
true
3
nil
nil
nil
nil
nil
nil
nil
nil
3
3.0
nil
nil
false
nil
false
nil
nil
true
false
0
0.0
""
"nil"
true
1
1.0
5
5.0
0
1
NoMethodError
NoMethodError
NoMethodError
true
false
true
true
true
true
NoMethodError
