1
2
[1, 2]
[:x, :y]
[:x, :y]
2
2
true
false
true
true
[]
nil
false
[:@note]
"hi"
1
1
2
2
1
2
[10, 20]
{x: 10, y: 20}
"#<struct Point x=10, y=20>"
"#<struct Point x=10, y=20>"
[1, nil]
[nil, nil]
ArgumentError
IndexError
NameError
10 20 
x=10 y=20 
10
20
[10, 20]
[10, 20]
[10, 20]
[10, 20]
[3, 4]
true
true
Struct
[10, 20]
[10, 20]
false
[20, 40]
[20]
true
[4, 5]
[:x, :y]
9
4
true
2
FrozenError
