---
source: crates/zeo-tests/tests/diagnostics.rs
expression: render(err)
---
zeo::analyze

  × `prepend M` inside `class << self` isn't supported when M defines `prepended`/`prepend_features` (zeo limitation: the hook takes the singleton class, which zeo cannot name)
    ╭─[-e:6:1]
  5 │     end
  6 │ ╭─▶ class K
  7 │ │     class << self
  8 │ │       prepend M
  9 │ │     end
 10 │ ├─▶ end
    · ╰──── rejected here
    ╰────
