---
source: crates/zeo/tests/clif.rs
expression: "clif_of(\"p defined?(@x)\\np defined?($~)\\np defined?(puts)\\np defined?(Math::PI)\\n\",)"
---
;; zeo_toplevel
function u0:0(i64) -> i32 ccall {
    ss0 = explicit_slot 24, align = 8
    ss1 = explicit_slot 0, align = 8
    ss2 = explicit_slot 8, align = 8
    ss3 = explicit_slot 24, align = 8
    ss4 = explicit_slot 24, align = 8
    ss5 = explicit_slot 24, align = 8
    ss6 = explicit_slot 24, align = 8
    ss7 = explicit_slot 24, align = 8
    ss8 = explicit_slot 24, align = 8
    ss9 = explicit_slot 24, align = 8
    ss10 = explicit_slot 24, align = 8
    gv0 = symbol colocated userextname0
    gv1 = symbol colocated userextname1
    gv2 = symbol userextname3
    gv3 = symbol userextname6
    gv4 = symbol userextname3
    gv5 = symbol colocated userextname15
    gv6 = symbol userextname3
    gv7 = symbol colocated userextname15
    gv8 = symbol userextname3
    gv9 = symbol colocated userextname15
    gv10 = symbol userextname3
    gv11 = symbol colocated userextname15
    gv12 = symbol userextname3
    sig0 = () -> i64 ccall
    sig1 = (i64, i64, i64, i64, i32, i32) -> i32 ccall
    sig2 = (i64, i64, i64, i64, i32, i32) ccall
    sig3 = () -> i32 ccall
    sig4 = (i64) ccall
    sig5 = (i64) ccall
    sig6 = (i64, i64, i64, i64, i64, i64, i32, i32, i32, i64) ccall
    sig7 = (i32, i64, i64, i64, i64, i64, i32) ccall
    sig8 = (i32) ccall
    sig9 = (i64, i64, i64, i64) -> i32 ccall
    sig10 = (i64, i64, i8 uext, i64) ccall
    sig11 = (i64, i32, i64, i32, i64, i64, i64, i64) -> i32 ccall
    sig12 = (i64) ccall
    sig13 = (i64, i32, i8 uext, i64) ccall
    sig14 = (i32, i64, i64) -> i8 ccall
    sig15 = (i32, i64, i64) -> i8 ccall
    sig16 = () ccall
    fn0 = colocated u0:1 sig0
    fn1 = colocated u0:2 sig1
    fn2 = colocated u0:3 sig2
    fn3 = colocated u0:4 sig3
    fn4 = colocated u0:5 sig4
    fn5 = colocated u0:6 sig5
    fn6 = colocated u0:7 sig6
    fn7 = colocated u0:8 sig7
    fn8 = colocated u0:9 sig8
    fn9 = colocated u0:10 sig9
    fn10 = colocated u0:11 sig10
    fn11 = colocated u0:12 sig11
    fn12 = colocated u0:13 sig12
    fn13 = colocated u0:14 sig13
    fn14 = colocated u0:15 sig14
    fn15 = colocated u0:16 sig15
    fn16 = colocated u0:17 sig16

block0(v0: i64):
    v1 = symbol_value.i64 gv0
    v2 = symbol_value.i64 gv1
    v3 = iconst.i64 2
    v4 = iconst.i64 2
    v5 = iadd v1, v4  ; v4 = 2
    v6 = iconst.i64 6
    v7 = iconst.i32 0
    v8 = call fn0()
    v9 = symbol_value.i64 gv2
    v10 = load.i16 notrap aligned v9
    v11 = iconst.i16 512
    v12 = band v10, v11  ; v11 = 512
    brif v12, block2, block3

block2 cold:
    v13 = call fn1(v1, v3, v5, v6, v7, v7)  ; v3 = 2, v6 = 6, v7 = 0, v7 = 0
    brif v13, block1, block5

block5:
    jump block4

block3:
    v14 = load.i64 notrap aligned v8
    v15 = load.i64 notrap aligned v8+16
    v16 = icmp eq v14, v15
    brif v16, block6, block7

block6 cold:
    call fn2(v1, v3, v5, v6, v7, v7)  ; v3 = 2, v6 = 6, v7 = 0, v7 = 0
    jump block8

block7:
    store.i64 notrap aligned v1, v14
    store.i64 notrap aligned v3, v14+8  ; v3 = 2
    store.i64 notrap aligned v5, v14+16
    store.i64 notrap aligned v6, v14+24  ; v6 = 6
    store.i32 notrap aligned v7, v14+32  ; v7 = 0
    store.i32 notrap aligned v7, v14+36  ; v7 = 0
    v17 = load.i64 notrap aligned v8+24
    v18 = load.i64 notrap aligned v8+32
    v19 = isub v17, v18
    v20 = iconst.i64 24
    v21 = udiv v19, v20  ; v20 = 24
    v22 = ireduce.i32 v21
    store notrap aligned v22, v14+40
    v23 = iconst.i64 48
    v24 = iadd.i64 v14, v23  ; v23 = 48
    store notrap aligned v24, v8
    jump block8

block8:
    v25 = symbol_value.i64 gv3
    v26 = load.i32 notrap aligned v25
    brif v26, block9, block10

block9 cold:
    v27 = call fn3()
    brif v27, block1, block10

block10:
    jump block4

block4:
    v28 = stack_addr.i64 ss0
    call fn4(v28)
    call fn5(v28)
    v29 = stack_addr.i64 ss1
    v30 = iconst.i64 0
    v31 = stack_addr.i64 ss2
    v32 = iconst.i64 2
    v33 = iadd.i64 v1, v32  ; v32 = 2
    v34 = iconst.i64 6
    v35 = iconst.i32 0
    v36 = iconst.i32 0
    v37 = iconst.i32 -1
    v38 = stack_addr.i64 ss3
    call fn6(v28, v29, v31, v30, v33, v34, v35, v36, v37, v38)  ; v30 = 0, v34 = 6, v35 = 0, v36 = 0, v37 = -1
    v39 = stack_addr.i64 ss3
    v40 = load.i8 notrap aligned v39
    v41 = iconst.i8 16
    v42 = icmp uge v40, v41  ; v41 = 16
    brif v42, block11, block12

block11:
    call fn5(v39)
    jump block12

block12:
    v43 = iconst.i64 8
    v44 = iadd.i64 v1, v43  ; v43 = 8
    v45 = iconst.i64 16
    v46 = iconst.i64 2
    v47 = iadd.i64 v1, v46  ; v46 = 2
    v48 = iconst.i64 6
    v49 = iconst.i32 0
    v50 = iconst.i32 0
    call fn7(v49, v44, v45, v39, v47, v48, v50)  ; v49 = 0, v45 = 16, v48 = 6, v50 = 0
    v51 = load.i64 notrap aligned v8+24
    v52 = load.i64 notrap aligned v8+32
    v53 = isub v51, v52
    v54 = iconst.i64 24
    v55 = udiv v53, v54  ; v54 = 24
    v56 = iconst.i32 1
    v57 = symbol_value.i64 gv4
    v58 = load.i16 notrap aligned v57
    v59 = iconst.i16 512
    v60 = band v58, v59  ; v59 = 512
    brif v60, block13, block14

block13 cold:
    call fn8(v56)  ; v56 = 1
    jump block15

block14:
    v61 = load.i64 notrap aligned v8
    v62 = load.i64 notrap aligned v8+8
    v63 = icmp eq v61, v62
    brif v63, block15, block16

block16:
    store.i32 notrap aligned v56, v61-16  ; v56 = 1
    jump block15

block15:
    v64 = iconst.i64 24
    v65 = iadd.i64 v1, v64  ; v64 = 24
    v66 = iconst.i64 1
    v67 = stack_addr.i64 ss5
    v68 = call fn9(v28, v65, v66, v67)  ; v66 = 1
    brif v68, block1, block17

block17:
    v69 = load.i8 notrap aligned v67
    v70 = stack_addr.i64 ss6
    brif v69, block18, block19

block18:
    v71 = iconst.i64 25
    v72 = iadd.i64 v1, v71  ; v71 = 25
    v73 = iconst.i64 17
    v74 = iconst.i8 1
    call fn10(v72, v73, v74, v70)  ; v73 = 17, v74 = 1
    jump block20

block19:
    v75 = iconst.i64 0
    store notrap aligned v75, v70  ; v75 = 0
    store notrap aligned v75, v70+8  ; v75 = 0
    store notrap aligned v75, v70+16  ; v75 = 0
    jump block20

block20:
    v76 = stack_addr.i64 ss6
    v77 = load.i8 notrap aligned v76
    v78 = iconst.i8 16
    v79 = icmp uge v77, v78  ; v78 = 16
    brif v79, block21, block22

block21:
    call fn5(v76)
    jump block22

block22:
    v80 = stack_addr.i64 ss4
    v81 = stack_addr.i64 ss6
    v82 = load.i64 notrap aligned v81
    store notrap aligned v82, v80
    v83 = load.i64 notrap aligned v81+8
    store notrap aligned v83, v80+8
    v84 = load.i64 notrap aligned v81+16
    store notrap aligned v84, v80+16
    v85 = stack_addr.i64 ss4
    v86 = load.i32 notrap aligned v2
    v87 = iconst.i32 0
    v88 = iconst.i64 1
    v89 = iconst.i64 0
    v90 = stack_addr.i64 ss7
    v91 = symbol_value.i64 gv5
    v92 = call fn11(v91, v87, v28, v86, v85, v88, v89, v90)  ; v87 = 0, v88 = 1, v89 = 0
    brif v92, block1, block23

block23:
    v93 = stack_addr.i64 ss7
    v94 = load.i8 notrap aligned v93
    v95 = iconst.i8 16
    v96 = icmp uge v94, v95  ; v95 = 16
    brif v96, block24, block25

block24:
    call fn5(v93)
    jump block25

block25:
    v97 = load.i64 notrap aligned v8+24
    v98 = load.i64 notrap aligned v8+32
    v99 = isub v97, v98
    v100 = iconst.i64 24
    v101 = udiv v99, v100  ; v100 = 24
    v102 = icmp ugt v101, v55
    brif v102, block26, block27

block26 cold:
    call fn12(v55)
    jump block27

block27:
    v103 = load.i64 notrap aligned v8+24
    v104 = load.i64 notrap aligned v8+32
    v105 = isub v103, v104
    v106 = iconst.i64 24
    v107 = udiv v105, v106  ; v106 = 24
    v108 = iconst.i32 2
    v109 = symbol_value.i64 gv6
    v110 = load.i16 notrap aligned v109
    v111 = iconst.i16 512
    v112 = band v110, v111  ; v111 = 512
    brif v112, block28, block29

block28 cold:
    call fn8(v108)  ; v108 = 2
    jump block30

block29:
    v113 = load.i64 notrap aligned v8
    v114 = load.i64 notrap aligned v8+8
    v115 = icmp eq v113, v114
    brif v115, block30, block31

block31:
    store.i32 notrap aligned v108, v113-16  ; v108 = 2
    jump block30

block30:
    v116 = stack_addr.i64 ss7
    v117 = iconst.i64 42
    v118 = iadd.i64 v1, v117  ; v117 = 42
    v119 = iconst.i64 15
    v120 = iconst.i8 1
    call fn10(v118, v119, v120, v116)  ; v119 = 15, v120 = 1
    v121 = stack_addr.i64 ss7
    call fn5(v121)
    v122 = stack_addr.i64 ss8
    v123 = stack_addr.i64 ss7
    v124 = load.i64 notrap aligned v123
    store notrap aligned v124, v122
    v125 = load.i64 notrap aligned v123+8
    store notrap aligned v125, v122+8
    v126 = load.i64 notrap aligned v123+16
    store notrap aligned v126, v122+16
    v127 = stack_addr.i64 ss8
    v128 = load.i32 notrap aligned v2
    v129 = iconst.i32 0
    v130 = iconst.i64 1
    v131 = iconst.i64 0
    v132 = stack_addr.i64 ss6
    v133 = symbol_value.i64 gv7
    v134 = iconst.i64 56
    v135 = iadd v133, v134  ; v134 = 56
    v136 = call fn11(v135, v129, v28, v128, v127, v130, v131, v132)  ; v129 = 0, v130 = 1, v131 = 0
    brif v136, block1, block32

block32:
    v137 = stack_addr.i64 ss6
    v138 = load.i8 notrap aligned v137
    v139 = iconst.i8 16
    v140 = icmp uge v138, v139  ; v139 = 16
    brif v140, block33, block34

block33:
    call fn5(v137)
    jump block34

block34:
    v141 = load.i64 notrap aligned v8+24
    v142 = load.i64 notrap aligned v8+32
    v143 = isub v141, v142
    v144 = iconst.i64 24
    v145 = udiv v143, v144  ; v144 = 24
    v146 = icmp ugt v145, v107
    brif v146, block35, block36

block35 cold:
    call fn12(v107)
    jump block36

block36:
    v147 = load.i64 notrap aligned v8+24
    v148 = load.i64 notrap aligned v8+32
    v149 = isub v147, v148
    v150 = iconst.i64 24
    v151 = udiv v149, v150  ; v150 = 24
    v152 = iconst.i32 3
    v153 = symbol_value.i64 gv8
    v154 = load.i16 notrap aligned v153
    v155 = iconst.i16 512
    v156 = band v154, v155  ; v155 = 512
    brif v156, block37, block38

block37 cold:
    call fn8(v152)  ; v152 = 3
    jump block39

block38:
    v157 = load.i64 notrap aligned v8
    v158 = load.i64 notrap aligned v8+8
    v159 = icmp eq v157, v158
    brif v159, block39, block40

block40:
    store.i32 notrap aligned v152, v157-16  ; v152 = 3
    jump block39

block39:
    v160 = stack_addr.i64 ss6
    v161 = stack_addr.i64 ss7
    v162 = load.i32 notrap aligned v2+4
    v163 = iconst.i8 1
    call fn13(v28, v162, v163, v161)  ; v163 = 1
    jump block42

block42:
    v164 = load.i8 notrap aligned v161
    brif v164, block43, block44

block43:
    v165 = iconst.i64 57
    v166 = iadd.i64 v1, v165  ; v165 = 57
    v167 = iconst.i64 6
    v168 = iconst.i8 1
    call fn10(v166, v167, v168, v160)  ; v167 = 6, v168 = 1
    jump block41

block44:
    v169 = iconst.i64 0
    store notrap aligned v169, v160  ; v169 = 0
    store notrap aligned v169, v160+8  ; v169 = 0
    store notrap aligned v169, v160+16  ; v169 = 0
    jump block41

block41:
    v170 = stack_addr.i64 ss6
    v171 = load.i8 notrap aligned v170
    v172 = iconst.i8 16
    v173 = icmp uge v171, v172  ; v172 = 16
    brif v173, block45, block46

block45:
    call fn5(v170)
    jump block46

block46:
    v174 = stack_addr.i64 ss9
    v175 = stack_addr.i64 ss6
    v176 = load.i64 notrap aligned v175
    store notrap aligned v176, v174
    v177 = load.i64 notrap aligned v175+8
    store notrap aligned v177, v174+8
    v178 = load.i64 notrap aligned v175+16
    store notrap aligned v178, v174+16
    v179 = stack_addr.i64 ss9
    v180 = load.i32 notrap aligned v2
    v181 = iconst.i32 0
    v182 = iconst.i64 1
    v183 = iconst.i64 0
    v184 = stack_addr.i64 ss5
    v185 = symbol_value.i64 gv9
    v186 = iconst.i64 112
    v187 = iadd v185, v186  ; v186 = 112
    v188 = call fn11(v187, v181, v28, v180, v179, v182, v183, v184)  ; v181 = 0, v182 = 1, v183 = 0
    brif v188, block1, block47

block47:
    v189 = stack_addr.i64 ss5
    v190 = load.i8 notrap aligned v189
    v191 = iconst.i8 16
    v192 = icmp uge v190, v191  ; v191 = 16
    brif v192, block48, block49

block48:
    call fn5(v189)
    jump block49

block49:
    v193 = load.i64 notrap aligned v8+24
    v194 = load.i64 notrap aligned v8+32
    v195 = isub v193, v194
    v196 = iconst.i64 24
    v197 = udiv v195, v196  ; v196 = 24
    v198 = icmp ugt v197, v151
    brif v198, block50, block51

block50 cold:
    call fn12(v151)
    jump block51

block51:
    v199 = load.i64 notrap aligned v8+24
    v200 = load.i64 notrap aligned v8+32
    v201 = isub v199, v200
    v202 = iconst.i64 24
    v203 = udiv v201, v202  ; v202 = 24
    v204 = iconst.i32 4
    v205 = symbol_value.i64 gv10
    v206 = load.i16 notrap aligned v205
    v207 = iconst.i16 512
    v208 = band v206, v207  ; v207 = 512
    brif v208, block52, block53

block52 cold:
    call fn8(v204)  ; v204 = 4
    jump block54

block53:
    v209 = load.i64 notrap aligned v8
    v210 = load.i64 notrap aligned v8+8
    v211 = icmp eq v209, v210
    brif v211, block54, block55

block55:
    store.i32 notrap aligned v204, v209-16  ; v204 = 4
    jump block54

block54:
    v212 = iconst.i32 29
    v213 = iconst.i64 63
    v214 = iadd.i64 v1, v213  ; v213 = 63
    v215 = iconst.i64 2
    v216 = call fn14(v212, v214, v215)  ; v212 = 29, v215 = 2
    v217 = stack_addr.i64 ss5
    brif v216, block56, block57

block56:
    v218 = iconst.i64 0
    store notrap aligned v218, v217  ; v218 = 0
    store notrap aligned v218, v217+8  ; v218 = 0
    store notrap aligned v218, v217+16  ; v218 = 0
    jump block58

block57:
    v219 = iconst.i32 29
    v220 = iconst.i64 63
    v221 = iadd.i64 v1, v220  ; v220 = 63
    v222 = iconst.i64 2
    v223 = call fn15(v219, v221, v222)  ; v219 = 29, v222 = 2
    brif v223, block59, block60

block59:
    v224 = iconst.i64 65
    v225 = iadd.i64 v1, v224  ; v224 = 65
    v226 = iconst.i64 8
    v227 = iconst.i8 1
    call fn10(v225, v226, v227, v217)  ; v226 = 8, v227 = 1
    jump block58

block60:
    v228 = iconst.i64 0
    store notrap aligned v228, v217  ; v228 = 0
    store notrap aligned v228, v217+8  ; v228 = 0
    store notrap aligned v228, v217+16  ; v228 = 0
    jump block58

block58:
    v229 = stack_addr.i64 ss5
    v230 = load.i8 notrap aligned v229
    v231 = iconst.i8 16
    v232 = icmp uge v230, v231  ; v231 = 16
    brif v232, block61, block62

block61:
    call fn5(v229)
    jump block62

block62:
    v233 = stack_addr.i64 ss10
    v234 = stack_addr.i64 ss5
    v235 = load.i64 notrap aligned v234
    store notrap aligned v235, v233
    v236 = load.i64 notrap aligned v234+8
    store notrap aligned v236, v233+8
    v237 = load.i64 notrap aligned v234+16
    store notrap aligned v237, v233+16
    v238 = stack_addr.i64 ss10
    v239 = load.i32 notrap aligned v2
    v240 = iconst.i32 0
    v241 = iconst.i64 1
    v242 = iconst.i64 0
    v243 = stack_addr.i64 ss7
    v244 = symbol_value.i64 gv11
    v245 = iconst.i64 168
    v246 = iadd v244, v245  ; v245 = 168
    v247 = call fn11(v246, v240, v28, v239, v238, v241, v242, v243)  ; v240 = 0, v241 = 1, v242 = 0
    brif v247, block1, block63

block63:
    v248 = stack_addr.i64 ss7
    v249 = load.i8 notrap aligned v248
    v250 = iconst.i8 16
    v251 = icmp uge v249, v250  ; v250 = 16
    brif v251, block64, block65

block64:
    call fn5(v248)
    jump block65

block65:
    v252 = load.i64 notrap aligned v8+24
    v253 = load.i64 notrap aligned v8+32
    v254 = isub v252, v253
    v255 = iconst.i64 24
    v256 = udiv v254, v255  ; v255 = 24
    v257 = icmp ugt v256, v203
    brif v257, block66, block67

block66 cold:
    call fn12(v203)
    jump block67

block67:
    v259 = iconst.i64 0
    store notrap aligned v259, v0  ; v259 = 0
    store notrap aligned v259, v0+8  ; v259 = 0
    store notrap aligned v259, v0+16  ; v259 = 0
    v260 = iconst.i32 0
    jump block68(v260)  ; v260 = 0

block1:
    v261 = iconst.i32 1
    jump block68(v261)  ; v261 = 1

block68(v258: i32):
    v262 = symbol_value.i64 gv12
    v263 = load.i16 notrap aligned v262
    v264 = iconst.i16 512
    v265 = band v263, v264  ; v264 = 512
    brif v265, block69, block70

block69 cold:
    call fn16()
    jump block71

block70:
    v266 = load.i64 notrap aligned v8
    v267 = load.i64 notrap aligned v8+8
    v268 = icmp eq v266, v267
    brif v268, block71, block72

block72:
    v269 = iconst.i64 -48
    v270 = iadd.i64 v266, v269  ; v269 = -48
    store notrap aligned v270, v8
    v271 = load.i32 notrap aligned v270+40
    v272 = iconst.i32 -1
    v273 = icmp eq v271, v272  ; v272 = -1
    brif v273, block71, block73

block73:
    v274 = load.i64 notrap aligned v8+24
    v275 = load.i64 notrap aligned v8+32
    v276 = isub v274, v275
    v277 = iconst.i64 24
    v278 = udiv v276, v277  ; v277 = 24
    v279 = uextend.i64 v271
    v280 = icmp ugt v278, v279
    brif v280, block74, block71

block74 cold:
    call fn12(v279)
    jump block71

block71:
    return v258
}

;; zeo_unit_init
function u0:2() ccall {
    gv0 = symbol colocated userextname2
    gv1 = symbol colocated userextname3
    gv2 = symbol colocated userextname4
    gv3 = symbol colocated userextname5
    gv4 = symbol colocated userextname6
    gv5 = symbol colocated userextname8
    gv6 = symbol colocated userextname10
    gv7 = symbol colocated userextname12
    sig0 = (i64, i64, i64) ccall
    sig1 = (i64, i64, i64) ccall
    sig2 = (i64, i64) ccall
    sig3 = (i64, i64) ccall
    sig4 = (i64, i64) ccall
    sig5 = (i64, i64) ccall
    fn0 = u0:19 sig0
    fn1 = u0:20 sig1
    fn2 = u0:21 sig2
    fn3 = u0:22 sig3
    fn4 = u0:23 sig4
    fn5 = u0:24 sig5

block0:
    v0 = symbol_value.i64 gv0
    v1 = iconst.i64 2
    v2 = symbol_value.i64 gv2
    call fn0(v0, v1, v2)  ; v1 = 2
    v3 = symbol_value.i64 gv3
    v4 = symbol_value.i64 gv1
    v5 = iconst.i64 4
    call fn1(v3, v4, v5)  ; v5 = 4
    return
}

;; main
function u0:1(i32, i64) -> i32 ccall {
    gv0 = symbol colocated userextname1
    sig0 = (i32, i64, i64) -> i32 ccall
    fn0 = u0:26 sig0

block0(v0: i32, v1: i64):
    v2 = symbol_value.i64 gv0
    v3 = call fn0(v0, v1, v2)
    return v3
}
