---
source: crates/zeo/tests/clif.rs
expression: "clif_of(\"def kw(a, k: 1)\\n  p [a, k]\\nend\\nkw(2, k: 3)\\nkw(4)\\n\",)"
---
;; Object#kw
function u0:1(i64, i64, i64, i64) -> i32 ccall {
    ss0 = explicit_slot 24, align = 8
    ss1 = explicit_slot 24, align = 8
    ss2 = explicit_slot 24, align = 8
    ss3 = explicit_slot 24, align = 8
    ss4 = explicit_slot 24, align = 8
    ss5 = explicit_slot 24, align = 8
    ss6 = explicit_slot 24, align = 8
    gv0 = symbol colocated userextname0
    gv1 = symbol colocated userextname1
    gv2 = symbol userextname5
    gv3 = symbol userextname8
    gv4 = symbol userextname5
    gv5 = symbol colocated userextname15
    gv6 = symbol userextname5
    gv7 = symbol userextname5
    sig0 = () -> i32 ccall
    sig1 = (i64) ccall
    sig2 = () -> i64 ccall
    sig3 = (i64, i64, i64, i64, i32, i32) -> i32 ccall
    sig4 = (i64, i64, i64, i64, i32, i32) ccall
    sig5 = () -> i32 ccall
    sig6 = (i64) ccall
    sig7 = (i32) ccall
    sig8 = (i64, i64) ccall
    sig9 = (i64) ccall
    sig10 = (i64, i64) ccall
    sig11 = (i64, i32, i64, i32, i64, i64, i64, i64) -> i32 ccall
    sig12 = () ccall
    sig13 = (i64) ccall
    fn0 = colocated u0:2 sig0
    fn1 = colocated u0:3 sig1
    fn2 = colocated u0:4 sig2
    fn3 = colocated u0:5 sig3
    fn4 = colocated u0:6 sig4
    fn5 = colocated u0:7 sig5
    fn6 = colocated u0:8 sig6
    fn7 = colocated u0:9 sig7
    fn8 = colocated u0:10 sig8
    fn9 = colocated u0:11 sig9
    fn10 = colocated u0:12 sig10
    fn11 = colocated u0:13 sig11
    fn12 = colocated u0:14 sig12
    fn13 = colocated u0:15 sig13

block0(v0: i64, v1: i64, v2: i64, v3: i64):
    v157 = iconst.i64 0
    v158 = stack_addr.i64 ss0
    store notrap aligned v157, v158  ; v157 = 0
    store notrap aligned v157, v158+8  ; v157 = 0
    store notrap aligned v157, v158+16  ; v157 = 0
    v159 = stack_addr.i64 ss1
    store notrap aligned v157, v159  ; v157 = 0
    store notrap aligned v157, v159+8  ; v157 = 0
    store notrap aligned v157, v159+16  ; v157 = 0
    v4 = symbol_value.i64 gv0
    v5 = symbol_value.i64 gv1
    v6 = call fn0()
    brif v6, block3, block4

block3:
    v7 = iconst.i32 1
    return v7  ; v7 = 1

block4:
    v8 = stack_addr.i64 ss0
    v9 = load.i8 notrap aligned v1
    v10 = iconst.i8 16
    v11 = icmp uge v9, v10  ; v10 = 16
    brif v11, block5, block6

block5:
    call fn1(v1)
    jump block6

block6:
    v12 = load.i64 notrap aligned v1
    store notrap aligned v12, v8
    v13 = load.i64 notrap aligned v1+8
    store notrap aligned v13, v8+8
    v14 = load.i64 notrap aligned v1+16
    store notrap aligned v14, v8+16
    v15 = iconst.i64 2
    v16 = iconst.i64 2
    v17 = iadd.i64 v4, v16  ; v16 = 2
    v18 = iconst.i64 9
    v19 = iconst.i32 1
    v20 = iconst.i32 3
    v21 = call fn2()
    v22 = symbol_value.i64 gv2
    v23 = load.i16 notrap aligned v22
    v24 = iconst.i16 512
    v25 = band v23, v24  ; v24 = 512
    brif v25, block7, block8

block7 cold:
    v26 = call fn3(v4, v15, v17, v18, v19, v20)  ; v15 = 2, v18 = 9, v19 = 1, v20 = 3
    brif v26, block1, block10

block10:
    jump block9

block8:
    v27 = load.i64 notrap aligned v21
    v28 = load.i64 notrap aligned v21+16
    v29 = icmp eq v27, v28
    brif v29, block11, block12

block11 cold:
    call fn4(v4, v15, v17, v18, v19, v20)  ; v15 = 2, v18 = 9, v19 = 1, v20 = 3
    jump block13

block12:
    store.i64 notrap aligned v4, v27
    store.i64 notrap aligned v15, v27+8  ; v15 = 2
    store.i64 notrap aligned v17, v27+16
    store.i64 notrap aligned v18, v27+24  ; v18 = 9
    store.i32 notrap aligned v19, v27+32  ; v19 = 1
    store.i32 notrap aligned v20, v27+36  ; v20 = 3
    v30 = load.i64 notrap aligned v21+24
    v31 = load.i64 notrap aligned v21+32
    v32 = isub v30, v31
    v33 = iconst.i64 24
    v34 = udiv v32, v33  ; v33 = 24
    v35 = ireduce.i32 v34
    store notrap aligned v35, v27+40
    v36 = iconst.i64 48
    v37 = iadd.i64 v27, v36  ; v36 = 48
    store notrap aligned v37, v21
    jump block13

block13:
    v38 = symbol_value.i64 gv3
    v39 = load.i32 notrap aligned v38
    brif v39, block14, block15

block14 cold:
    v40 = call fn5()
    brif v40, block1, block15

block15:
    jump block9

block9:
    v41 = iconst.i64 0
    v42 = icmp.i64 ne v2, v41  ; v41 = 0
    brif v42, block16, block17

block16:
    v43 = stack_addr.i64 ss1
    v44 = load.i8 notrap aligned v2
    v45 = iconst.i8 16
    v46 = icmp uge v44, v45  ; v45 = 16
    brif v46, block19, block20

block19:
    call fn1(v2)
    jump block20

block20:
    v47 = load.i8 notrap aligned v43
    v48 = iconst.i8 16
    v49 = icmp uge v47, v48  ; v48 = 16
    brif v49, block21, block22

block21:
    call fn6(v43)
    jump block22

block22:
    v50 = load.i64 notrap aligned v2
    store notrap aligned v50, v43
    v51 = load.i64 notrap aligned v2+8
    store notrap aligned v51, v43+8
    v52 = load.i64 notrap aligned v2+16
    store notrap aligned v52, v43+16
    jump block18

block17:
    v53 = iconst.i64 1
    v54 = stack_addr.i64 ss1
    v55 = load.i8 notrap aligned v54
    v56 = iconst.i8 16
    v57 = icmp uge v55, v56  ; v56 = 16
    brif v57, block23, block24

block23:
    call fn6(v54)
    jump block24

block24:
    v58 = iconst.i8 2
    store notrap aligned v58, v54  ; v58 = 2
    store.i64 notrap aligned v53, v54+8  ; v53 = 1
    jump block18

block18:
    v59 = iconst.i32 2
    v60 = symbol_value.i64 gv4
    v61 = load.i16 notrap aligned v60
    v62 = iconst.i16 512
    v63 = band v61, v62  ; v62 = 512
    brif v63, block25, block26

block25 cold:
    call fn7(v59)  ; v59 = 2
    jump block27

block26:
    v64 = load.i64 notrap aligned v21
    v65 = load.i64 notrap aligned v21+8
    v66 = icmp eq v64, v65
    brif v66, block27, block28

block28:
    store.i32 notrap aligned v59, v64-16  ; v59 = 2
    jump block27

block27:
    v67 = stack_addr.i64 ss3
    v68 = iconst.i64 2
    call fn8(v68, v67)  ; v68 = 2
    call fn9(v67)
    v69 = stack_addr.i64 ss0
    v70 = stack_addr.i64 ss4
    v71 = load.i64 notrap aligned v69
    store notrap aligned v71, v70
    v72 = load.i64 notrap aligned v69+8
    store notrap aligned v72, v70+8
    v73 = load.i64 notrap aligned v69+16
    store notrap aligned v73, v70+16
    v74 = load.i8 notrap aligned v70
    v75 = iconst.i8 16
    v76 = icmp uge v74, v75  ; v75 = 16
    brif v76, block29, block30

block29:
    call fn1(v70)
    jump block30

block30:
    call fn10(v67, v70)
    v77 = stack_addr.i64 ss1
    v78 = stack_addr.i64 ss5
    v79 = load.i64 notrap aligned v77
    store notrap aligned v79, v78
    v80 = load.i64 notrap aligned v77+8
    store notrap aligned v80, v78+8
    v81 = load.i64 notrap aligned v77+16
    store notrap aligned v81, v78+16
    v82 = load.i8 notrap aligned v78
    v83 = iconst.i8 16
    v84 = icmp uge v82, v83  ; v83 = 16
    brif v84, block31, block32

block31:
    call fn1(v78)
    jump block32

block32:
    call fn10(v67, v78)
    v85 = stack_addr.i64 ss2
    v86 = load.i64 notrap aligned v67
    store notrap aligned v86, v85
    v87 = load.i64 notrap aligned v67+8
    store notrap aligned v87, v85+8
    v88 = load.i64 notrap aligned v67+16
    store notrap aligned v88, v85+16
    v89 = stack_addr.i64 ss2
    v90 = load.i32 notrap aligned v5
    v91 = iconst.i32 0
    v92 = iconst.i64 1
    v93 = iconst.i64 0
    v94 = stack_addr.i64 ss6
    v95 = symbol_value.i64 gv5
    v96 = call fn11(v95, v91, v0, v90, v89, v92, v93, v94)  ; v91 = 0, v92 = 1, v93 = 0
    brif v96, block1, block33

block33:
    v97 = stack_addr.i64 ss6
    v98 = load.i64 notrap aligned v97
    store notrap aligned v98, v3
    v99 = load.i64 notrap aligned v97+8
    store notrap aligned v99, v3+8
    v100 = load.i64 notrap aligned v97+16
    store notrap aligned v100, v3+16
    jump block2

block2:
    v101 = stack_addr.i64 ss0
    v102 = load.i8 notrap aligned v101
    v103 = iconst.i8 16
    v104 = icmp uge v102, v103  ; v103 = 16
    brif v104, block34, block35

block34:
    call fn6(v101)
    jump block35

block35:
    v105 = stack_addr.i64 ss1
    v106 = load.i8 notrap aligned v105
    v107 = iconst.i8 16
    v108 = icmp uge v106, v107  ; v107 = 16
    brif v108, block36, block37

block36:
    call fn6(v105)
    jump block37

block37:
    v109 = symbol_value.i64 gv6
    v110 = load.i16 notrap aligned v109
    v111 = iconst.i16 512
    v112 = band v110, v111  ; v111 = 512
    brif v112, block38, block39

block38 cold:
    call fn12()
    jump block40

block39:
    v113 = load.i64 notrap aligned v21
    v114 = load.i64 notrap aligned v21+8
    v115 = icmp eq v113, v114
    brif v115, block40, block41

block41:
    v116 = iconst.i64 -48
    v117 = iadd.i64 v113, v116  ; v116 = -48
    store notrap aligned v117, v21
    v118 = load.i32 notrap aligned v117+40
    v119 = iconst.i32 -1
    v120 = icmp eq v118, v119  ; v119 = -1
    brif v120, block40, block42

block42:
    v121 = load.i64 notrap aligned v21+24
    v122 = load.i64 notrap aligned v21+32
    v123 = isub v121, v122
    v124 = iconst.i64 24
    v125 = udiv v123, v124  ; v124 = 24
    v126 = uextend.i64 v118
    v127 = icmp ugt v125, v126
    brif v127, block43, block40

block43 cold:
    call fn13(v126)
    jump block40

block40:
    v128 = iconst.i32 0
    return v128  ; v128 = 0

block1:
    v129 = stack_addr.i64 ss0
    v130 = load.i8 notrap aligned v129
    v131 = iconst.i8 16
    v132 = icmp uge v130, v131  ; v131 = 16
    brif v132, block44, block45

block44:
    call fn6(v129)
    jump block45

block45:
    v133 = stack_addr.i64 ss1
    v134 = load.i8 notrap aligned v133
    v135 = iconst.i8 16
    v136 = icmp uge v134, v135  ; v135 = 16
    brif v136, block46, block47

block46:
    call fn6(v133)
    jump block47

block47:
    v137 = symbol_value.i64 gv7
    v138 = load.i16 notrap aligned v137
    v139 = iconst.i16 512
    v140 = band v138, v139  ; v139 = 512
    brif v140, block48, block49

block48 cold:
    call fn12()
    jump block50

block49:
    v141 = load.i64 notrap aligned v21
    v142 = load.i64 notrap aligned v21+8
    v143 = icmp eq v141, v142
    brif v143, block50, block51

block51:
    v144 = iconst.i64 -48
    v145 = iadd.i64 v141, v144  ; v144 = -48
    store notrap aligned v145, v21
    v146 = load.i32 notrap aligned v145+40
    v147 = iconst.i32 -1
    v148 = icmp eq v146, v147  ; v147 = -1
    brif v148, block50, block52

block52:
    v149 = load.i64 notrap aligned v21+24
    v150 = load.i64 notrap aligned v21+32
    v151 = isub v149, v150
    v152 = iconst.i64 24
    v153 = udiv v151, v152  ; v152 = 24
    v154 = uextend.i64 v146
    v155 = icmp ugt v153, v154
    brif v155, block53, block50

block53 cold:
    call fn13(v154)
    jump block50

block50:
    v156 = iconst.i32 1
    return v156  ; v156 = 1
}

;; trampoline
function u1:2(i64, i64, i64, i64, i64) -> i32 ccall {
    ss0 = explicit_slot 48, align = 8
    ss1 = explicit_slot 8, align = 8
    gv0 = symbol colocated userextname3
    sig0 = (i64, i64, i64, i64) -> i32 ccall
    sig1 = (i64) ccall
    sig2 = (i64, i64, i64, i64, i64) -> i32 ccall
    fn0 = colocated u0:0 sig0
    fn1 = u0:8 sig1
    fn2 = u0:16 sig2

block0(v0: i64, v1: i64, v2: i64, v3: i64, v4: i64):
    v5 = stack_addr.i64 ss0
    v6 = stack_addr.i64 ss1
    v7 = symbol_value.i64 gv0
    v8 = call fn2(v7, v1, v2, v5, v6)
    brif v8, block2, block1

block2:
    v9 = iconst.i64 0
    v10 = icmp.i64 ne v3, v9  ; v9 = 0
    brif v10, block3, block4

block3:
    call fn1(v3)
    jump block4

block4:
    v11 = iconst.i32 1
    return v11  ; v11 = 1

block1:
    v12 = iconst.i64 0
    v13 = icmp.i64 ne v3, v12  ; v12 = 0
    brif v13, block5, block6

block5:
    call fn1(v3)
    jump block6

block6:
    v14 = load.i64 notrap aligned v6
    v15 = iconst.i64 0
    v16 = stack_addr.i64 ss0
    v17 = stack_addr.i64 ss0+24
    v18 = iconst.i64 2
    v19 = band v14, v18  ; v18 = 2
    v20 = iconst.i64 0
    v21 = icmp ne v19, v20  ; v20 = 0
    v22 = select v21, v17, v15  ; v15 = 0
    v23 = call fn0(v0, v16, v22, v4)
    call fn1(v16)
    call fn1(v17)
    return v23
}

;; zeo_toplevel
function u0:0(i64) -> i32 ccall {
    ss0 = explicit_slot 24, align = 8
    ss1 = explicit_slot 0, align = 8
    ss2 = explicit_slot 8, align = 8
    ss3 = explicit_slot 24, align = 8
    ss4 = explicit_slot 24, align = 8
    ss5 = explicit_slot 24, align = 8
    ss6 = explicit_slot 24, align = 8
    ss7 = explicit_slot 24, align = 8
    ss8 = explicit_slot 24, align = 8
    ss9 = explicit_slot 24, align = 8
    gv0 = symbol colocated userextname0
    gv1 = symbol colocated userextname1
    gv2 = symbol userextname3
    gv3 = symbol userextname6
    gv4 = symbol userextname3
    gv5 = symbol colocated userextname16
    gv6 = symbol userextname3
    gv7 = symbol colocated userextname16
    gv8 = symbol userextname3
    gv9 = symbol userextname3
    sig0 = () -> i64 ccall
    sig1 = (i64, i64, i64, i64, i32, i32) -> i32 ccall
    sig2 = (i64, i64, i64, i64, i32, i32) ccall
    sig3 = () -> i32 ccall
    sig4 = (i64) ccall
    sig5 = (i64) ccall
    sig6 = (i64, i64, i64, i64, i64, i64, i32, i32, i32, i64) ccall
    sig7 = (i32, i64, i64, i64, i64, i64, i32) ccall
    sig8 = () -> i64 ccall
    sig9 = (i32) ccall
    sig10 = (i64) ccall
    sig11 = (i64, i64, i64) -> i32 ccall
    sig12 = (i64, i32, i64, i32, i64, i64, i64, i64, i64) -> i32 ccall
    sig13 = (i64) ccall
    sig14 = (i64, i32, i64, i32, i64, i64, i64, i64) -> i32 ccall
    sig15 = () ccall
    fn0 = colocated u0:4 sig0
    fn1 = colocated u0:5 sig1
    fn2 = colocated u0:6 sig2
    fn3 = colocated u0:7 sig3
    fn4 = colocated u0:18 sig4
    fn5 = colocated u0:11 sig5
    fn6 = colocated u0:19 sig6
    fn7 = colocated u0:20 sig7
    fn8 = colocated u0:21 sig8
    fn9 = colocated u0:9 sig9
    fn10 = colocated u0:22 sig10
    fn11 = colocated u0:23 sig11
    fn12 = colocated u0:24 sig12
    fn13 = colocated u0:15 sig13
    fn14 = colocated u0:13 sig14
    fn15 = colocated u0:14 sig15

block0(v0: i64):
    v1 = symbol_value.i64 gv0
    v2 = symbol_value.i64 gv1
    v3 = iconst.i64 2
    v4 = iconst.i64 14
    v5 = iadd v1, v4  ; v4 = 14
    v6 = iconst.i64 6
    v7 = iconst.i32 0
    v8 = call fn0()
    v9 = symbol_value.i64 gv2
    v10 = load.i16 notrap aligned v9
    v11 = iconst.i16 512
    v12 = band v10, v11  ; v11 = 512
    brif v12, block2, block3

block2 cold:
    v13 = call fn1(v1, v3, v5, v6, v7, v7)  ; v3 = 2, v6 = 6, v7 = 0, v7 = 0
    brif v13, block1, block5

block5:
    jump block4

block3:
    v14 = load.i64 notrap aligned v8
    v15 = load.i64 notrap aligned v8+16
    v16 = icmp eq v14, v15
    brif v16, block6, block7

block6 cold:
    call fn2(v1, v3, v5, v6, v7, v7)  ; v3 = 2, v6 = 6, v7 = 0, v7 = 0
    jump block8

block7:
    store.i64 notrap aligned v1, v14
    store.i64 notrap aligned v3, v14+8  ; v3 = 2
    store.i64 notrap aligned v5, v14+16
    store.i64 notrap aligned v6, v14+24  ; v6 = 6
    store.i32 notrap aligned v7, v14+32  ; v7 = 0
    store.i32 notrap aligned v7, v14+36  ; v7 = 0
    v17 = load.i64 notrap aligned v8+24
    v18 = load.i64 notrap aligned v8+32
    v19 = isub v17, v18
    v20 = iconst.i64 24
    v21 = udiv v19, v20  ; v20 = 24
    v22 = ireduce.i32 v21
    store notrap aligned v22, v14+40
    v23 = iconst.i64 48
    v24 = iadd.i64 v14, v23  ; v23 = 48
    store notrap aligned v24, v8
    jump block8

block8:
    v25 = symbol_value.i64 gv3
    v26 = load.i32 notrap aligned v25
    brif v26, block9, block10

block9 cold:
    v27 = call fn3()
    brif v27, block1, block10

block10:
    jump block4

block4:
    v28 = stack_addr.i64 ss0
    call fn4(v28)
    call fn5(v28)
    v29 = stack_addr.i64 ss1
    v30 = iconst.i64 0
    v31 = stack_addr.i64 ss2
    v32 = iconst.i64 14
    v33 = iadd.i64 v1, v32  ; v32 = 14
    v34 = iconst.i64 6
    v35 = iconst.i32 0
    v36 = iconst.i32 0
    v37 = iconst.i32 -1
    v38 = stack_addr.i64 ss3
    call fn6(v28, v29, v31, v30, v33, v34, v35, v36, v37, v38)  ; v30 = 0, v34 = 6, v35 = 0, v36 = 0, v37 = -1
    v39 = stack_addr.i64 ss3
    v40 = load.i8 notrap aligned v39
    v41 = iconst.i8 16
    v42 = icmp uge v40, v41  ; v41 = 16
    brif v42, block11, block12

block11:
    call fn5(v39)
    jump block12

block12:
    v43 = iconst.i64 20
    v44 = iadd.i64 v1, v43  ; v43 = 20
    v45 = iconst.i64 16
    v46 = iconst.i64 14
    v47 = iadd.i64 v1, v46  ; v46 = 14
    v48 = iconst.i64 6
    v49 = iconst.i32 0
    v50 = iconst.i32 0
    call fn7(v49, v44, v45, v39, v47, v48, v50)  ; v49 = 0, v45 = 16, v48 = 6, v50 = 0
    v51 = call fn8()
    v52 = iconst.i32 4
    v53 = symbol_value.i64 gv4
    v54 = load.i16 notrap aligned v53
    v55 = iconst.i16 512
    v56 = band v54, v55  ; v55 = 512
    brif v56, block13, block14

block13 cold:
    call fn9(v52)  ; v52 = 4
    jump block15

block14:
    v57 = load.i64 notrap aligned v8
    v58 = load.i64 notrap aligned v8+8
    v59 = icmp eq v57, v58
    brif v59, block15, block16

block16:
    store.i32 notrap aligned v52, v57-16  ; v52 = 4
    jump block15

block15:
    v60 = iconst.i64 2
    v61 = stack_addr.i64 ss4
    v62 = iconst.i8 2
    store notrap aligned v62, v61  ; v62 = 2
    store notrap aligned v60, v61+8  ; v60 = 2
    v63 = stack_addr.i64 ss4
    v64 = stack_addr.i64 ss5
    call fn10(v64)
    call fn5(v64)
    v65 = load.i32 notrap aligned v2+4
    v66 = stack_addr.i64 ss6
    v67 = iconst.i64 0
    store notrap aligned v67, v66  ; v67 = 0
    store notrap aligned v67, v66+8  ; v67 = 0
    store notrap aligned v67, v66+16  ; v67 = 0
    v68 = iconst.i8 4
    store notrap aligned v68, v66  ; v68 = 4
    store notrap aligned v65, v66+8
    v69 = stack_addr.i64 ss6
    v70 = iconst.i64 3
    v71 = stack_addr.i64 ss7
    v72 = iconst.i8 2
    store notrap aligned v72, v71  ; v72 = 2
    store notrap aligned v70, v71+8  ; v70 = 3
    v73 = call fn11(v64, v69, v71)
    brif v73, block1, block17

block17:
    v74 = load.i32 notrap aligned v2+8
    v75 = iconst.i32 0
    v76 = iconst.i64 1
    v77 = iconst.i64 0
    v78 = stack_addr.i64 ss8
    v79 = symbol_value.i64 gv5
    v80 = iconst.i64 56
    v81 = iadd v79, v80  ; v80 = 56
    v82 = call fn12(v81, v75, v28, v74, v63, v76, v64, v77, v78)  ; v75 = 0, v76 = 1, v77 = 0
    brif v82, block1, block18

block18:
    v83 = stack_addr.i64 ss8
    v84 = load.i8 notrap aligned v83
    v85 = iconst.i8 16
    v86 = icmp uge v84, v85  ; v85 = 16
    brif v86, block19, block20

block19:
    call fn5(v83)
    jump block20

block20:
    call fn13(v51)
    v87 = call fn8()
    v88 = iconst.i32 5
    v89 = symbol_value.i64 gv6
    v90 = load.i16 notrap aligned v89
    v91 = iconst.i16 512
    v92 = band v90, v91  ; v91 = 512
    brif v92, block21, block22

block21 cold:
    call fn9(v88)  ; v88 = 5
    jump block23

block22:
    v93 = load.i64 notrap aligned v8
    v94 = load.i64 notrap aligned v8+8
    v95 = icmp eq v93, v94
    brif v95, block23, block24

block24:
    store.i32 notrap aligned v88, v93-16  ; v88 = 5
    jump block23

block23:
    v96 = iconst.i64 4
    v97 = stack_addr.i64 ss9
    v98 = iconst.i8 2
    store notrap aligned v98, v97  ; v98 = 2
    store notrap aligned v96, v97+8  ; v96 = 4
    v99 = stack_addr.i64 ss9
    v100 = load.i32 notrap aligned v2+8
    v101 = iconst.i32 0
    v102 = iconst.i64 1
    v103 = iconst.i64 0
    v104 = stack_addr.i64 ss8
    v105 = symbol_value.i64 gv7
    v106 = iconst.i64 112
    v107 = iadd v105, v106  ; v106 = 112
    v108 = call fn14(v107, v101, v28, v100, v99, v102, v103, v104)  ; v101 = 0, v102 = 1, v103 = 0
    brif v108, block1, block25

block25:
    v109 = stack_addr.i64 ss8
    v110 = load.i8 notrap aligned v109
    v111 = iconst.i8 16
    v112 = icmp uge v110, v111  ; v111 = 16
    brif v112, block26, block27

block26:
    call fn5(v109)
    jump block27

block27:
    call fn13(v87)
    v113 = iconst.i64 0
    store notrap aligned v113, v0  ; v113 = 0
    store notrap aligned v113, v0+8  ; v113 = 0
    store notrap aligned v113, v0+16  ; v113 = 0
    v114 = symbol_value.i64 gv8
    v115 = load.i16 notrap aligned v114
    v116 = iconst.i16 512
    v117 = band v115, v116  ; v116 = 512
    brif v117, block28, block29

block28 cold:
    call fn15()
    jump block30

block29:
    v118 = load.i64 notrap aligned v8
    v119 = load.i64 notrap aligned v8+8
    v120 = icmp eq v118, v119
    brif v120, block30, block31

block31:
    v121 = iconst.i64 -48
    v122 = iadd.i64 v118, v121  ; v121 = -48
    store notrap aligned v122, v8
    v123 = load.i32 notrap aligned v122+40
    v124 = iconst.i32 -1
    v125 = icmp eq v123, v124  ; v124 = -1
    brif v125, block30, block32

block32:
    v126 = load.i64 notrap aligned v8+24
    v127 = load.i64 notrap aligned v8+32
    v128 = isub v126, v127
    v129 = iconst.i64 24
    v130 = udiv v128, v129  ; v129 = 24
    v131 = uextend.i64 v123
    v132 = icmp ugt v130, v131
    brif v132, block33, block30

block33 cold:
    call fn13(v131)
    jump block30

block30:
    v133 = iconst.i32 0
    return v133  ; v133 = 0

block1:
    v134 = symbol_value.i64 gv9
    v135 = load.i16 notrap aligned v134
    v136 = iconst.i16 512
    v137 = band v135, v136  ; v136 = 512
    brif v137, block34, block35

block34 cold:
    call fn15()
    jump block36

block35:
    v138 = load.i64 notrap aligned v8
    v139 = load.i64 notrap aligned v8+8
    v140 = icmp eq v138, v139
    brif v140, block36, block37

block37:
    v141 = iconst.i64 -48
    v142 = iadd.i64 v138, v141  ; v141 = -48
    store notrap aligned v142, v8
    v143 = load.i32 notrap aligned v142+40
    v144 = iconst.i32 -1
    v145 = icmp eq v143, v144  ; v144 = -1
    brif v145, block36, block38

block38:
    v146 = load.i64 notrap aligned v8+24
    v147 = load.i64 notrap aligned v8+32
    v148 = isub v146, v147
    v149 = iconst.i64 24
    v150 = udiv v148, v149  ; v149 = 24
    v151 = uextend.i64 v143
    v152 = icmp ugt v150, v151
    brif v152, block39, block36

block39 cold:
    call fn13(v151)
    jump block36

block36:
    v153 = iconst.i32 1
    return v153  ; v153 = 1
}

;; zeo_unit_init
function u0:2() ccall {
    gv0 = symbol colocated userextname2
    gv1 = symbol colocated userextname3
    gv2 = symbol colocated userextname4
    gv3 = symbol colocated userextname5
    gv4 = symbol colocated userextname7
    gv5 = symbol colocated userextname9
    gv6 = symbol colocated userextname11
    sig0 = (i64, i64) -> i32 ccall
    sig1 = (i64, i32) ccall
    sig2 = (i64) ccall
    sig3 = (i64, i64) ccall
    sig4 = (i64, i64) ccall
    sig5 = (i64, i64) ccall
    fn0 = u0:26 sig0
    fn1 = u0:27 sig1
    fn2 = u0:28 sig2
    fn3 = u0:29 sig3
    fn4 = u0:30 sig4
    fn5 = u0:31 sig5

block0:
    v0 = symbol_value.i64 gv0
    v1 = symbol_value.i64 gv1
    v2 = iconst.i64 36
    v3 = iadd v0, v2  ; v2 = 36
    v4 = iconst.i64 1
    v5 = call fn0(v3, v4)  ; v4 = 1
    store notrap aligned v5, v1
    v6 = iconst.i64 11
    v7 = iadd v0, v6  ; v6 = 11
    v8 = iconst.i64 1
    v9 = call fn0(v7, v8)  ; v8 = 1
    store notrap aligned v9, v1+4
    v10 = iconst.i64 12
    v11 = iadd v0, v10  ; v10 = 12
    v12 = iconst.i64 2
    v13 = call fn0(v11, v12)  ; v12 = 2
    store notrap aligned v13, v1+8
    v14 = symbol_value.i64 gv2
    v15 = iconst.i32 -1
    call fn1(v14, v15)  ; v15 = -1
    v16 = iconst.i64 56
    v17 = iadd v14, v16  ; v16 = 56
    v18 = iconst.i32 -1
    call fn1(v17, v18)  ; v18 = -1
    v19 = iconst.i64 112
    v20 = iadd v14, v19  ; v19 = 112
    v21 = iconst.i32 -1
    call fn1(v20, v21)  ; v21 = -1
    return
}

;; main
function u0:1(i32, i64) -> i32 ccall {
    gv0 = symbol colocated userextname1
    sig0 = (i32, i64, i64) -> i32 ccall
    fn0 = u0:33 sig0

block0(v0: i32, v1: i64):
    v2 = symbol_value.i64 gv0
    v3 = call fn0(v0, v1, v2)
    return v3
}
