---
source: crates/zeo/tests/clif.rs
expression: "clif_of(\"def m(a, b)\\n  p a << b\\n  p a >> b\\n  p a & b\\n  p a | b\\n  p a ^ b\\n  p a * b\\nend\\nm(5, 2)\\n\",)"
---
;; Object#m
function u0:1(i64, i64, i64, i64) -> i32 ccall {
    ss0 = explicit_slot 24, align = 8
    ss1 = explicit_slot 24, align = 8
    ss2 = explicit_slot 24, align = 8
    ss3 = explicit_slot 24, align = 8
    ss4 = explicit_slot 24, align = 8
    ss5 = explicit_slot 24, align = 8
    ss6 = explicit_slot 24, align = 8
    ss7 = explicit_slot 24, align = 8
    ss8 = explicit_slot 24, align = 8
    ss9 = explicit_slot 24, align = 8
    gv0 = symbol colocated userextname0
    gv1 = symbol colocated userextname1
    gv2 = symbol colocated userextname8
    gv3 = symbol colocated userextname8
    gv4 = symbol colocated userextname8
    gv5 = symbol colocated userextname8
    gv6 = symbol colocated userextname8
    gv7 = symbol colocated userextname8
    gv8 = symbol colocated userextname8
    gv9 = symbol colocated userextname8
    gv10 = symbol colocated userextname8
    gv11 = symbol colocated userextname8
    gv12 = symbol colocated userextname8
    gv13 = symbol colocated userextname8
    sig0 = () -> i32 ccall
    sig1 = (i64) ccall
    sig2 = (i64, i64, i64, i64, i32, i32) ccall
    sig3 = () -> i32 ccall
    sig4 = (i32) ccall
    sig5 = (i64, i64, i64) -> i32 ccall
    sig6 = (i64, i32, i64, i32, i64, i64, i64, i64) -> i32 ccall
    sig7 = (i64) ccall
    sig8 = (i64, i64, i64) -> i32 ccall
    sig9 = (i64, i64, i64) ccall
    sig10 = (i64) ccall
    sig11 = () ccall
    fn0 = u0:2 sig0
    fn1 = u0:3 sig1
    fn2 = u0:4 sig2
    fn3 = u0:5 sig3
    fn4 = u0:6 sig4
    fn5 = u0:7 sig5
    fn6 = u0:8 sig6
    fn7 = u0:9 sig7
    fn8 = u0:10 sig8
    fn9 = u0:11 sig9
    fn10 = u0:12 sig10
    fn11 = u0:13 sig11

block0(v0: i64, v1: i64, v2: i64, v3: i64):
    v337 = iconst.i64 0
    v338 = stack_addr.i64 ss0
    store notrap aligned v337, v338  ; v337 = 0
    store notrap aligned v337, v338+8  ; v337 = 0
    store notrap aligned v337, v338+16  ; v337 = 0
    v339 = stack_addr.i64 ss1
    store notrap aligned v337, v339  ; v337 = 0
    store notrap aligned v337, v339+8  ; v337 = 0
    store notrap aligned v337, v339+16  ; v337 = 0
    v4 = symbol_value.i64 gv0
    v5 = symbol_value.i64 gv1
    v6 = call fn0()
    brif v6, block3, block4

block3:
    v7 = iconst.i32 1
    return v7  ; v7 = 1

block4:
    v8 = stack_addr.i64 ss0
    v9 = load.i8 notrap aligned v1
    v10 = iconst.i8 16
    v11 = icmp uge v9, v10  ; v10 = 16
    brif v11, block5, block6

block5:
    call fn1(v1)
    jump block6

block6:
    v12 = load.i64 notrap aligned v1
    store notrap aligned v12, v8
    v13 = load.i64 notrap aligned v1+8
    store notrap aligned v13, v8+8
    v14 = load.i64 notrap aligned v1+16
    store notrap aligned v14, v8+16
    v15 = stack_addr.i64 ss1
    v16 = load.i8 notrap aligned v2
    v17 = iconst.i8 16
    v18 = icmp uge v16, v17  ; v17 = 16
    brif v18, block7, block8

block7:
    call fn1(v2)
    jump block8

block8:
    v19 = load.i64 notrap aligned v2
    store notrap aligned v19, v15
    v20 = load.i64 notrap aligned v2+8
    store notrap aligned v20, v15+8
    v21 = load.i64 notrap aligned v2+16
    store notrap aligned v21, v15+16
    v22 = iconst.i64 2
    v23 = iconst.i64 2
    v24 = iadd.i64 v4, v23  ; v23 = 2
    v25 = iconst.i64 8
    v26 = iconst.i32 1
    v27 = iconst.i32 8
    call fn2(v4, v22, v24, v25, v26, v27)  ; v22 = 2, v25 = 8, v26 = 1, v27 = 8
    v28 = call fn3()
    brif v28, block1, block9

block9:
    v29 = iconst.i32 2
    call fn4(v29)  ; v29 = 2
    v30 = stack_addr.i64 ss0
    v31 = stack_addr.i64 ss1
    v32 = stack_addr.i64 ss3
    v33 = load.i8 notrap aligned v30
    v34 = load.i8 notrap aligned v31
    v35 = iconst.i8 2
    v36 = icmp eq v33, v35  ; v35 = 2
    v37 = iconst.i8 2
    v38 = icmp eq v34, v37  ; v37 = 2
    v39 = band v36, v38
    brif v39, block10, block11

block10:
    v40 = call fn5(v30, v31, v32)
    brif v40, block1, block14

block14:
    jump block13

block11:
    jump block12

block12:
    v41 = load.i32 notrap aligned v5
    v42 = symbol_value.i64 gv2
    v43 = iconst.i32 0
    v44 = iconst.i64 1
    v45 = iconst.i64 0
    v46 = call fn6(v42, v43, v30, v41, v31, v44, v45, v32)  ; v43 = 0, v44 = 1, v45 = 0
    brif v46, block1, block15

block15:
    jump block13

block13:
    v47 = stack_addr.i64 ss3
    v48 = load.i8 notrap aligned v47
    v49 = iconst.i8 16
    v50 = icmp uge v48, v49  ; v49 = 16
    brif v50, block16, block17

block16:
    call fn7(v47)
    jump block17

block17:
    v51 = stack_addr.i64 ss2
    v52 = stack_addr.i64 ss3
    v53 = load.i64 notrap aligned v52
    store notrap aligned v53, v51
    v54 = load.i64 notrap aligned v52+8
    store notrap aligned v54, v51+8
    v55 = load.i64 notrap aligned v52+16
    store notrap aligned v55, v51+16
    v56 = stack_addr.i64 ss2
    v57 = load.i32 notrap aligned v5+4
    v58 = iconst.i32 0
    v59 = iconst.i64 1
    v60 = iconst.i64 0
    v61 = stack_addr.i64 ss4
    v62 = symbol_value.i64 gv3
    v63 = iconst.i64 56
    v64 = iadd v62, v63  ; v63 = 56
    v65 = call fn6(v64, v58, v0, v57, v56, v59, v60, v61)  ; v58 = 0, v59 = 1, v60 = 0
    brif v65, block1, block18

block18:
    v66 = stack_addr.i64 ss4
    v67 = load.i8 notrap aligned v66
    v68 = iconst.i8 16
    v69 = icmp uge v67, v68  ; v68 = 16
    brif v69, block19, block20

block19:
    call fn7(v66)
    jump block20

block20:
    v70 = iconst.i32 3
    call fn4(v70)  ; v70 = 3
    v71 = stack_addr.i64 ss0
    v72 = stack_addr.i64 ss1
    v73 = stack_addr.i64 ss4
    v74 = load.i8 notrap aligned v71
    v75 = load.i8 notrap aligned v72
    v76 = iconst.i8 2
    v77 = icmp eq v74, v76  ; v76 = 2
    v78 = iconst.i8 2
    v79 = icmp eq v75, v78  ; v78 = 2
    v80 = band v77, v79
    brif v80, block21, block22

block21:
    v81 = call fn8(v71, v72, v73)
    brif v81, block1, block25

block25:
    jump block24

block22:
    jump block23

block23:
    v82 = load.i32 notrap aligned v5+8
    v83 = symbol_value.i64 gv4
    v84 = iconst.i64 112
    v85 = iadd v83, v84  ; v84 = 112
    v86 = iconst.i32 0
    v87 = iconst.i64 1
    v88 = iconst.i64 0
    v89 = call fn6(v85, v86, v71, v82, v72, v87, v88, v73)  ; v86 = 0, v87 = 1, v88 = 0
    brif v89, block1, block26

block26:
    jump block24

block24:
    v90 = stack_addr.i64 ss4
    v91 = load.i8 notrap aligned v90
    v92 = iconst.i8 16
    v93 = icmp uge v91, v92  ; v92 = 16
    brif v93, block27, block28

block27:
    call fn7(v90)
    jump block28

block28:
    v94 = stack_addr.i64 ss5
    v95 = stack_addr.i64 ss4
    v96 = load.i64 notrap aligned v95
    store notrap aligned v96, v94
    v97 = load.i64 notrap aligned v95+8
    store notrap aligned v97, v94+8
    v98 = load.i64 notrap aligned v95+16
    store notrap aligned v98, v94+16
    v99 = stack_addr.i64 ss5
    v100 = load.i32 notrap aligned v5+4
    v101 = iconst.i32 0
    v102 = iconst.i64 1
    v103 = iconst.i64 0
    v104 = stack_addr.i64 ss3
    v105 = symbol_value.i64 gv5
    v106 = iconst.i64 168
    v107 = iadd v105, v106  ; v106 = 168
    v108 = call fn6(v107, v101, v0, v100, v99, v102, v103, v104)  ; v101 = 0, v102 = 1, v103 = 0
    brif v108, block1, block29

block29:
    v109 = stack_addr.i64 ss3
    v110 = load.i8 notrap aligned v109
    v111 = iconst.i8 16
    v112 = icmp uge v110, v111  ; v111 = 16
    brif v112, block30, block31

block30:
    call fn7(v109)
    jump block31

block31:
    v113 = iconst.i32 4
    call fn4(v113)  ; v113 = 4
    v114 = stack_addr.i64 ss0
    v115 = stack_addr.i64 ss1
    v116 = stack_addr.i64 ss3
    v117 = load.i8 notrap aligned v114
    v118 = load.i8 notrap aligned v115
    v119 = iconst.i8 2
    v120 = icmp eq v117, v119  ; v119 = 2
    v121 = iconst.i8 2
    v122 = icmp eq v118, v121  ; v121 = 2
    v123 = band v120, v122
    brif v123, block32, block33

block32:
    v124 = load.i64 notrap aligned v114+8
    v125 = load.i64 notrap aligned v115+8
    v126 = band v124, v125
    v127 = iconst.i8 2
    store notrap aligned v127, v116  ; v127 = 2
    store notrap aligned v126, v116+8
    jump block35

block33:
    jump block34

block34:
    v128 = load.i32 notrap aligned v5+12
    v129 = symbol_value.i64 gv6
    v130 = iconst.i64 224
    v131 = iadd v129, v130  ; v130 = 224
    v132 = iconst.i32 0
    v133 = iconst.i64 1
    v134 = iconst.i64 0
    v135 = call fn6(v131, v132, v114, v128, v115, v133, v134, v116)  ; v132 = 0, v133 = 1, v134 = 0
    brif v135, block1, block36

block36:
    jump block35

block35:
    v136 = stack_addr.i64 ss3
    v137 = load.i8 notrap aligned v136
    v138 = iconst.i8 16
    v139 = icmp uge v137, v138  ; v138 = 16
    brif v139, block37, block38

block37:
    call fn7(v136)
    jump block38

block38:
    v140 = stack_addr.i64 ss6
    v141 = stack_addr.i64 ss3
    v142 = load.i64 notrap aligned v141
    store notrap aligned v142, v140
    v143 = load.i64 notrap aligned v141+8
    store notrap aligned v143, v140+8
    v144 = load.i64 notrap aligned v141+16
    store notrap aligned v144, v140+16
    v145 = stack_addr.i64 ss6
    v146 = load.i32 notrap aligned v5+4
    v147 = iconst.i32 0
    v148 = iconst.i64 1
    v149 = iconst.i64 0
    v150 = stack_addr.i64 ss4
    v151 = symbol_value.i64 gv7
    v152 = iconst.i64 280
    v153 = iadd v151, v152  ; v152 = 280
    v154 = call fn6(v153, v147, v0, v146, v145, v148, v149, v150)  ; v147 = 0, v148 = 1, v149 = 0
    brif v154, block1, block39

block39:
    v155 = stack_addr.i64 ss4
    v156 = load.i8 notrap aligned v155
    v157 = iconst.i8 16
    v158 = icmp uge v156, v157  ; v157 = 16
    brif v158, block40, block41

block40:
    call fn7(v155)
    jump block41

block41:
    v159 = iconst.i32 5
    call fn4(v159)  ; v159 = 5
    v160 = stack_addr.i64 ss0
    v161 = stack_addr.i64 ss1
    v162 = stack_addr.i64 ss4
    v163 = load.i8 notrap aligned v160
    v164 = load.i8 notrap aligned v161
    v165 = iconst.i8 2
    v166 = icmp eq v163, v165  ; v165 = 2
    v167 = iconst.i8 2
    v168 = icmp eq v164, v167  ; v167 = 2
    v169 = band v166, v168
    brif v169, block42, block43

block42:
    v170 = load.i64 notrap aligned v160+8
    v171 = load.i64 notrap aligned v161+8
    v172 = bor v170, v171
    v173 = iconst.i8 2
    store notrap aligned v173, v162  ; v173 = 2
    store notrap aligned v172, v162+8
    jump block45

block43:
    jump block44

block44:
    v174 = load.i32 notrap aligned v5+16
    v175 = symbol_value.i64 gv8
    v176 = iconst.i64 336
    v177 = iadd v175, v176  ; v176 = 336
    v178 = iconst.i32 0
    v179 = iconst.i64 1
    v180 = iconst.i64 0
    v181 = call fn6(v177, v178, v160, v174, v161, v179, v180, v162)  ; v178 = 0, v179 = 1, v180 = 0
    brif v181, block1, block46

block46:
    jump block45

block45:
    v182 = stack_addr.i64 ss4
    v183 = load.i8 notrap aligned v182
    v184 = iconst.i8 16
    v185 = icmp uge v183, v184  ; v184 = 16
    brif v185, block47, block48

block47:
    call fn7(v182)
    jump block48

block48:
    v186 = stack_addr.i64 ss7
    v187 = stack_addr.i64 ss4
    v188 = load.i64 notrap aligned v187
    store notrap aligned v188, v186
    v189 = load.i64 notrap aligned v187+8
    store notrap aligned v189, v186+8
    v190 = load.i64 notrap aligned v187+16
    store notrap aligned v190, v186+16
    v191 = stack_addr.i64 ss7
    v192 = load.i32 notrap aligned v5+4
    v193 = iconst.i32 0
    v194 = iconst.i64 1
    v195 = iconst.i64 0
    v196 = stack_addr.i64 ss3
    v197 = symbol_value.i64 gv9
    v198 = iconst.i64 392
    v199 = iadd v197, v198  ; v198 = 392
    v200 = call fn6(v199, v193, v0, v192, v191, v194, v195, v196)  ; v193 = 0, v194 = 1, v195 = 0
    brif v200, block1, block49

block49:
    v201 = stack_addr.i64 ss3
    v202 = load.i8 notrap aligned v201
    v203 = iconst.i8 16
    v204 = icmp uge v202, v203  ; v203 = 16
    brif v204, block50, block51

block50:
    call fn7(v201)
    jump block51

block51:
    v205 = iconst.i32 6
    call fn4(v205)  ; v205 = 6
    v206 = stack_addr.i64 ss0
    v207 = stack_addr.i64 ss1
    v208 = stack_addr.i64 ss3
    v209 = load.i8 notrap aligned v206
    v210 = load.i8 notrap aligned v207
    v211 = iconst.i8 2
    v212 = icmp eq v209, v211  ; v211 = 2
    v213 = iconst.i8 2
    v214 = icmp eq v210, v213  ; v213 = 2
    v215 = band v212, v214
    brif v215, block52, block53

block52:
    v216 = load.i64 notrap aligned v206+8
    v217 = load.i64 notrap aligned v207+8
    v218 = bxor v216, v217
    v219 = iconst.i8 2
    store notrap aligned v219, v208  ; v219 = 2
    store notrap aligned v218, v208+8
    jump block55

block53:
    jump block54

block54:
    v220 = load.i32 notrap aligned v5+20
    v221 = symbol_value.i64 gv10
    v222 = iconst.i64 448
    v223 = iadd v221, v222  ; v222 = 448
    v224 = iconst.i32 0
    v225 = iconst.i64 1
    v226 = iconst.i64 0
    v227 = call fn6(v223, v224, v206, v220, v207, v225, v226, v208)  ; v224 = 0, v225 = 1, v226 = 0
    brif v227, block1, block56

block56:
    jump block55

block55:
    v228 = stack_addr.i64 ss3
    v229 = load.i8 notrap aligned v228
    v230 = iconst.i8 16
    v231 = icmp uge v229, v230  ; v230 = 16
    brif v231, block57, block58

block57:
    call fn7(v228)
    jump block58

block58:
    v232 = stack_addr.i64 ss8
    v233 = stack_addr.i64 ss3
    v234 = load.i64 notrap aligned v233
    store notrap aligned v234, v232
    v235 = load.i64 notrap aligned v233+8
    store notrap aligned v235, v232+8
    v236 = load.i64 notrap aligned v233+16
    store notrap aligned v236, v232+16
    v237 = stack_addr.i64 ss8
    v238 = load.i32 notrap aligned v5+4
    v239 = iconst.i32 0
    v240 = iconst.i64 1
    v241 = iconst.i64 0
    v242 = stack_addr.i64 ss4
    v243 = symbol_value.i64 gv11
    v244 = iconst.i64 504
    v245 = iadd v243, v244  ; v244 = 504
    v246 = call fn6(v245, v239, v0, v238, v237, v240, v241, v242)  ; v239 = 0, v240 = 1, v241 = 0
    brif v246, block1, block59

block59:
    v247 = stack_addr.i64 ss4
    v248 = load.i8 notrap aligned v247
    v249 = iconst.i8 16
    v250 = icmp uge v248, v249  ; v249 = 16
    brif v250, block60, block61

block60:
    call fn7(v247)
    jump block61

block61:
    v251 = iconst.i32 7
    call fn4(v251)  ; v251 = 7
    v252 = stack_addr.i64 ss0
    v253 = stack_addr.i64 ss1
    v254 = stack_addr.i64 ss4
    v255 = load.i8 notrap aligned v252
    v256 = load.i8 notrap aligned v253
    v257 = iconst.i8 2
    v258 = icmp eq v255, v257  ; v257 = 2
    v259 = iconst.i8 2
    v260 = icmp eq v256, v259  ; v259 = 2
    v261 = band v258, v260
    brif v261, block62, block63

block62:
    v262 = load.i64 notrap aligned v252+8
    v263 = load.i64 notrap aligned v253+8
    v264, v265 = smul_overflow v262, v263
    brif v265, block66, block67

block67:
    v266 = iconst.i8 2
    store notrap aligned v266, v254  ; v266 = 2
    store.i64 notrap aligned v264, v254+8
    jump block65

block66:
    call fn9(v252, v253, v254)
    jump block65

block63:
    v267 = iconst.i8 3
    v268 = icmp.i8 eq v255, v267  ; v267 = 3
    v269 = iconst.i8 3
    v270 = icmp.i8 eq v256, v269  ; v269 = 3
    v271 = band v268, v270
    brif v271, block68, block69

block68:
    v272 = load.f64 notrap aligned v252+8
    v273 = load.f64 notrap aligned v253+8
    v274 = fmul v272, v273
    v275 = iconst.i8 3
    store notrap aligned v275, v254  ; v275 = 3
    store notrap aligned v274, v254+8
    jump block65

block69:
    v276 = band.i8 v268, v260
    brif v276, block70, block71

block70:
    v277 = load.f64 notrap aligned v252+8
    v278 = load.i64 notrap aligned v253+8
    v279 = fcvt_from_sint.f64 v278
    v280 = fmul v277, v279
    v281 = iconst.i8 3
    store notrap aligned v281, v254  ; v281 = 3
    store notrap aligned v280, v254+8
    jump block65

block71:
    v282 = band.i8 v258, v270
    brif v282, block72, block73

block72:
    v283 = load.i64 notrap aligned v252+8
    v284 = fcvt_from_sint.f64 v283
    v285 = load.f64 notrap aligned v253+8
    v286 = fmul v284, v285
    v287 = iconst.i8 3
    store notrap aligned v287, v254  ; v287 = 3
    store notrap aligned v286, v254+8
    jump block65

block73:
    jump block64

block64:
    v288 = load.i32 notrap aligned v5+24
    v289 = symbol_value.i64 gv12
    v290 = iconst.i64 560
    v291 = iadd v289, v290  ; v290 = 560
    v292 = iconst.i32 0
    v293 = iconst.i64 1
    v294 = iconst.i64 0
    v295 = call fn6(v291, v292, v252, v288, v253, v293, v294, v254)  ; v292 = 0, v293 = 1, v294 = 0
    brif v295, block1, block74

block74:
    jump block65

block65:
    v296 = stack_addr.i64 ss4
    v297 = load.i8 notrap aligned v296
    v298 = iconst.i8 16
    v299 = icmp uge v297, v298  ; v298 = 16
    brif v299, block75, block76

block75:
    call fn7(v296)
    jump block76

block76:
    v300 = stack_addr.i64 ss9
    v301 = stack_addr.i64 ss4
    v302 = load.i64 notrap aligned v301
    store notrap aligned v302, v300
    v303 = load.i64 notrap aligned v301+8
    store notrap aligned v303, v300+8
    v304 = load.i64 notrap aligned v301+16
    store notrap aligned v304, v300+16
    v305 = stack_addr.i64 ss9
    v306 = load.i32 notrap aligned v5+4
    v307 = iconst.i32 0
    v308 = iconst.i64 1
    v309 = iconst.i64 0
    v310 = stack_addr.i64 ss3
    v311 = symbol_value.i64 gv13
    v312 = iconst.i64 616
    v313 = iadd v311, v312  ; v312 = 616
    v314 = call fn6(v313, v307, v0, v306, v305, v308, v309, v310)  ; v307 = 0, v308 = 1, v309 = 0
    brif v314, block1, block77

block77:
    v315 = stack_addr.i64 ss3
    v316 = load.i64 notrap aligned v315
    store notrap aligned v316, v3
    v317 = load.i64 notrap aligned v315+8
    store notrap aligned v317, v3+8
    v318 = load.i64 notrap aligned v315+16
    store notrap aligned v318, v3+16
    jump block2

block2:
    v319 = stack_addr.i64 ss0
    v320 = load.i8 notrap aligned v319
    v321 = iconst.i8 16
    v322 = icmp uge v320, v321  ; v321 = 16
    brif v322, block78, block79

block78:
    call fn10(v319)
    jump block79

block79:
    v323 = stack_addr.i64 ss1
    v324 = load.i8 notrap aligned v323
    v325 = iconst.i8 16
    v326 = icmp uge v324, v325  ; v325 = 16
    brif v326, block80, block81

block80:
    call fn10(v323)
    jump block81

block81:
    call fn11()
    v327 = iconst.i32 0
    return v327  ; v327 = 0

block1:
    v328 = stack_addr.i64 ss0
    v329 = load.i8 notrap aligned v328
    v330 = iconst.i8 16
    v331 = icmp uge v329, v330  ; v330 = 16
    brif v331, block82, block83

block82:
    call fn10(v328)
    jump block83

block83:
    v332 = stack_addr.i64 ss1
    v333 = load.i8 notrap aligned v332
    v334 = iconst.i8 16
    v335 = icmp uge v333, v334  ; v334 = 16
    brif v335, block84, block85

block84:
    call fn10(v332)
    jump block85

block85:
    call fn11()
    v336 = iconst.i32 1
    return v336  ; v336 = 1
}

;; trampoline
function u1:2(i64, i64, i64, i64, i64) -> i32 ccall {
    gv0 = symbol colocated userextname5
    sig0 = (i64, i64, i64, i64) -> i32 ccall
    sig1 = (i64) ccall
    sig2 = (i64, i64, i64) -> i32 ccall
    sig3 = (i64, i64, i64, i64, i32, i32) ccall
    sig4 = () ccall
    fn0 = colocated u0:0 sig0
    fn1 = u0:12 sig1
    fn2 = u0:14 sig2
    fn3 = u0:4 sig3
    fn4 = u0:13 sig4

block0(v0: i64, v1: i64, v2: i64, v3: i64, v4: i64):
    v5 = iconst.i64 0
    v6 = icmp ne v3, v5  ; v5 = 0
    brif v6, block2, block1

block2:
    call fn1(v3)
    jump block1

block1:
    v7 = iconst.i64 2
    v8 = icmp.i64 eq v2, v7  ; v7 = 2
    brif v8, block3, block4

block4:
    v9 = symbol_value.i64 gv0
    v10 = iconst.i64 2
    v11 = iconst.i64 2
    v12 = iadd v9, v11  ; v11 = 2
    v13 = iconst.i64 8
    v14 = iconst.i32 1
    v15 = iconst.i32 8
    call fn3(v9, v10, v12, v13, v14, v15)  ; v10 = 2, v13 = 8, v14 = 1, v15 = 8
    v16 = iconst.i64 2
    v17 = call fn2(v2, v16, v16)  ; v16 = 2, v16 = 2
    call fn4()
    return v17

block3:
    v18 = iconst.i64 24
    v19 = iadd.i64 v1, v18  ; v18 = 24
    v20 = call fn0(v0, v1, v19, v4)
    return v20
}

;; zeo_toplevel
function u0:0(i64) -> i32 ccall {
    ss0 = explicit_slot 24, align = 8
    ss1 = explicit_slot 0, align = 8
    ss2 = explicit_slot 8, align = 8
    ss3 = explicit_slot 24, align = 8
    ss4 = explicit_slot 24, align = 8
    ss5 = explicit_slot 24, align = 8
    ss6 = explicit_slot 24, align = 8
    gv0 = symbol colocated userextname0
    gv1 = symbol colocated userextname1
    sig0 = (i64, i64, i64, i64, i32, i32) ccall
    sig1 = () -> i32 ccall
    sig2 = (i64) ccall
    sig3 = (i64) ccall
    sig4 = (i64, i64, i64, i64, i64, i64, i32, i32, i32, i64) ccall
    sig5 = (i32, i64, i64, i64, i64, i64, i32) ccall
    sig6 = () -> i64 ccall
    sig7 = (i32) ccall
    sig8 = (i64, i64, i64, i64) -> i32 ccall
    sig9 = (i64) ccall
    sig10 = () ccall
    fn0 = u0:4 sig0
    fn1 = u0:5 sig1
    fn2 = u0:16 sig2
    fn3 = u0:9 sig3
    fn4 = u0:17 sig4
    fn5 = u0:18 sig5
    fn6 = u0:19 sig6
    fn7 = u0:6 sig7
    fn8 = colocated u0:0 sig8
    fn9 = u0:20 sig9
    fn10 = u0:13 sig10

block0(v0: i64):
    v1 = symbol_value.i64 gv0
    v2 = symbol_value.i64 gv1
    v3 = iconst.i64 2
    v4 = iconst.i64 10
    v5 = iadd v1, v4  ; v4 = 10
    v6 = iconst.i64 6
    v7 = iconst.i32 0
    call fn0(v1, v3, v5, v6, v7, v7)  ; v3 = 2, v6 = 6, v7 = 0, v7 = 0
    v8 = call fn1()
    brif v8, block1, block2

block2:
    v9 = stack_addr.i64 ss0
    call fn2(v9)
    call fn3(v9)
    v10 = stack_addr.i64 ss1
    v11 = iconst.i64 0
    v12 = stack_addr.i64 ss2
    v13 = iconst.i64 10
    v14 = iadd.i64 v1, v13  ; v13 = 10
    v15 = iconst.i64 6
    v16 = iconst.i32 0
    v17 = iconst.i32 0
    v18 = iconst.i32 -1
    v19 = stack_addr.i64 ss3
    call fn4(v9, v10, v12, v11, v14, v15, v16, v17, v18, v19)  ; v11 = 0, v15 = 6, v16 = 0, v17 = 0, v18 = -1
    v20 = stack_addr.i64 ss3
    v21 = load.i8 notrap aligned v20
    v22 = iconst.i8 16
    v23 = icmp uge v21, v22  ; v22 = 16
    brif v23, block3, block4

block3:
    call fn3(v20)
    jump block4

block4:
    v24 = iconst.i64 16
    v25 = iadd.i64 v1, v24  ; v24 = 16
    v26 = iconst.i64 16
    v27 = iconst.i64 10
    v28 = iadd.i64 v1, v27  ; v27 = 10
    v29 = iconst.i64 6
    v30 = iconst.i32 0
    v31 = iconst.i32 0
    call fn5(v30, v25, v26, v20, v28, v29, v31)  ; v30 = 0, v26 = 16, v29 = 6, v31 = 0
    v32 = call fn6()
    v33 = iconst.i32 9
    call fn7(v33)  ; v33 = 9
    v34 = iconst.i64 5
    v35 = stack_addr.i64 ss4
    v36 = iconst.i8 2
    store notrap aligned v36, v35  ; v36 = 2
    store notrap aligned v34, v35+8  ; v34 = 5
    v37 = iconst.i64 2
    v38 = stack_addr.i64 ss5
    v39 = iconst.i8 2
    store notrap aligned v39, v38  ; v39 = 2
    store notrap aligned v37, v38+8  ; v37 = 2
    v40 = stack_addr.i64 ss6
    v41 = call fn8(v9, v35, v38, v40)
    brif v41, block1, block5

block5:
    v42 = stack_addr.i64 ss6
    v43 = load.i8 notrap aligned v42
    v44 = iconst.i8 16
    v45 = icmp uge v43, v44  ; v44 = 16
    brif v45, block6, block7

block6:
    call fn3(v42)
    jump block7

block7:
    call fn9(v32)
    v46 = iconst.i64 0
    store notrap aligned v46, v0  ; v46 = 0
    store notrap aligned v46, v0+8  ; v46 = 0
    store notrap aligned v46, v0+16  ; v46 = 0
    call fn10()
    v47 = iconst.i32 0
    return v47  ; v47 = 0

block1:
    call fn10()
    v48 = iconst.i32 1
    return v48  ; v48 = 1
}

;; zeo_unit_init
function u0:2() ccall {
    gv0 = symbol colocated userextname2
    gv1 = symbol colocated userextname3
    gv2 = symbol colocated userextname4
    gv3 = symbol colocated userextname5
    sig0 = (i64, i64) -> i32 ccall
    sig1 = (i64, i32) ccall
    sig2 = (i64) ccall
    fn0 = u0:22 sig0
    fn1 = u0:23 sig1
    fn2 = u0:24 sig2

block0:
    v0 = symbol_value.i64 gv0
    v1 = symbol_value.i64 gv1
    v2 = iconst.i64 32
    v3 = iadd v0, v2  ; v2 = 32
    v4 = iconst.i64 2
    v5 = call fn0(v3, v4)  ; v4 = 2
    store notrap aligned v5, v1
    v6 = iconst.i64 34
    v7 = iadd v0, v6  ; v6 = 34
    v8 = iconst.i64 1
    v9 = call fn0(v7, v8)  ; v8 = 1
    store notrap aligned v9, v1+4
    v10 = iconst.i64 35
    v11 = iadd v0, v10  ; v10 = 35
    v12 = iconst.i64 2
    v13 = call fn0(v11, v12)  ; v12 = 2
    store notrap aligned v13, v1+8
    v14 = iconst.i64 37
    v15 = iadd v0, v14  ; v14 = 37
    v16 = iconst.i64 1
    v17 = call fn0(v15, v16)  ; v16 = 1
    store notrap aligned v17, v1+12
    v18 = iconst.i64 38
    v19 = iadd v0, v18  ; v18 = 38
    v20 = iconst.i64 1
    v21 = call fn0(v19, v20)  ; v20 = 1
    store notrap aligned v21, v1+16
    v22 = iconst.i64 39
    v23 = iadd v0, v22  ; v22 = 39
    v24 = iconst.i64 1
    v25 = call fn0(v23, v24)  ; v24 = 1
    store notrap aligned v25, v1+20
    v26 = iconst.i64 40
    v27 = iadd v0, v26  ; v26 = 40
    v28 = iconst.i64 1
    v29 = call fn0(v27, v28)  ; v28 = 1
    store notrap aligned v29, v1+24
    v30 = symbol_value.i64 gv2
    v31 = iconst.i32 -1
    call fn1(v30, v31)  ; v31 = -1
    v32 = iconst.i64 56
    v33 = iadd v30, v32  ; v32 = 56
    v34 = iconst.i32 -1
    call fn1(v33, v34)  ; v34 = -1
    v35 = iconst.i64 112
    v36 = iadd v30, v35  ; v35 = 112
    v37 = iconst.i32 -1
    call fn1(v36, v37)  ; v37 = -1
    v38 = iconst.i64 168
    v39 = iadd v30, v38  ; v38 = 168
    v40 = iconst.i32 -1
    call fn1(v39, v40)  ; v40 = -1
    v41 = iconst.i64 224
    v42 = iadd v30, v41  ; v41 = 224
    v43 = iconst.i32 -1
    call fn1(v42, v43)  ; v43 = -1
    v44 = iconst.i64 280
    v45 = iadd v30, v44  ; v44 = 280
    v46 = iconst.i32 -1
    call fn1(v45, v46)  ; v46 = -1
    v47 = iconst.i64 336
    v48 = iadd v30, v47  ; v47 = 336
    v49 = iconst.i32 -1
    call fn1(v48, v49)  ; v49 = -1
    v50 = iconst.i64 392
    v51 = iadd v30, v50  ; v50 = 392
    v52 = iconst.i32 -1
    call fn1(v51, v52)  ; v52 = -1
    v53 = iconst.i64 448
    v54 = iadd v30, v53  ; v53 = 448
    v55 = iconst.i32 -1
    call fn1(v54, v55)  ; v55 = -1
    v56 = iconst.i64 504
    v57 = iadd v30, v56  ; v56 = 504
    v58 = iconst.i32 -1
    call fn1(v57, v58)  ; v58 = -1
    v59 = iconst.i64 560
    v60 = iadd v30, v59  ; v59 = 560
    v61 = iconst.i32 -1
    call fn1(v60, v61)  ; v61 = -1
    v62 = iconst.i64 616
    v63 = iadd v30, v62  ; v62 = 616
    v64 = iconst.i32 -1
    call fn1(v63, v64)  ; v64 = -1
    return
}

;; main
function u0:1(i32, i64) -> i32 ccall {
    gv0 = symbol colocated userextname1
    sig0 = (i32, i64, i64) -> i32 ccall
    fn0 = u0:26 sig0

block0(v0: i32, v1: i64):
    v2 = symbol_value.i64 gv0
    v3 = call fn0(v0, v1, v2)
    return v3
}
