---
source: crates/zeo/tests/clif.rs
assertion_line: 175
expression: "clif_of(\"x = ARGV[0]\\np x&.length\\n\")"
---
;; zeo_toplevel
function u0:0(i64) -> i32 ccall {
    ss0 = explicit_slot 24, align = 8
    ss1 = explicit_slot 24, align = 8
    ss2 = explicit_slot 0, align = 8
    ss3 = explicit_slot 8, align = 8
    ss4 = explicit_slot 24, align = 8
    ss5 = explicit_slot 24, align = 8
    ss6 = explicit_slot 24, align = 8
    ss7 = explicit_slot 24, align = 8
    ss8 = explicit_slot 24, align = 8
    ss9 = explicit_slot 24, align = 8
    gv0 = symbol colocated userextname0
    gv1 = symbol colocated userextname1
    gv2 = symbol colocated userextname9
    gv3 = symbol colocated userextname11
    gv4 = symbol colocated userextname11
    gv5 = symbol colocated userextname11
    sig0 = (i64, i64, i64, i64, i32, i32) -> i32 ccall
    sig1 = (i64) ccall
    sig2 = (i64) ccall
    sig3 = (i64, i64, i64, i64, i64, i64, i32, i32, i32, i64) ccall
    sig4 = (i32, i64, i64, i64, i64, i64, i32) ccall
    sig5 = () -> i64 ccall
    sig6 = (i32) ccall
    sig7 = (i64, i64, i64, i64, i64, i64, i64, i8 uext, i64) -> i32 ccall
    sig8 = (i64, i32, i64, i32, i64, i64, i64, i64) -> i32 ccall
    sig9 = (i64) ccall
    sig10 = (i64) ccall
    sig11 = () ccall
    fn0 = u0:1 sig0
    fn1 = u0:2 sig1
    fn2 = u0:3 sig2
    fn3 = u0:4 sig3
    fn4 = u0:5 sig4
    fn5 = u0:6 sig5
    fn6 = u0:7 sig6
    fn7 = u0:8 sig7
    fn8 = u0:9 sig8
    fn9 = u0:10 sig9
    fn10 = u0:11 sig10
    fn11 = u0:12 sig11

block0(v0: i64):
    v126 = iconst.i64 0
    v127 = stack_addr.i64 ss0
    store notrap aligned v126, v127  ; v126 = 0
    store notrap aligned v126, v127+8  ; v126 = 0
    store notrap aligned v126, v127+16  ; v126 = 0
    v1 = symbol_value.i64 gv0
    v2 = symbol_value.i64 gv1
    v3 = iconst.i64 2
    v4 = iconst.i64 2
    v5 = iadd v1, v4  ; v4 = 2
    v6 = iconst.i64 6
    v7 = iconst.i32 0
    v8 = call fn0(v1, v3, v5, v6, v7, v7)  ; v3 = 2, v6 = 6, v7 = 0, v7 = 0
    brif v8, block1, block2

block2:
    v9 = stack_addr.i64 ss1
    call fn1(v9)
    call fn2(v9)
    v10 = stack_addr.i64 ss2
    v11 = iconst.i64 0
    v12 = stack_addr.i64 ss3
    v13 = iconst.i64 2
    v14 = iadd.i64 v1, v13  ; v13 = 2
    v15 = iconst.i64 6
    v16 = iconst.i32 0
    v17 = iconst.i32 0
    v18 = iconst.i32 -1
    v19 = stack_addr.i64 ss4
    call fn3(v9, v10, v12, v11, v14, v15, v16, v17, v18, v19)  ; v11 = 0, v15 = 6, v16 = 0, v17 = 0, v18 = -1
    v20 = stack_addr.i64 ss4
    v21 = load.i8 notrap aligned v20
    v22 = iconst.i8 16
    v23 = icmp uge v21, v22  ; v22 = 16
    brif v23, block3, block4

block3:
    call fn2(v20)
    jump block4

block4:
    v24 = iconst.i64 8
    v25 = iadd.i64 v1, v24  ; v24 = 8
    v26 = iconst.i64 16
    v27 = iconst.i64 2
    v28 = iadd.i64 v1, v27  ; v27 = 2
    v29 = iconst.i64 6
    v30 = iconst.i32 0
    v31 = iconst.i32 0
    call fn4(v30, v25, v26, v20, v28, v29, v31)  ; v30 = 0, v26 = 16, v29 = 6, v31 = 0
    v32 = call fn5()
    v33 = iconst.i32 1
    call fn6(v33)  ; v33 = 1
    v34 = iconst.i64 24
    v35 = iadd.i64 v1, v34  ; v34 = 24
    v36 = iconst.i64 1
    v37 = iconst.i64 28
    v38 = iadd.i64 v1, v37  ; v37 = 28
    v39 = iconst.i64 4
    v40 = iconst.i64 28
    v41 = iadd.i64 v1, v40  ; v40 = 28
    v42 = iconst.i64 4
    v43 = iconst.i8 0
    v44 = stack_addr.i64 ss5
    v45 = symbol_value.i64 gv2
    v46 = call fn7(v45, v35, v36, v38, v39, v41, v42, v43, v44)  ; v36 = 1, v39 = 4, v42 = 4, v43 = 0
    brif v46, block1, block5

block5:
    v47 = stack_addr.i64 ss5
    v48 = load.i8 notrap aligned v47
    v49 = iconst.i8 16
    v50 = icmp uge v48, v49  ; v49 = 16
    brif v50, block6, block7

block6:
    call fn2(v47)
    jump block7

block7:
    v51 = iconst.i64 0
    v52 = stack_addr.i64 ss6
    v53 = iconst.i8 2
    store notrap aligned v53, v52  ; v53 = 2
    store notrap aligned v51, v52+8  ; v51 = 0
    v54 = stack_addr.i64 ss6
    v55 = load.i32 notrap aligned v2
    v56 = iconst.i32 0
    v57 = iconst.i64 1
    v58 = iconst.i64 0
    v59 = stack_addr.i64 ss7
    v60 = symbol_value.i64 gv3
    v61 = call fn8(v60, v56, v47, v55, v54, v57, v58, v59)  ; v56 = 0, v57 = 1, v58 = 0
    brif v61, block1, block8

block8:
    v62 = stack_addr.i64 ss0
    v63 = load.i8 notrap aligned v62
    v64 = iconst.i8 16
    v65 = icmp uge v63, v64  ; v64 = 16
    brif v65, block9, block10

block9:
    call fn9(v62)
    jump block10

block10:
    v66 = stack_addr.i64 ss7
    v67 = load.i64 notrap aligned v66
    store notrap aligned v67, v62
    v68 = load.i64 notrap aligned v66+8
    store notrap aligned v68, v62+8
    v69 = load.i64 notrap aligned v66+16
    store notrap aligned v69, v62+16
    call fn10(v32)
    v70 = call fn5()
    v71 = iconst.i32 2
    call fn6(v71)  ; v71 = 2
    v72 = stack_addr.i64 ss0
    v73 = stack_addr.i64 ss7
    v74 = load.i8 notrap aligned v72
    v75 = iconst.i8 0
    v76 = icmp eq v74, v75  ; v75 = 0
    brif v76, block11, block12

block11:
    v77 = iconst.i64 0
    store notrap aligned v77, v73  ; v77 = 0
    store notrap aligned v77, v73+8  ; v77 = 0
    store notrap aligned v77, v73+16  ; v77 = 0
    jump block13

block12:
    v78 = iconst.i64 0
    v79 = load.i32 notrap aligned v2+4
    v80 = iconst.i32 0
    v81 = iconst.i64 0
    v82 = iconst.i64 0
    v83 = stack_addr.i64 ss5
    v84 = symbol_value.i64 gv4
    v85 = iconst.i64 56
    v86 = iadd v84, v85  ; v85 = 56
    v87 = call fn8(v86, v80, v72, v79, v78, v81, v82, v83)  ; v80 = 0, v78 = 0, v81 = 0, v82 = 0
    brif v87, block1, block14

block14:
    v88 = stack_addr.i64 ss5
    v89 = load.i64 notrap aligned v88
    store notrap aligned v89, v73
    v90 = load.i64 notrap aligned v88+8
    store notrap aligned v90, v73+8
    v91 = load.i64 notrap aligned v88+16
    store notrap aligned v91, v73+16
    jump block13

block13:
    v92 = stack_addr.i64 ss7
    v93 = load.i8 notrap aligned v92
    v94 = iconst.i8 16
    v95 = icmp uge v93, v94  ; v94 = 16
    brif v95, block15, block16

block15:
    call fn2(v92)
    jump block16

block16:
    v96 = stack_addr.i64 ss8
    v97 = stack_addr.i64 ss7
    v98 = load.i64 notrap aligned v97
    store notrap aligned v98, v96
    v99 = load.i64 notrap aligned v97+8
    store notrap aligned v99, v96+8
    v100 = load.i64 notrap aligned v97+16
    store notrap aligned v100, v96+16
    v101 = stack_addr.i64 ss8
    v102 = load.i32 notrap aligned v2+8
    v103 = iconst.i32 0
    v104 = iconst.i64 1
    v105 = iconst.i64 0
    v106 = stack_addr.i64 ss9
    v107 = symbol_value.i64 gv5
    v108 = iconst.i64 112
    v109 = iadd v107, v108  ; v108 = 112
    v110 = call fn8(v109, v103, v9, v102, v101, v104, v105, v106)  ; v103 = 0, v104 = 1, v105 = 0
    brif v110, block1, block17

block17:
    v111 = stack_addr.i64 ss9
    v112 = load.i8 notrap aligned v111
    v113 = iconst.i8 16
    v114 = icmp uge v112, v113  ; v113 = 16
    brif v114, block18, block19

block18:
    call fn2(v111)
    jump block19

block19:
    call fn10(v70)
    v115 = iconst.i64 0
    store notrap aligned v115, v0  ; v115 = 0
    store notrap aligned v115, v0+8  ; v115 = 0
    store notrap aligned v115, v0+16  ; v115 = 0
    v116 = stack_addr.i64 ss0
    v117 = load.i8 notrap aligned v116
    v118 = iconst.i8 16
    v119 = icmp uge v117, v118  ; v118 = 16
    brif v119, block20, block21

block20:
    call fn9(v116)
    jump block21

block21:
    call fn11()
    v120 = iconst.i32 0
    return v120  ; v120 = 0

block1:
    v121 = stack_addr.i64 ss0
    v122 = load.i8 notrap aligned v121
    v123 = iconst.i8 16
    v124 = icmp uge v122, v123  ; v123 = 16
    brif v124, block22, block23

block22:
    call fn9(v121)
    jump block23

block23:
    call fn11()
    v125 = iconst.i32 1
    return v125  ; v125 = 1
}

;; zeo_unit_init
function u0:2() ccall {
    gv0 = symbol colocated userextname2
    gv1 = symbol colocated userextname3
    gv2 = symbol colocated userextname4
    gv3 = symbol colocated userextname5
    gv4 = symbol colocated userextname7
    sig0 = (i64, i64) -> i32 ccall
    sig1 = (i64, i32) ccall
    sig2 = (i64) ccall
    sig3 = (i64, i64) ccall
    fn0 = u0:14 sig0
    fn1 = u0:15 sig1
    fn2 = u0:16 sig2
    fn3 = u0:17 sig3

block0:
    v0 = symbol_value.i64 gv0
    v1 = symbol_value.i64 gv1
    v2 = iconst.i64 32
    v3 = iadd v0, v2  ; v2 = 32
    v4 = iconst.i64 2
    v5 = call fn0(v3, v4)  ; v4 = 2
    store notrap aligned v5, v1
    v6 = iconst.i64 34
    v7 = iadd v0, v6  ; v6 = 34
    v8 = iconst.i64 6
    v9 = call fn0(v7, v8)  ; v8 = 6
    store notrap aligned v9, v1+4
    v10 = iconst.i64 40
    v11 = iadd v0, v10  ; v10 = 40
    v12 = iconst.i64 1
    v13 = call fn0(v11, v12)  ; v12 = 1
    store notrap aligned v13, v1+8
    v14 = symbol_value.i64 gv2
    v15 = iconst.i32 0
    call fn1(v14, v15)  ; v15 = 0
    v16 = iconst.i64 56
    v17 = iadd v14, v16  ; v16 = 56
    v18 = iconst.i32 0
    call fn1(v17, v18)  ; v18 = 0
    v19 = iconst.i64 112
    v20 = iadd v14, v19  ; v19 = 112
    v21 = iconst.i32 -1
    call fn1(v20, v21)  ; v21 = -1
    v22 = symbol_value.i64 gv4
    v23 = iconst.i64 1
    call fn3(v22, v23)  ; v23 = 1
    return
}

;; main
function u0:1(i32, i64) -> i32 ccall {
    gv0 = symbol colocated userextname1
    sig0 = (i32, i64, i64) -> i32 ccall
    fn0 = u0:19 sig0

block0(v0: i32, v1: i64):
    v2 = symbol_value.i64 gv0
    v3 = call fn0(v0, v1, v2)
    return v3
}
