---
source: crates/zeo/tests/clif.rs
expression: "clif_of(\"module M\\n  X = 1\\n  private_constant :X\\nend\\nbegin\\n  p M::X\\nrescue NameError => e\\n  puts e.message\\nend\\n\",)"
---
;; <module:M>
function u0:1(i64, i64) -> i32 ccall {
    ss0 = explicit_slot 24, align = 8
    gv0 = symbol colocated userextname0
    gv1 = symbol colocated userextname1
    gv2 = symbol userextname4
    gv3 = symbol userextname7
    gv4 = symbol userextname4
    gv5 = symbol userextname4
    gv6 = symbol userextname4
    gv7 = symbol userextname4
    sig0 = () -> i32 ccall
    sig1 = () -> i64 ccall
    sig2 = (i64, i64, i64, i64, i32, i32) -> i32 ccall
    sig3 = (i64, i64, i64, i64, i32, i32) ccall
    sig4 = () -> i32 ccall
    sig5 = (i32) ccall
    sig6 = (i32, i64, i64, i64, i64, i64, i32) ccall
    sig7 = (i64, i64, i64, i8 uext) ccall
    sig8 = () ccall
    sig9 = (i64) ccall
    fn0 = colocated u0:1 sig0
    fn1 = colocated u0:2 sig1
    fn2 = colocated u0:3 sig2
    fn3 = colocated u0:4 sig3
    fn4 = colocated u0:5 sig4
    fn5 = colocated u0:6 sig5
    fn6 = colocated u0:7 sig6
    fn7 = colocated u0:8 sig7
    fn8 = colocated u0:9 sig8
    fn9 = colocated u0:10 sig9

block0(v0: i64, v1: i64):
    v2 = symbol_value.i64 gv0
    v3 = symbol_value.i64 gv1
    v4 = call fn0()
    brif v4, block3, block4

block3:
    v5 = iconst.i32 1
    return v5  ; v5 = 1

block4:
    v6 = iconst.i64 2
    v7 = iconst.i64 2
    v8 = iadd.i64 v2, v7  ; v7 = 2
    v9 = iconst.i64 10
    v10 = iconst.i32 1
    v11 = iconst.i32 4
    v12 = call fn1()
    v13 = symbol_value.i64 gv2
    v14 = load.i16 notrap aligned v13
    v15 = iconst.i16 512
    v16 = band v14, v15  ; v15 = 512
    brif v16, block5, block6

block5 cold:
    v17 = call fn2(v2, v6, v8, v9, v10, v11)  ; v6 = 2, v9 = 10, v10 = 1, v11 = 4
    brif v17, block1, block8

block8:
    jump block7

block6:
    v18 = load.i64 notrap aligned v12
    v19 = load.i64 notrap aligned v12+16
    v20 = icmp eq v18, v19
    brif v20, block9, block10

block9 cold:
    call fn3(v2, v6, v8, v9, v10, v11)  ; v6 = 2, v9 = 10, v10 = 1, v11 = 4
    jump block11

block10:
    store.i64 notrap aligned v2, v18
    store.i64 notrap aligned v6, v18+8  ; v6 = 2
    store.i64 notrap aligned v8, v18+16
    store.i64 notrap aligned v9, v18+24  ; v9 = 10
    store.i32 notrap aligned v10, v18+32  ; v10 = 1
    store.i32 notrap aligned v11, v18+36  ; v11 = 4
    v21 = load.i64 notrap aligned v12+24
    v22 = load.i64 notrap aligned v12+32
    v23 = isub v21, v22
    v24 = iconst.i64 24
    v25 = udiv v23, v24  ; v24 = 24
    v26 = ireduce.i32 v25
    store notrap aligned v26, v18+40
    v27 = iconst.i64 48
    v28 = iadd.i64 v18, v27  ; v27 = 48
    store notrap aligned v28, v12
    jump block11

block11:
    v29 = symbol_value.i64 gv3
    v30 = load.i32 notrap aligned v29
    brif v30, block12, block13

block12 cold:
    v31 = call fn4()
    brif v31, block1, block13

block13:
    jump block7

block7:
    v32 = iconst.i32 2
    v33 = symbol_value.i64 gv4
    v34 = load.i16 notrap aligned v33
    v35 = iconst.i16 512
    v36 = band v34, v35  ; v35 = 512
    brif v36, block14, block15

block14 cold:
    call fn5(v32)  ; v32 = 2
    jump block16

block15:
    v37 = load.i64 notrap aligned v12
    v38 = load.i64 notrap aligned v12+8
    v39 = icmp eq v37, v38
    brif v39, block16, block17

block17:
    store.i32 notrap aligned v32, v37-16  ; v32 = 2
    jump block16

block16:
    v40 = iconst.i64 1
    v41 = stack_addr.i64 ss0
    v42 = iconst.i8 2
    store notrap aligned v42, v41  ; v42 = 2
    store notrap aligned v40, v41+8  ; v40 = 1
    v43 = iconst.i32 405
    v44 = iconst.i64 12
    v45 = iadd.i64 v2, v44  ; v44 = 12
    v46 = iconst.i64 1
    v47 = iconst.i64 2
    v48 = iconst.i32 2
    call fn6(v43, v45, v46, v41, v2, v47, v48)  ; v43 = 405, v46 = 1, v47 = 2, v48 = 2
    v49 = iconst.i32 3
    v50 = symbol_value.i64 gv5
    v51 = load.i16 notrap aligned v50
    v52 = iconst.i16 512
    v53 = band v51, v52  ; v52 = 512
    brif v53, block18, block19

block18 cold:
    call fn5(v49)  ; v49 = 3
    jump block20

block19:
    v54 = load.i64 notrap aligned v12
    v55 = load.i64 notrap aligned v12+8
    v56 = icmp eq v54, v55
    brif v56, block20, block21

block21:
    store.i32 notrap aligned v49, v54-16  ; v49 = 3
    jump block20

block20:
    v57 = iconst.i8 1
    v58 = iconst.i64 12
    v59 = iadd.i64 v2, v58  ; v58 = 12
    v60 = iconst.i64 1
    call fn7(v0, v59, v60, v57)  ; v60 = 1, v57 = 1
    v61 = iconst.i64 0
    store notrap aligned v61, v1  ; v61 = 0
    store notrap aligned v61, v1+8  ; v61 = 0
    store notrap aligned v61, v1+16  ; v61 = 0
    jump block2

block2:
    v62 = symbol_value.i64 gv6
    v63 = load.i16 notrap aligned v62
    v64 = iconst.i16 512
    v65 = band v63, v64  ; v64 = 512
    brif v65, block22, block23

block22 cold:
    call fn8()
    jump block24

block23:
    v66 = load.i64 notrap aligned v12
    v67 = load.i64 notrap aligned v12+8
    v68 = icmp eq v66, v67
    brif v68, block24, block25

block25:
    v69 = iconst.i64 -48
    v70 = iadd.i64 v66, v69  ; v69 = -48
    store notrap aligned v70, v12
    v71 = load.i32 notrap aligned v70+40
    v72 = iconst.i32 -1
    v73 = icmp eq v71, v72  ; v72 = -1
    brif v73, block24, block26

block26:
    v74 = load.i64 notrap aligned v12+24
    v75 = load.i64 notrap aligned v12+32
    v76 = isub v74, v75
    v77 = iconst.i64 24
    v78 = udiv v76, v77  ; v77 = 24
    v79 = uextend.i64 v71
    v80 = icmp ugt v78, v79
    brif v80, block27, block24

block27 cold:
    call fn9(v79)
    jump block24

block24:
    v81 = iconst.i32 0
    return v81  ; v81 = 0

block1:
    v82 = symbol_value.i64 gv7
    v83 = load.i16 notrap aligned v82
    v84 = iconst.i16 512
    v85 = band v83, v84  ; v84 = 512
    brif v85, block28, block29

block28 cold:
    call fn8()
    jump block30

block29:
    v86 = load.i64 notrap aligned v12
    v87 = load.i64 notrap aligned v12+8
    v88 = icmp eq v86, v87
    brif v88, block30, block31

block31:
    v89 = iconst.i64 -48
    v90 = iadd.i64 v86, v89  ; v89 = -48
    store notrap aligned v90, v12
    v91 = load.i32 notrap aligned v90+40
    v92 = iconst.i32 -1
    v93 = icmp eq v91, v92  ; v92 = -1
    brif v93, block30, block32

block32:
    v94 = load.i64 notrap aligned v12+24
    v95 = load.i64 notrap aligned v12+32
    v96 = isub v94, v95
    v97 = iconst.i64 24
    v98 = udiv v96, v97  ; v97 = 24
    v99 = uextend.i64 v91
    v100 = icmp ugt v98, v99
    brif v100, block33, block30

block33 cold:
    call fn9(v99)
    jump block30

block30:
    v101 = iconst.i32 1
    return v101  ; v101 = 1
}

;; zeo_toplevel
function u0:0(i64) -> i32 ccall {
    ss0 = explicit_slot 24, align = 8
    ss1 = explicit_slot 24, align = 8
    ss2 = explicit_slot 0, align = 8
    ss3 = explicit_slot 8, align = 8
    ss4 = explicit_slot 24, align = 8
    ss5 = explicit_slot 24, align = 8
    ss6 = explicit_slot 24, align = 8
    ss7 = explicit_slot 24, align = 8
    ss8 = explicit_slot 24, align = 8
    ss9 = explicit_slot 24, align = 8
    ss10 = explicit_slot 24, align = 8
    gv0 = symbol colocated userextname0
    gv1 = symbol colocated userextname1
    gv2 = symbol userextname3
    gv3 = symbol userextname6
    gv4 = symbol userextname3
    gv5 = symbol userextname3
    gv6 = symbol userextname3
    gv7 = symbol colocated userextname19
    gv8 = symbol userextname3
    gv9 = symbol colocated userextname19
    gv10 = symbol userextname3
    gv11 = symbol userextname3
    sig0 = () -> i64 ccall
    sig1 = (i64, i64, i64, i64, i32, i32) -> i32 ccall
    sig2 = (i64, i64, i64, i64, i32, i32) ccall
    sig3 = () -> i32 ccall
    sig4 = (i64) ccall
    sig5 = (i64) ccall
    sig6 = (i64, i64, i64, i64, i64, i64, i32, i32, i32, i64) ccall
    sig7 = (i32, i64, i64, i64, i64, i64, i32) ccall
    sig8 = (i32) ccall
    sig9 = (i32, i64, i64, i64, i64, i32) ccall
    sig10 = (i64, i64) -> i32 ccall
    sig11 = (i64) ccall
    sig12 = (i32, i64, i64) -> i8 ccall
    sig13 = (i32, i64, i64, i64, i64) -> i32 ccall
    sig14 = (i32, i64, i64, i64, i64, i8 uext, i64) -> i32 ccall
    sig15 = (i64, i32, i64, i32, i64, i64, i64, i64) -> i32 ccall
    sig16 = () -> i8 ccall
    sig17 = (i64) -> i8 ccall
    sig18 = (i64, i64, i64) -> i8 ccall
    sig19 = (i64) ccall
    sig20 = (i64) ccall
    sig21 = (i64) ccall
    sig22 = (i64, i64, i64) -> i32 ccall
    sig23 = () ccall
    sig24 = (i8 uext, i64) ccall
    sig25 = () ccall
    fn0 = colocated u0:2 sig0
    fn1 = colocated u0:3 sig1
    fn2 = colocated u0:4 sig2
    fn3 = colocated u0:5 sig3
    fn4 = colocated u0:12 sig4
    fn5 = colocated u0:13 sig5
    fn6 = colocated u0:14 sig6
    fn7 = colocated u0:7 sig7
    fn8 = colocated u0:6 sig8
    fn9 = colocated u0:15 sig9
    fn10 = colocated u0:0 sig10
    fn11 = colocated u0:10 sig11
    fn12 = colocated u0:16 sig12
    fn13 = colocated u0:17 sig13
    fn14 = colocated u0:18 sig14
    fn15 = colocated u0:19 sig15
    fn16 = colocated u0:20 sig16
    fn17 = colocated u0:21 sig17
    fn18 = colocated u0:22 sig18
    fn19 = colocated u0:23 sig19
    fn20 = colocated u0:24 sig20
    fn21 = colocated u0:25 sig21
    fn22 = colocated u0:26 sig22
    fn23 = colocated u0:27 sig23
    fn24 = colocated u0:28 sig24
    fn25 = colocated u0:9 sig25

block0(v0: i64):
    v287 = iconst.i64 0
    v288 = stack_addr.i64 ss0
    store notrap aligned v287, v288  ; v287 = 0
    store notrap aligned v287, v288+8  ; v287 = 0
    store notrap aligned v287, v288+16  ; v287 = 0
    v1 = symbol_value.i64 gv0
    v2 = symbol_value.i64 gv1
    v3 = iconst.i64 2
    v4 = iconst.i64 13
    v5 = iadd v1, v4  ; v4 = 13
    v6 = iconst.i64 6
    v7 = iconst.i32 0
    v8 = call fn0()
    v9 = symbol_value.i64 gv2
    v10 = load.i16 notrap aligned v9
    v11 = iconst.i16 512
    v12 = band v10, v11  ; v11 = 512
    brif v12, block2, block3

block2 cold:
    v13 = call fn1(v1, v3, v5, v6, v7, v7)  ; v3 = 2, v6 = 6, v7 = 0, v7 = 0
    brif v13, block1, block5

block5:
    jump block4

block3:
    v14 = load.i64 notrap aligned v8
    v15 = load.i64 notrap aligned v8+16
    v16 = icmp eq v14, v15
    brif v16, block6, block7

block6 cold:
    call fn2(v1, v3, v5, v6, v7, v7)  ; v3 = 2, v6 = 6, v7 = 0, v7 = 0
    jump block8

block7:
    store.i64 notrap aligned v1, v14
    store.i64 notrap aligned v3, v14+8  ; v3 = 2
    store.i64 notrap aligned v5, v14+16
    store.i64 notrap aligned v6, v14+24  ; v6 = 6
    store.i32 notrap aligned v7, v14+32  ; v7 = 0
    store.i32 notrap aligned v7, v14+36  ; v7 = 0
    v17 = load.i64 notrap aligned v8+24
    v18 = load.i64 notrap aligned v8+32
    v19 = isub v17, v18
    v20 = iconst.i64 24
    v21 = udiv v19, v20  ; v20 = 24
    v22 = ireduce.i32 v21
    store notrap aligned v22, v14+40
    v23 = iconst.i64 48
    v24 = iadd.i64 v14, v23  ; v23 = 48
    store notrap aligned v24, v8
    jump block8

block8:
    v25 = symbol_value.i64 gv3
    v26 = load.i32 notrap aligned v25
    brif v26, block9, block10

block9 cold:
    v27 = call fn3()
    brif v27, block1, block10

block10:
    jump block4

block4:
    v28 = stack_addr.i64 ss1
    call fn4(v28)
    call fn5(v28)
    v29 = stack_addr.i64 ss2
    v30 = iconst.i64 0
    v31 = stack_addr.i64 ss3
    v32 = iconst.i64 13
    v33 = iadd.i64 v1, v32  ; v32 = 13
    v34 = iconst.i64 6
    v35 = iconst.i32 0
    v36 = iconst.i32 0
    v37 = iconst.i32 -1
    v38 = stack_addr.i64 ss4
    call fn6(v28, v29, v31, v30, v33, v34, v35, v36, v37, v38)  ; v30 = 0, v34 = 6, v35 = 0, v36 = 0, v37 = -1
    v39 = stack_addr.i64 ss4
    v40 = load.i8 notrap aligned v39
    v41 = iconst.i8 16
    v42 = icmp uge v40, v41  ; v41 = 16
    brif v42, block11, block12

block11:
    call fn5(v39)
    jump block12

block12:
    v43 = iconst.i64 19
    v44 = iadd.i64 v1, v43  ; v43 = 19
    v45 = iconst.i64 16
    v46 = iconst.i64 13
    v47 = iadd.i64 v1, v46  ; v46 = 13
    v48 = iconst.i64 6
    v49 = iconst.i32 0
    v50 = iconst.i32 0
    call fn7(v49, v44, v45, v39, v47, v48, v50)  ; v49 = 0, v45 = 16, v48 = 6, v50 = 0
    v51 = load.i64 notrap aligned v8+24
    v52 = load.i64 notrap aligned v8+32
    v53 = isub v51, v52
    v54 = iconst.i64 24
    v55 = udiv v53, v54  ; v54 = 24
    v56 = iconst.i32 1
    v57 = symbol_value.i64 gv4
    v58 = load.i16 notrap aligned v57
    v59 = iconst.i16 512
    v60 = band v58, v59  ; v59 = 512
    brif v60, block13, block14

block13 cold:
    call fn8(v56)  ; v56 = 1
    jump block15

block14:
    v61 = load.i64 notrap aligned v8
    v62 = load.i64 notrap aligned v8+8
    v63 = icmp eq v61, v62
    brif v63, block15, block16

block16:
    store.i32 notrap aligned v56, v61-16  ; v56 = 1
    jump block15

block15:
    v64 = iconst.i32 0
    v65 = iconst.i64 35
    v66 = iadd.i64 v1, v65  ; v65 = 35
    v67 = iconst.i64 1
    v68 = iconst.i64 2
    v69 = iconst.i32 1
    call fn9(v64, v66, v67, v1, v68, v69)  ; v64 = 0, v67 = 1, v68 = 2, v69 = 1
    v70 = stack_addr.i64 ss5
    v71 = iconst.i64 0
    store notrap aligned v71, v70  ; v71 = 0
    store notrap aligned v71, v70+8  ; v71 = 0
    store notrap aligned v71, v70+16  ; v71 = 0
    v72 = iconst.i8 5
    store notrap aligned v72, v70  ; v72 = 5
    v73 = iconst.i32 405
    store notrap aligned v73, v70+8  ; v73 = 405
    v74 = stack_addr.i64 ss6
    v75 = call fn10(v70, v74)
    brif v75, block1, block17

block17:
    v76 = stack_addr.i64 ss6
    v77 = load.i8 notrap aligned v76
    v78 = iconst.i8 16
    v79 = icmp uge v77, v78  ; v78 = 16
    brif v79, block18, block19

block18:
    call fn5(v76)
    jump block19

block19:
    v80 = load.i64 notrap aligned v8+24
    v81 = load.i64 notrap aligned v8+32
    v82 = isub v80, v81
    v83 = iconst.i64 24
    v84 = udiv v82, v83  ; v83 = 24
    v85 = icmp ugt v84, v55
    brif v85, block20, block21

block20 cold:
    call fn11(v55)
    jump block21

block21:
    v86 = load.i64 notrap aligned v8+24
    v87 = load.i64 notrap aligned v8+32
    v88 = isub v86, v87
    v89 = iconst.i64 24
    v90 = udiv v88, v89  ; v89 = 24
    v91 = iconst.i32 5
    v92 = symbol_value.i64 gv5
    v93 = load.i16 notrap aligned v92
    v94 = iconst.i16 512
    v95 = band v93, v94  ; v94 = 512
    brif v95, block22, block23

block22 cold:
    call fn8(v91)  ; v91 = 5
    jump block24

block23:
    v96 = load.i64 notrap aligned v8
    v97 = load.i64 notrap aligned v8+8
    v98 = icmp eq v96, v97
    brif v98, block24, block25

block25:
    store.i32 notrap aligned v91, v96-16  ; v91 = 5
    jump block24

block24:
    jump block28

block28:
    v99 = load.i64 notrap aligned v8+24
    v100 = load.i64 notrap aligned v8+32
    v101 = isub v99, v100
    v102 = iconst.i64 24
    v103 = udiv v101, v102  ; v102 = 24
    v104 = iconst.i32 6
    v105 = symbol_value.i64 gv6
    v106 = load.i16 notrap aligned v105
    v107 = iconst.i16 512
    v108 = band v106, v107  ; v107 = 512
    brif v108, block29, block30

block29 cold:
    call fn8(v104)  ; v104 = 6
    jump block31

block30:
    v109 = load.i64 notrap aligned v8
    v110 = load.i64 notrap aligned v8+8
    v111 = icmp eq v109, v110
    brif v111, block31, block32

block32:
    store.i32 notrap aligned v104, v109-16  ; v104 = 6
    jump block31

block31:
    v112 = iconst.i32 405
    v113 = iconst.i64 12
    v114 = iadd.i64 v1, v113  ; v113 = 12
    v115 = iconst.i64 1
    v116 = call fn12(v112, v114, v115)  ; v112 = 405, v115 = 1
    brif v116, block33, block34

block33:
    v117 = iconst.i32 405
    v118 = iconst.i64 12
    v119 = iadd.i64 v1, v118  ; v118 = 12
    v120 = iconst.i64 1
    v121 = iconst.i64 36
    v122 = iadd.i64 v1, v121  ; v121 = 36
    v123 = iconst.i64 4
    v124 = call fn13(v117, v119, v120, v122, v123)  ; v117 = 405, v120 = 1, v123 = 4
    brif v124, block27, block35

block35:
    jump block34

block34:
    v125 = iconst.i32 405
    v126 = iconst.i64 12
    v127 = iadd.i64 v1, v126  ; v126 = 12
    v128 = iconst.i64 1
    v129 = iconst.i64 36
    v130 = iadd.i64 v1, v129  ; v129 = 36
    v131 = iconst.i64 4
    v132 = iconst.i8 0
    v133 = stack_addr.i64 ss6
    v134 = call fn14(v125, v127, v128, v130, v131, v132, v133)  ; v125 = 405, v128 = 1, v131 = 4, v132 = 0
    brif v134, block27, block36

block36:
    v135 = stack_addr.i64 ss6
    v136 = load.i8 notrap aligned v135
    v137 = iconst.i8 16
    v138 = icmp uge v136, v137  ; v137 = 16
    brif v138, block37, block38

block37:
    call fn5(v135)
    jump block38

block38:
    v139 = stack_addr.i64 ss7
    v140 = stack_addr.i64 ss6
    v141 = load.i64 notrap aligned v140
    store notrap aligned v141, v139
    v142 = load.i64 notrap aligned v140+8
    store notrap aligned v142, v139+8
    v143 = load.i64 notrap aligned v140+16
    store notrap aligned v143, v139+16
    v144 = stack_addr.i64 ss7
    v145 = load.i32 notrap aligned v2
    v146 = iconst.i32 0
    v147 = iconst.i64 1
    v148 = iconst.i64 0
    v149 = stack_addr.i64 ss5
    v150 = symbol_value.i64 gv7
    v151 = call fn15(v150, v146, v28, v145, v144, v147, v148, v149)  ; v146 = 0, v147 = 1, v148 = 0
    brif v151, block27, block39

block39:
    v152 = stack_addr.i64 ss5
    v153 = load.i8 notrap aligned v152
    v154 = iconst.i8 16
    v155 = icmp uge v153, v154  ; v154 = 16
    brif v155, block40, block41

block40:
    call fn5(v152)
    jump block41

block41:
    v156 = load.i64 notrap aligned v8+24
    v157 = load.i64 notrap aligned v8+32
    v158 = isub v156, v157
    v159 = iconst.i64 24
    v160 = udiv v158, v159  ; v159 = 24
    v161 = icmp ugt v160, v103
    brif v161, block42, block43

block42 cold:
    call fn11(v103)
    jump block43

block43:
    jump block26

block27:
    v162 = call fn16()
    v163 = iconst.i8 6
    v164 = icmp eq v162, v163  ; v163 = 6
    brif v164, block44, block1

block44:
    v165 = stack_addr.i64 ss5
    v166 = call fn17(v165)
    v167 = load.i8 notrap aligned v165
    v168 = iconst.i8 16
    v169 = icmp uge v167, v168  ; v168 = 16
    brif v169, block45, block46

block45:
    call fn5(v165)
    jump block46

block46:
    v170 = stack_addr.i64 ss6
    v171 = iconst.i8 0
    store notrap aligned v171, v170  ; v171 = 0
    v172 = iconst.i64 40
    v173 = iadd.i64 v1, v172  ; v172 = 40
    v174 = iconst.i64 1
    v175 = call fn18(v165, v173, v174)  ; v174 = 1
    brif v175, block48, block50

block50:
    jump block49

block48:
    v176 = iconst.i8 1
    store notrap aligned v176, v170  ; v176 = 1
    jump block49

block49:
    v177 = load.i8 notrap aligned v170
    brif v177, block51, block52

block51:
    call fn19(v165)
    v178 = stack_addr.i64 ss0
    v179 = load.i8 notrap aligned v165
    v180 = iconst.i8 16
    v181 = icmp uge v179, v180  ; v180 = 16
    brif v181, block53, block54

block53:
    call fn20(v165)
    jump block54

block54:
    v182 = load.i8 notrap aligned v178
    v183 = iconst.i8 16
    v184 = icmp uge v182, v183  ; v183 = 16
    brif v184, block55, block56

block55:
    call fn21(v178)
    jump block56

block56:
    v185 = load.i64 notrap aligned v165
    store notrap aligned v185, v178
    v186 = load.i64 notrap aligned v165+8
    store notrap aligned v186, v178+8
    v187 = load.i64 notrap aligned v165+16
    store notrap aligned v187, v178+16
    v188 = load.i64 notrap aligned v8+24
    v189 = load.i64 notrap aligned v8+32
    v190 = isub v188, v189
    v191 = iconst.i64 24
    v192 = udiv v190, v191  ; v191 = 24
    v193 = iconst.i32 8
    v194 = symbol_value.i64 gv8
    v195 = load.i16 notrap aligned v194
    v196 = iconst.i16 512
    v197 = band v195, v196  ; v196 = 512
    brif v197, block58, block59

block58 cold:
    call fn8(v193)  ; v193 = 8
    jump block60

block59:
    v198 = load.i64 notrap aligned v8
    v199 = load.i64 notrap aligned v8+8
    v200 = icmp eq v198, v199
    brif v200, block60, block61

block61:
    store.i32 notrap aligned v193, v198-16  ; v193 = 8
    jump block60

block60:
    v201 = stack_addr.i64 ss0
    v202 = iconst.i64 0
    v203 = load.i32 notrap aligned v2+4
    v204 = iconst.i32 0
    v205 = iconst.i64 0
    v206 = iconst.i64 0
    v207 = stack_addr.i64 ss9
    v208 = symbol_value.i64 gv9
    v209 = iconst.i64 56
    v210 = iadd v208, v209  ; v209 = 56
    v211 = call fn15(v210, v204, v201, v203, v202, v205, v206, v207)  ; v204 = 0, v202 = 0, v205 = 0, v206 = 0
    brif v211, block57, block62

block62:
    v212 = stack_addr.i64 ss9
    v213 = load.i8 notrap aligned v212
    v214 = iconst.i8 16
    v215 = icmp uge v213, v214  ; v214 = 16
    brif v215, block63, block64

block63:
    call fn5(v212)
    jump block64

block64:
    v216 = stack_addr.i64 ss8
    v217 = stack_addr.i64 ss9
    v218 = load.i64 notrap aligned v217
    store notrap aligned v218, v216
    v219 = load.i64 notrap aligned v217+8
    store notrap aligned v219, v216+8
    v220 = load.i64 notrap aligned v217+16
    store notrap aligned v220, v216+16
    v221 = stack_addr.i64 ss8
    v222 = iconst.i64 1
    v223 = stack_addr.i64 ss10
    v224 = call fn22(v221, v222, v223)  ; v222 = 1
    brif v224, block57, block65

block65:
    v225 = load.i64 notrap aligned v8+24
    v226 = load.i64 notrap aligned v8+32
    v227 = isub v225, v226
    v228 = iconst.i64 24
    v229 = udiv v227, v228  ; v228 = 24
    v230 = icmp ugt v229, v192
    brif v230, block66, block67

block66 cold:
    call fn11(v192)
    jump block67

block67:
    call fn23()
    jump block26

block57:
    call fn23()
    jump block1

block52:
    jump block47

block47:
    v231 = iconst.i8 6
    call fn20(v165)
    call fn24(v231, v165)  ; v231 = 6
    jump block1

block26:
    v232 = load.i64 notrap aligned v8+24
    v233 = load.i64 notrap aligned v8+32
    v234 = isub v232, v233
    v235 = iconst.i64 24
    v236 = udiv v234, v235  ; v235 = 24
    v237 = icmp ugt v236, v90
    brif v237, block68, block69

block68 cold:
    call fn11(v90)
    jump block69

block69:
    v238 = iconst.i64 0
    store notrap aligned v238, v0  ; v238 = 0
    store notrap aligned v238, v0+8  ; v238 = 0
    store notrap aligned v238, v0+16  ; v238 = 0
    v239 = stack_addr.i64 ss0
    v240 = load.i8 notrap aligned v239
    v241 = iconst.i8 16
    v242 = icmp uge v240, v241  ; v241 = 16
    brif v242, block70, block71

block70:
    call fn21(v239)
    jump block71

block71:
    v243 = symbol_value.i64 gv10
    v244 = load.i16 notrap aligned v243
    v245 = iconst.i16 512
    v246 = band v244, v245  ; v245 = 512
    brif v246, block72, block73

block72 cold:
    call fn25()
    jump block74

block73:
    v247 = load.i64 notrap aligned v8
    v248 = load.i64 notrap aligned v8+8
    v249 = icmp eq v247, v248
    brif v249, block74, block75

block75:
    v250 = iconst.i64 -48
    v251 = iadd.i64 v247, v250  ; v250 = -48
    store notrap aligned v251, v8
    v252 = load.i32 notrap aligned v251+40
    v253 = iconst.i32 -1
    v254 = icmp eq v252, v253  ; v253 = -1
    brif v254, block74, block76

block76:
    v255 = load.i64 notrap aligned v8+24
    v256 = load.i64 notrap aligned v8+32
    v257 = isub v255, v256
    v258 = iconst.i64 24
    v259 = udiv v257, v258  ; v258 = 24
    v260 = uextend.i64 v252
    v261 = icmp ugt v259, v260
    brif v261, block77, block74

block77 cold:
    call fn11(v260)
    jump block74

block74:
    v262 = iconst.i32 0
    return v262  ; v262 = 0

block1:
    v263 = stack_addr.i64 ss0
    v264 = load.i8 notrap aligned v263
    v265 = iconst.i8 16
    v266 = icmp uge v264, v265  ; v265 = 16
    brif v266, block78, block79

block78:
    call fn21(v263)
    jump block79

block79:
    v267 = symbol_value.i64 gv11
    v268 = load.i16 notrap aligned v267
    v269 = iconst.i16 512
    v270 = band v268, v269  ; v269 = 512
    brif v270, block80, block81

block80 cold:
    call fn25()
    jump block82

block81:
    v271 = load.i64 notrap aligned v8
    v272 = load.i64 notrap aligned v8+8
    v273 = icmp eq v271, v272
    brif v273, block82, block83

block83:
    v274 = iconst.i64 -48
    v275 = iadd.i64 v271, v274  ; v274 = -48
    store notrap aligned v275, v8
    v276 = load.i32 notrap aligned v275+40
    v277 = iconst.i32 -1
    v278 = icmp eq v276, v277  ; v277 = -1
    brif v278, block82, block84

block84:
    v279 = load.i64 notrap aligned v8+24
    v280 = load.i64 notrap aligned v8+32
    v281 = isub v279, v280
    v282 = iconst.i64 24
    v283 = udiv v281, v282  ; v282 = 24
    v284 = uextend.i64 v276
    v285 = icmp ugt v283, v284
    brif v285, block85, block82

block85 cold:
    call fn11(v284)
    jump block82

block82:
    v286 = iconst.i32 1
    return v286  ; v286 = 1
}

;; zeo_unit_init
function u0:2() ccall {
    gv0 = symbol colocated userextname2
    gv1 = symbol colocated userextname3
    gv2 = symbol colocated userextname4
    gv3 = symbol colocated userextname5
    gv4 = symbol colocated userextname6
    gv5 = symbol colocated userextname8
    gv6 = symbol colocated userextname10
    gv7 = symbol colocated userextname12
    sig0 = (i64, i64, i64) ccall
    sig1 = (i64, i64, i64) ccall
    sig2 = (i64, i64) ccall
    sig3 = (i64, i64) ccall
    sig4 = (i64, i64) ccall
    sig5 = (i64, i64) ccall
    fn0 = u0:30 sig0
    fn1 = u0:31 sig1
    fn2 = u0:32 sig2
    fn3 = u0:33 sig3
    fn4 = u0:34 sig4
    fn5 = u0:35 sig5

block0:
    v0 = symbol_value.i64 gv0
    v1 = iconst.i64 2
    v2 = symbol_value.i64 gv2
    call fn0(v0, v1, v2)  ; v1 = 2
    v3 = symbol_value.i64 gv3
    v4 = symbol_value.i64 gv1
    v5 = iconst.i64 2
    call fn1(v3, v4, v5)  ; v5 = 2
    return
}

;; main
function u0:1(i32, i64) -> i32 ccall {
    gv0 = symbol colocated userextname1
    sig0 = (i32, i64, i64) -> i32 ccall
    fn0 = u0:37 sig0

block0(v0: i32, v1: i64):
    v2 = symbol_value.i64 gv0
    v3 = call fn0(v0, v1, v2)
    return v3
}
