F*

Pending: (Failures listed here are expected and do not affect your suite's status)

  1) arithmetic is pending
     # not yet
     Failure/Error: raise "still broken"

     RuntimeError:
       still broken
     # ./milestones/pending/rspec_reports_a_failure.rb:35:in 'block (2 levels) in <main>'

Failures:

  1) arithmetic reports a failure
     Failure/Error: expect(1).to eq(2)

       expected: 2
            got: 1

       (compared using ==)
     # ./milestones/pending/rspec_reports_a_failure.rb:30:in 'block (2 levels) in <main>'

Finished in <time>
2 examples, 1 failure, 1 pending

Failed examples:

rspec ./milestones/pending/rspec_reports_a_failure.rb:29 # arithmetic reports a failure

