true
true
Prism::LocalVariableWriteNode
:x
Prism::CallNode
[:IDENTIFIER, :DOT, :IDENTIFIER, :PARENTHESIS_LEFT, :INTEGER, :PARENTHESIS_RIGHT, :EOF]
Prism::ProgramNode
[[:IDENTIFIER, "a"], [:EQUAL, "="], [:INTEGER, "1"], [:NEWLINE, "\n"], [:EOF, "\n"]]
[1, 0, 0, 6]
"puts 1"
true
false
true
false
String
Prism::LocalVariableReadNode
Prism::CallNode
[:map, :upcase, :to_s]
#<Encoding:BINARY (ASCII-8BIT)>
true
