---
source: crates/zeo/tests/checks/clif.rs
expression: "clif_of(\"x = ARGV.length + 1.5\\ny = ARGV.length + 2.5\\np x + y\\np x * y\\np x % y\\np x <=> y\\n\",)"
---
;; zeo_toplevel
function u0:0(i64) -> i32 ccall {
    ss0 = explicit_slot 24, align = 8
    ss1 = explicit_slot 24, align = 8
    ss2 = explicit_slot 24, align = 8
    ss3 = explicit_slot 0, align = 8
    ss4 = explicit_slot 8, align = 8
    ss5 = explicit_slot 24, align = 8
    ss6 = explicit_slot 24, align = 8
    ss7 = explicit_slot 24, align = 8
    ss8 = explicit_slot 24, align = 8
    ss9 = explicit_slot 24, align = 8
    ss10 = explicit_slot 24, align = 8
    ss11 = explicit_slot 24, align = 8
    ss12 = explicit_slot 24, align = 8
    ss13 = explicit_slot 24, align = 8
    gv0 = symbol colocated userextname0
    gv1 = symbol colocated userextname1
    gv2 = symbol userextname3
    gv3 = symbol userextname6
    gv4 = symbol colocated userextname13
    gv5 = symbol colocated userextname15
    gv6 = symbol colocated userextname15
    gv7 = symbol colocated userextname13
    gv8 = symbol colocated userextname15
    gv9 = symbol colocated userextname15
    gv10 = symbol colocated userextname15
    gv11 = symbol colocated userextname15
    gv12 = symbol colocated userextname15
    gv13 = symbol colocated userextname15
    gv14 = symbol colocated userextname15
    gv15 = symbol colocated userextname15
    gv16 = symbol colocated userextname15
    gv17 = symbol colocated userextname15
    sig0 = () -> i64 ccall
    sig1 = (i64, i64, i64, i64, i32, i32) -> i32 ccall
    sig2 = (i64, i64, i64, i64, i32, i32) ccall
    sig3 = () -> i32 ccall
    sig4 = (i64) ccall
    sig5 = (i64) ccall
    sig6 = (i64, i64, i64, i64, i64, i64, i32, i32, i32, i64) ccall
    sig7 = (i32, i64, i64, i64, i64, i64, i32, i32) ccall
    sig8 = (i32) ccall
    sig9 = (i64, i64, i64, i64, i64, i64, i64, i8 uext, i32, i64) -> i32 ccall
    sig10 = (i64, i32, i64, i32, i64, i64, i64, i64) -> i32 ccall
    sig11 = (i64) ccall
    sig12 = (i64) ccall
    sig13 = (i64, i64, i64) ccall
    sig14 = (i64, i64, i64) ccall
    sig15 = (i32, i64, i64) -> i32 ccall
    sig16 = (i64, i64, i64) ccall
    sig17 = (f64, f64, i64) -> i32 ccall
    sig18 = (f64, f64, i64) ccall
    sig19 = () ccall
    fn0 = colocated u0:1 sig0
    fn1 = colocated u0:2 sig1
    fn2 = colocated u0:3 sig2
    fn3 = colocated u0:4 sig3
    fn4 = colocated u0:5 sig4
    fn5 = colocated u0:6 sig5
    fn6 = colocated u0:7 sig6
    fn7 = colocated u0:8 sig7
    fn8 = colocated u0:9 sig8
    fn9 = colocated u0:10 sig9
    fn10 = colocated u0:11 sig10
    fn11 = colocated u0:12 sig11
    fn12 = colocated u0:13 sig12
    fn13 = colocated u0:14 sig13
    fn14 = colocated u0:15 sig14
    fn15 = colocated u0:16 sig15
    fn16 = colocated u0:17 sig16
    fn17 = colocated u0:18 sig17
    fn18 = colocated u0:19 sig18
    fn19 = colocated u0:20 sig19

block0(v0: i64):
    v622 = iconst.i64 0
    v623 = stack_addr.i64 ss0
    store notrap aligned v622, v623  ; v622 = 0
    store notrap aligned v622, v623+8  ; v622 = 0
    store notrap aligned v622, v623+16  ; v622 = 0
    v624 = stack_addr.i64 ss1
    store notrap aligned v622, v624  ; v622 = 0
    store notrap aligned v622, v624+8  ; v622 = 0
    store notrap aligned v622, v624+16  ; v622 = 0
    v1 = symbol_value.i64 gv0
    v2 = symbol_value.i64 gv1
    v3 = iconst.i64 2
    v4 = iconst.i64 2
    v5 = iadd v1, v4  ; v4 = 2
    v6 = iconst.i64 6
    v7 = iconst.i32 0
    v8 = call fn0()
    v9 = symbol_value.i64 gv2
    v10 = load.i16 notrap aligned v9
    v11 = iconst.i16 512
    v12 = band v10, v11  ; v11 = 512
    brif v12, block2, block3

block2 cold:
    v13 = call fn1(v1, v3, v5, v6, v7, v7)  ; v3 = 2, v6 = 6, v7 = 0, v7 = 0
    brif v13, block1, block5

block5:
    jump block4

block3:
    v14 = load.i64 notrap aligned v8
    v15 = load.i64 notrap aligned v8+16
    v16 = icmp eq v14, v15
    brif v16, block6, block7

block6 cold:
    call fn2(v1, v3, v5, v6, v7, v7)  ; v3 = 2, v6 = 6, v7 = 0, v7 = 0
    jump block8

block7:
    store.i64 notrap aligned v1, v14
    store.i64 notrap aligned v3, v14+8  ; v3 = 2
    store.i64 notrap aligned v5, v14+16
    store.i64 notrap aligned v6, v14+24  ; v6 = 6
    store.i32 notrap aligned v7, v14+32  ; v7 = 0
    store.i32 notrap aligned v7, v14+36  ; v7 = 0
    v17 = load.i64 notrap aligned v8+24
    v18 = load.i64 notrap aligned v8+32
    v19 = isub v17, v18
    v20 = iconst.i64 24
    v21 = udiv v19, v20  ; v20 = 24
    v22 = ireduce.i32 v21
    store notrap aligned v22, v14+40
    v23 = iconst.i64 48
    v24 = iadd.i64 v14, v23  ; v23 = 48
    store notrap aligned v24, v8
    jump block8

block8:
    v25 = symbol_value.i64 gv3
    v26 = load.i32 notrap aligned v25
    brif v26, block9, block10

block9 cold:
    v27 = call fn3()
    brif v27, block1, block10

block10:
    jump block4

block4:
    v28 = stack_addr.i64 ss2
    call fn4(v28)
    call fn5(v28)
    v29 = stack_addr.i64 ss3
    v30 = iconst.i64 0
    v31 = stack_addr.i64 ss4
    v32 = iconst.i64 2
    v33 = iadd.i64 v1, v32  ; v32 = 2
    v34 = iconst.i64 6
    v35 = iconst.i32 0
    v36 = iconst.i32 0
    v37 = iconst.i32 -1
    v38 = stack_addr.i64 ss5
    call fn6(v28, v29, v31, v30, v33, v34, v35, v36, v37, v38)  ; v30 = 0, v34 = 6, v35 = 0, v36 = 0, v37 = -1
    v39 = stack_addr.i64 ss5
    v40 = load.i8 notrap aligned v39
    v41 = iconst.i8 16
    v42 = icmp uge v40, v41  ; v41 = 16
    brif v42, block11, block12

block11:
    call fn5(v39)
    jump block12

block12:
    v43 = iconst.i64 8
    v44 = iadd.i64 v1, v43  ; v43 = 8
    v45 = iconst.i64 16
    v46 = iconst.i64 2
    v47 = iadd.i64 v1, v46  ; v46 = 2
    v48 = iconst.i64 6
    v49 = iconst.i32 0
    v50 = iconst.i32 0
    v51 = iconst.i32 0
    call fn7(v49, v44, v45, v39, v47, v48, v50, v51)  ; v49 = 0, v45 = 16, v48 = 6, v50 = 0, v51 = 0
    v52 = load.i64 notrap aligned v8+24
    v53 = load.i64 notrap aligned v8+32
    v54 = isub v52, v53
    v55 = iconst.i64 24
    v56 = udiv v54, v55  ; v55 = 24
    v57 = iconst.i32 1
    v58 = symbol_value.i64 gv2
    v59 = load.i16 notrap aligned v58
    v60 = iconst.i16 512
    v61 = band v59, v60  ; v60 = 512
    brif v61, block13, block14

block13 cold:
    call fn8(v57)  ; v57 = 1
    jump block15

block14:
    v62 = load.i64 notrap aligned v8
    v63 = load.i64 notrap aligned v8+8
    v64 = icmp eq v62, v63
    brif v64, block15, block16

block16:
    store.i32 notrap aligned v57, v62-16  ; v57 = 1
    jump block15

block15:
    v65 = iconst.i64 24
    v66 = iadd.i64 v1, v65  ; v65 = 24
    v67 = iconst.i64 1
    v68 = iconst.i64 28
    v69 = iadd.i64 v1, v68  ; v68 = 28
    v70 = iconst.i64 4
    v71 = iconst.i64 28
    v72 = iadd.i64 v1, v71  ; v71 = 28
    v73 = iconst.i64 4
    v74 = iconst.i8 0
    v75 = iconst.i32 0
    v76 = stack_addr.i64 ss6
    v77 = symbol_value.i64 gv4
    v78 = call fn9(v77, v66, v67, v69, v70, v72, v73, v74, v75, v76)  ; v67 = 1, v70 = 4, v73 = 4, v74 = 0, v75 = 0
    brif v78, block1, block17

block17:
    v79 = stack_addr.i64 ss6
    v80 = load.i8 notrap aligned v79
    v81 = iconst.i8 16
    v82 = icmp uge v80, v81  ; v81 = 16
    brif v82, block18, block19

block18:
    call fn5(v79)
    jump block19

block19:
    v83 = iconst.i64 0
    v84 = load.i32 notrap aligned v2
    v85 = iconst.i32 0
    v86 = iconst.i64 0
    v87 = iconst.i64 0
    v88 = stack_addr.i64 ss7
    v89 = symbol_value.i64 gv5
    v90 = call fn10(v89, v85, v79, v84, v83, v86, v87, v88)  ; v85 = 0, v83 = 0, v86 = 0, v87 = 0
    brif v90, block1, block20

block20:
    v91 = stack_addr.i64 ss7
    v92 = load.i8 notrap aligned v91
    v93 = iconst.i8 16
    v94 = icmp uge v92, v93  ; v93 = 16
    brif v94, block21, block22

block21:
    call fn5(v91)
    jump block22

block22:
    v95 = f64const 0x1.8000000000000p0
    v96 = stack_addr.i64 ss8
    v97 = iconst.i8 3
    store notrap aligned v97, v96  ; v97 = 3
    store notrap aligned v95, v96+8  ; v95 = 0x1.8000000000000p0
    v98 = stack_addr.i64 ss9
    v99 = load.i8 notrap aligned v91
    v100 = iconst.i8 2
    v101 = icmp eq v99, v100  ; v100 = 2
    jump block23

block23:
    v102 = iconst.i8 3
    v103 = icmp.i8 eq v99, v102  ; v102 = 3
    brif v103, block26, block27

block26:
    v104 = load.f64 notrap aligned v91+8
    v105 = load.f64 notrap aligned v96+8
    v106 = fadd v104, v105
    v107 = iconst.i8 3
    store notrap aligned v107, v98  ; v107 = 3
    store notrap aligned v106, v98+8
    jump block25

block27:
    brif.i8 v101, block28, block29

block28:
    v108 = load.i64 notrap aligned v91+8
    v109 = fcvt_from_sint.f64 v108
    v110 = load.f64 notrap aligned v96+8
    v111 = fadd v109, v110
    v112 = iconst.i8 3
    store notrap aligned v112, v98  ; v112 = 3
    store notrap aligned v111, v98+8
    jump block25

block29:
    jump block24

block24:
    v113 = load.i32 notrap aligned v2+4
    v114 = symbol_value.i64 gv6
    v115 = iconst.i64 56
    v116 = iadd v114, v115  ; v115 = 56
    v117 = iconst.i32 0
    v118 = iconst.i64 1
    v119 = iconst.i64 0
    v120 = call fn10(v116, v117, v91, v113, v96, v118, v119, v98)  ; v117 = 0, v118 = 1, v119 = 0
    brif v120, block1, block30

block30:
    jump block25

block25:
    v121 = stack_addr.i64 ss0
    v122 = load.i8 notrap aligned v121
    v123 = iconst.i8 16
    v124 = icmp uge v122, v123  ; v123 = 16
    brif v124, block31, block32

block31:
    call fn11(v121)
    jump block32

block32:
    v125 = stack_addr.i64 ss9
    v126 = load.i64 notrap aligned v125
    store notrap aligned v126, v121
    v127 = load.i64 notrap aligned v125+8
    store notrap aligned v127, v121+8
    v128 = load.i64 notrap aligned v125+16
    store notrap aligned v128, v121+16
    v129 = load.i64 notrap aligned v8+24
    v130 = load.i64 notrap aligned v8+32
    v131 = isub v129, v130
    v132 = iconst.i64 24
    v133 = udiv v131, v132  ; v132 = 24
    v134 = icmp ugt v133, v56
    brif v134, block33, block34

block33 cold:
    call fn12(v56)
    jump block34

block34:
    v135 = load.i64 notrap aligned v8+24
    v136 = load.i64 notrap aligned v8+32
    v137 = isub v135, v136
    v138 = iconst.i64 24
    v139 = udiv v137, v138  ; v138 = 24
    v140 = iconst.i32 2
    v141 = symbol_value.i64 gv2
    v142 = load.i16 notrap aligned v141
    v143 = iconst.i16 512
    v144 = band v142, v143  ; v143 = 512
    brif v144, block35, block36

block35 cold:
    call fn8(v140)  ; v140 = 2
    jump block37

block36:
    v145 = load.i64 notrap aligned v8
    v146 = load.i64 notrap aligned v8+8
    v147 = icmp eq v145, v146
    brif v147, block37, block38

block38:
    store.i32 notrap aligned v140, v145-16  ; v140 = 2
    jump block37

block37:
    v148 = iconst.i64 32
    v149 = iadd.i64 v1, v148  ; v148 = 32
    v150 = iconst.i64 1
    v151 = iconst.i64 28
    v152 = iadd.i64 v1, v151  ; v151 = 28
    v153 = iconst.i64 4
    v154 = iconst.i64 28
    v155 = iadd.i64 v1, v154  ; v154 = 28
    v156 = iconst.i64 4
    v157 = iconst.i8 0
    v158 = iconst.i32 0
    v159 = stack_addr.i64 ss9
    v160 = symbol_value.i64 gv7
    v161 = iconst.i64 40
    v162 = iadd v160, v161  ; v161 = 40
    v163 = call fn9(v162, v149, v150, v152, v153, v155, v156, v157, v158, v159)  ; v150 = 1, v153 = 4, v156 = 4, v157 = 0, v158 = 0
    brif v163, block1, block39

block39:
    v164 = stack_addr.i64 ss9
    v165 = load.i8 notrap aligned v164
    v166 = iconst.i8 16
    v167 = icmp uge v165, v166  ; v166 = 16
    brif v167, block40, block41

block40:
    call fn5(v164)
    jump block41

block41:
    v168 = iconst.i64 0
    v169 = load.i32 notrap aligned v2
    v170 = iconst.i32 0
    v171 = iconst.i64 0
    v172 = iconst.i64 0
    v173 = stack_addr.i64 ss8
    v174 = symbol_value.i64 gv8
    v175 = iconst.i64 112
    v176 = iadd v174, v175  ; v175 = 112
    v177 = call fn10(v176, v170, v164, v169, v168, v171, v172, v173)  ; v170 = 0, v168 = 0, v171 = 0, v172 = 0
    brif v177, block1, block42

block42:
    v178 = stack_addr.i64 ss8
    v179 = load.i8 notrap aligned v178
    v180 = iconst.i8 16
    v181 = icmp uge v179, v180  ; v180 = 16
    brif v181, block43, block44

block43:
    call fn5(v178)
    jump block44

block44:
    v182 = f64const 0x1.4000000000000p1
    v183 = stack_addr.i64 ss7
    v184 = iconst.i8 3
    store notrap aligned v184, v183  ; v184 = 3
    store notrap aligned v182, v183+8  ; v182 = 0x1.4000000000000p1
    v185 = stack_addr.i64 ss6
    v186 = load.i8 notrap aligned v178
    v187 = iconst.i8 2
    v188 = icmp eq v186, v187  ; v187 = 2
    jump block45

block45:
    v189 = iconst.i8 3
    v190 = icmp.i8 eq v186, v189  ; v189 = 3
    brif v190, block48, block49

block48:
    v191 = load.f64 notrap aligned v178+8
    v192 = load.f64 notrap aligned v183+8
    v193 = fadd v191, v192
    v194 = iconst.i8 3
    store notrap aligned v194, v185  ; v194 = 3
    store notrap aligned v193, v185+8
    jump block47

block49:
    brif.i8 v188, block50, block51

block50:
    v195 = load.i64 notrap aligned v178+8
    v196 = fcvt_from_sint.f64 v195
    v197 = load.f64 notrap aligned v183+8
    v198 = fadd v196, v197
    v199 = iconst.i8 3
    store notrap aligned v199, v185  ; v199 = 3
    store notrap aligned v198, v185+8
    jump block47

block51:
    jump block46

block46:
    v200 = load.i32 notrap aligned v2+4
    v201 = symbol_value.i64 gv9
    v202 = iconst.i64 168
    v203 = iadd v201, v202  ; v202 = 168
    v204 = iconst.i32 0
    v205 = iconst.i64 1
    v206 = iconst.i64 0
    v207 = call fn10(v203, v204, v178, v200, v183, v205, v206, v185)  ; v204 = 0, v205 = 1, v206 = 0
    brif v207, block1, block52

block52:
    jump block47

block47:
    v208 = stack_addr.i64 ss1
    v209 = load.i8 notrap aligned v208
    v210 = iconst.i8 16
    v211 = icmp uge v209, v210  ; v210 = 16
    brif v211, block53, block54

block53:
    call fn11(v208)
    jump block54

block54:
    v212 = stack_addr.i64 ss6
    v213 = load.i64 notrap aligned v212
    store notrap aligned v213, v208
    v214 = load.i64 notrap aligned v212+8
    store notrap aligned v214, v208+8
    v215 = load.i64 notrap aligned v212+16
    store notrap aligned v215, v208+16
    v216 = load.i64 notrap aligned v8+24
    v217 = load.i64 notrap aligned v8+32
    v218 = isub v216, v217
    v219 = iconst.i64 24
    v220 = udiv v218, v219  ; v219 = 24
    v221 = icmp ugt v220, v139
    brif v221, block55, block56

block55 cold:
    call fn12(v139)
    jump block56

block56:
    v222 = load.i64 notrap aligned v8+24
    v223 = load.i64 notrap aligned v8+32
    v224 = isub v222, v223
    v225 = iconst.i64 24
    v226 = udiv v224, v225  ; v225 = 24
    v227 = iconst.i32 3
    v228 = symbol_value.i64 gv2
    v229 = load.i16 notrap aligned v228
    v230 = iconst.i16 512
    v231 = band v229, v230  ; v230 = 512
    brif v231, block57, block58

block57 cold:
    call fn8(v227)  ; v227 = 3
    jump block59

block58:
    v232 = load.i64 notrap aligned v8
    v233 = load.i64 notrap aligned v8+8
    v234 = icmp eq v232, v233
    brif v234, block59, block60

block60:
    store.i32 notrap aligned v227, v232-16  ; v227 = 3
    jump block59

block59:
    v235 = stack_addr.i64 ss0
    v236 = stack_addr.i64 ss1
    v237 = stack_addr.i64 ss6
    v238 = load.i8 notrap aligned v235
    v239 = load.i8 notrap aligned v236
    v240 = iconst.i8 2
    v241 = icmp eq v238, v240  ; v240 = 2
    v242 = iconst.i8 2
    v243 = icmp eq v239, v242  ; v242 = 2
    v244 = band v241, v243
    brif v244, block61, block62

block61:
    v245 = load.i64 notrap aligned v235+8
    v246 = load.i64 notrap aligned v236+8
    v247, v248 = sadd_overflow v245, v246
    brif v248, block65, block66

block66:
    v249 = iconst.i8 2
    store notrap aligned v249, v237  ; v249 = 2
    store.i64 notrap aligned v247, v237+8
    jump block64

block65:
    call fn13(v235, v236, v237)
    jump block64

block62:
    v250 = iconst.i8 3
    v251 = icmp.i8 eq v238, v250  ; v250 = 3
    v252 = iconst.i8 3
    v253 = icmp.i8 eq v239, v252  ; v252 = 3
    v254 = band v251, v253
    brif v254, block67, block68

block67:
    v255 = load.f64 notrap aligned v235+8
    v256 = load.f64 notrap aligned v236+8
    v257 = fadd v255, v256
    v258 = iconst.i8 3
    store notrap aligned v258, v237  ; v258 = 3
    store notrap aligned v257, v237+8
    jump block64

block68:
    v259 = band.i8 v251, v243
    brif v259, block69, block70

block69:
    v260 = load.f64 notrap aligned v235+8
    v261 = load.i64 notrap aligned v236+8
    v262 = fcvt_from_sint.f64 v261
    v263 = fadd v260, v262
    v264 = iconst.i8 3
    store notrap aligned v264, v237  ; v264 = 3
    store notrap aligned v263, v237+8
    jump block64

block70:
    v265 = band.i8 v241, v253
    brif v265, block71, block72

block71:
    v266 = load.i64 notrap aligned v235+8
    v267 = fcvt_from_sint.f64 v266
    v268 = load.f64 notrap aligned v236+8
    v269 = fadd v267, v268
    v270 = iconst.i8 3
    store notrap aligned v270, v237  ; v270 = 3
    store notrap aligned v269, v237+8
    jump block64

block72:
    jump block63

block63:
    v271 = load.i32 notrap aligned v2+4
    v272 = symbol_value.i64 gv10
    v273 = iconst.i64 224
    v274 = iadd v272, v273  ; v273 = 224
    v275 = iconst.i32 0
    v276 = iconst.i64 1
    v277 = iconst.i64 0
    v278 = call fn10(v274, v275, v235, v271, v236, v276, v277, v237)  ; v275 = 0, v276 = 1, v277 = 0
    brif v278, block1, block73

block73:
    jump block64

block64:
    v279 = stack_addr.i64 ss6
    v280 = load.i8 notrap aligned v279
    v281 = iconst.i8 16
    v282 = icmp uge v280, v281  ; v281 = 16
    brif v282, block74, block75

block74:
    call fn5(v279)
    jump block75

block75:
    v283 = stack_addr.i64 ss10
    v284 = stack_addr.i64 ss6
    v285 = load.i64 notrap aligned v284
    store notrap aligned v285, v283
    v286 = load.i64 notrap aligned v284+8
    store notrap aligned v286, v283+8
    v287 = load.i64 notrap aligned v284+16
    store notrap aligned v287, v283+16
    v288 = stack_addr.i64 ss10
    v289 = load.i32 notrap aligned v2+8
    v290 = iconst.i32 0
    v291 = iconst.i64 1
    v292 = iconst.i64 0
    v293 = stack_addr.i64 ss7
    v294 = symbol_value.i64 gv11
    v295 = iconst.i64 280
    v296 = iadd v294, v295  ; v295 = 280
    v297 = call fn10(v296, v290, v28, v289, v288, v291, v292, v293)  ; v290 = 0, v291 = 1, v292 = 0
    brif v297, block1, block76

block76:
    v298 = stack_addr.i64 ss7
    v299 = load.i8 notrap aligned v298
    v300 = iconst.i8 16
    v301 = icmp uge v299, v300  ; v300 = 16
    brif v301, block77, block78

block77:
    call fn5(v298)
    jump block78

block78:
    v302 = load.i64 notrap aligned v8+24
    v303 = load.i64 notrap aligned v8+32
    v304 = isub v302, v303
    v305 = iconst.i64 24
    v306 = udiv v304, v305  ; v305 = 24
    v307 = icmp ugt v306, v226
    brif v307, block79, block80

block79 cold:
    call fn12(v226)
    jump block80

block80:
    v308 = load.i64 notrap aligned v8+24
    v309 = load.i64 notrap aligned v8+32
    v310 = isub v308, v309
    v311 = iconst.i64 24
    v312 = udiv v310, v311  ; v311 = 24
    v313 = iconst.i32 4
    v314 = symbol_value.i64 gv2
    v315 = load.i16 notrap aligned v314
    v316 = iconst.i16 512
    v317 = band v315, v316  ; v316 = 512
    brif v317, block81, block82

block81 cold:
    call fn8(v313)  ; v313 = 4
    jump block83

block82:
    v318 = load.i64 notrap aligned v8
    v319 = load.i64 notrap aligned v8+8
    v320 = icmp eq v318, v319
    brif v320, block83, block84

block84:
    store.i32 notrap aligned v313, v318-16  ; v313 = 4
    jump block83

block83:
    v321 = stack_addr.i64 ss0
    v322 = stack_addr.i64 ss1
    v323 = stack_addr.i64 ss7
    v324 = load.i8 notrap aligned v321
    v325 = load.i8 notrap aligned v322
    v326 = iconst.i8 2
    v327 = icmp eq v324, v326  ; v326 = 2
    v328 = iconst.i8 2
    v329 = icmp eq v325, v328  ; v328 = 2
    v330 = band v327, v329
    brif v330, block85, block86

block85:
    v331 = load.i64 notrap aligned v321+8
    v332 = load.i64 notrap aligned v322+8
    v333, v334 = smul_overflow v331, v332
    brif v334, block89, block90

block90:
    v335 = iconst.i8 2
    store notrap aligned v335, v323  ; v335 = 2
    store.i64 notrap aligned v333, v323+8
    jump block88

block89:
    call fn14(v321, v322, v323)
    jump block88

block86:
    v336 = iconst.i8 3
    v337 = icmp.i8 eq v324, v336  ; v336 = 3
    v338 = iconst.i8 3
    v339 = icmp.i8 eq v325, v338  ; v338 = 3
    v340 = band v337, v339
    brif v340, block91, block92

block91:
    v341 = load.f64 notrap aligned v321+8
    v342 = load.f64 notrap aligned v322+8
    v343 = fmul v341, v342
    v344 = iconst.i8 3
    store notrap aligned v344, v323  ; v344 = 3
    store notrap aligned v343, v323+8
    jump block88

block92:
    v345 = band.i8 v337, v329
    brif v345, block93, block94

block93:
    v346 = load.f64 notrap aligned v321+8
    v347 = load.i64 notrap aligned v322+8
    v348 = fcvt_from_sint.f64 v347
    v349 = fmul v346, v348
    v350 = iconst.i8 3
    store notrap aligned v350, v323  ; v350 = 3
    store notrap aligned v349, v323+8
    jump block88

block94:
    v351 = band.i8 v327, v339
    brif v351, block95, block96

block95:
    v352 = load.i64 notrap aligned v321+8
    v353 = fcvt_from_sint.f64 v352
    v354 = load.f64 notrap aligned v322+8
    v355 = fmul v353, v354
    v356 = iconst.i8 3
    store notrap aligned v356, v323  ; v356 = 3
    store notrap aligned v355, v323+8
    jump block88

block96:
    jump block87

block87:
    v357 = load.i32 notrap aligned v2+12
    v358 = symbol_value.i64 gv12
    v359 = iconst.i64 336
    v360 = iadd v358, v359  ; v359 = 336
    v361 = iconst.i32 0
    v362 = iconst.i64 1
    v363 = iconst.i64 0
    v364 = call fn10(v360, v361, v321, v357, v322, v362, v363, v323)  ; v361 = 0, v362 = 1, v363 = 0
    brif v364, block1, block97

block97:
    jump block88

block88:
    v365 = stack_addr.i64 ss7
    v366 = load.i8 notrap aligned v365
    v367 = iconst.i8 16
    v368 = icmp uge v366, v367  ; v367 = 16
    brif v368, block98, block99

block98:
    call fn5(v365)
    jump block99

block99:
    v369 = stack_addr.i64 ss11
    v370 = stack_addr.i64 ss7
    v371 = load.i64 notrap aligned v370
    store notrap aligned v371, v369
    v372 = load.i64 notrap aligned v370+8
    store notrap aligned v372, v369+8
    v373 = load.i64 notrap aligned v370+16
    store notrap aligned v373, v369+16
    v374 = stack_addr.i64 ss11
    v375 = load.i32 notrap aligned v2+8
    v376 = iconst.i32 0
    v377 = iconst.i64 1
    v378 = iconst.i64 0
    v379 = stack_addr.i64 ss6
    v380 = symbol_value.i64 gv13
    v381 = iconst.i64 392
    v382 = iadd v380, v381  ; v381 = 392
    v383 = call fn10(v382, v376, v28, v375, v374, v377, v378, v379)  ; v376 = 0, v377 = 1, v378 = 0
    brif v383, block1, block100

block100:
    v384 = stack_addr.i64 ss6
    v385 = load.i8 notrap aligned v384
    v386 = iconst.i8 16
    v387 = icmp uge v385, v386  ; v386 = 16
    brif v387, block101, block102

block101:
    call fn5(v384)
    jump block102

block102:
    v388 = load.i64 notrap aligned v8+24
    v389 = load.i64 notrap aligned v8+32
    v390 = isub v388, v389
    v391 = iconst.i64 24
    v392 = udiv v390, v391  ; v391 = 24
    v393 = icmp ugt v392, v312
    brif v393, block103, block104

block103 cold:
    call fn12(v312)
    jump block104

block104:
    v394 = load.i64 notrap aligned v8+24
    v395 = load.i64 notrap aligned v8+32
    v396 = isub v394, v395
    v397 = iconst.i64 24
    v398 = udiv v396, v397  ; v397 = 24
    v399 = iconst.i32 5
    v400 = symbol_value.i64 gv2
    v401 = load.i16 notrap aligned v400
    v402 = iconst.i16 512
    v403 = band v401, v402  ; v402 = 512
    brif v403, block105, block106

block105 cold:
    call fn8(v399)  ; v399 = 5
    jump block107

block106:
    v404 = load.i64 notrap aligned v8
    v405 = load.i64 notrap aligned v8+8
    v406 = icmp eq v404, v405
    brif v406, block107, block108

block108:
    store.i32 notrap aligned v399, v404-16  ; v399 = 5
    jump block107

block107:
    v407 = stack_addr.i64 ss0
    v408 = stack_addr.i64 ss1
    v409 = stack_addr.i64 ss6
    v410 = load.i8 notrap aligned v407
    v411 = load.i8 notrap aligned v408
    v412 = iconst.i8 2
    v413 = icmp eq v410, v412  ; v412 = 2
    v414 = iconst.i8 2
    v415 = icmp eq v411, v414  ; v414 = 2
    v416 = band v413, v415
    brif v416, block109, block110

block109:
    v417 = load.i64 notrap aligned v407+8
    v418 = load.i64 notrap aligned v408+8
    v419 = iconst.i64 0
    v420 = icmp eq v418, v419  ; v419 = 0
    brif v420, block113, block114

block113:
    v421 = iconst.i32 206
    v422 = iconst.i64 36
    v423 = iadd.i64 v1, v422  ; v422 = 36
    v424 = iconst.i64 12
    v425 = call fn15(v421, v423, v424)  ; v421 = 206, v424 = 12
    jump block1

block114:
    v426 = iconst.i64 -9223372036854775808
    v427 = icmp.i64 eq v417, v426  ; v426 = -9223372036854775808
    v428 = iconst.i64 -1
    v429 = icmp.i64 eq v418, v428  ; v428 = -1
    v430 = band v427, v429
    brif v430, block115, block116

block115:
    call fn16(v407, v408, v409)
    jump block112

block116:
    v431 = srem.i64 v417, v418
    v432 = iconst.i64 0
    v433 = icmp ne v431, v432  ; v432 = 0
    v434 = iconst.i64 0
    v435 = icmp slt v431, v434  ; v434 = 0
    v436 = iconst.i64 0
    v437 = icmp.i64 slt v418, v436  ; v436 = 0
    v438 = bxor v435, v437
    v439 = band v433, v438
    v440 = iadd v431, v418
    v441 = select v439, v440, v431
    v442 = iconst.i8 2
    store notrap aligned v442, v409  ; v442 = 2
    store notrap aligned v441, v409+8
    jump block112

block110:
    v443 = iconst.i8 3
    v444 = icmp.i8 eq v410, v443  ; v443 = 3
    v445 = iconst.i8 3
    v446 = icmp.i8 eq v411, v445  ; v445 = 3
    v447 = band v444, v446
    brif v447, block117, block118

block117:
    v448 = load.f64 notrap aligned v407+8
    v449 = load.f64 notrap aligned v408+8
    v450 = call fn17(v448, v449, v409)
    brif v450, block1, block119

block119:
    jump block112

block118:
    v451 = band.i8 v444, v415
    brif v451, block120, block121

block120:
    v452 = load.f64 notrap aligned v407+8
    v453 = load.i64 notrap aligned v408+8
    v454 = fcvt_from_sint.f64 v453
    v455 = call fn17(v452, v454, v409)
    brif v455, block1, block122

block122:
    jump block112

block121:
    v456 = band.i8 v413, v446
    brif v456, block123, block124

block123:
    v457 = load.i64 notrap aligned v407+8
    v458 = fcvt_from_sint.f64 v457
    v459 = load.f64 notrap aligned v408+8
    v460 = call fn17(v458, v459, v409)
    brif v460, block1, block125

block125:
    jump block112

block124:
    jump block111

block111:
    v461 = load.i32 notrap aligned v2+16
    v462 = symbol_value.i64 gv14
    v463 = iconst.i64 448
    v464 = iadd v462, v463  ; v463 = 448
    v465 = iconst.i32 0
    v466 = iconst.i64 1
    v467 = iconst.i64 0
    v468 = call fn10(v464, v465, v407, v461, v408, v466, v467, v409)  ; v465 = 0, v466 = 1, v467 = 0
    brif v468, block1, block126

block126:
    jump block112

block112:
    v469 = stack_addr.i64 ss6
    v470 = load.i8 notrap aligned v469
    v471 = iconst.i8 16
    v472 = icmp uge v470, v471  ; v471 = 16
    brif v472, block127, block128

block127:
    call fn5(v469)
    jump block128

block128:
    v473 = stack_addr.i64 ss12
    v474 = stack_addr.i64 ss6
    v475 = load.i64 notrap aligned v474
    store notrap aligned v475, v473
    v476 = load.i64 notrap aligned v474+8
    store notrap aligned v476, v473+8
    v477 = load.i64 notrap aligned v474+16
    store notrap aligned v477, v473+16
    v478 = stack_addr.i64 ss12
    v479 = load.i32 notrap aligned v2+8
    v480 = iconst.i32 0
    v481 = iconst.i64 1
    v482 = iconst.i64 0
    v483 = stack_addr.i64 ss7
    v484 = symbol_value.i64 gv15
    v485 = iconst.i64 504
    v486 = iadd v484, v485  ; v485 = 504
    v487 = call fn10(v486, v480, v28, v479, v478, v481, v482, v483)  ; v480 = 0, v481 = 1, v482 = 0
    brif v487, block1, block129

block129:
    v488 = stack_addr.i64 ss7
    v489 = load.i8 notrap aligned v488
    v490 = iconst.i8 16
    v491 = icmp uge v489, v490  ; v490 = 16
    brif v491, block130, block131

block130:
    call fn5(v488)
    jump block131

block131:
    v492 = load.i64 notrap aligned v8+24
    v493 = load.i64 notrap aligned v8+32
    v494 = isub v492, v493
    v495 = iconst.i64 24
    v496 = udiv v494, v495  ; v495 = 24
    v497 = icmp ugt v496, v398
    brif v497, block132, block133

block132 cold:
    call fn12(v398)
    jump block133

block133:
    v498 = load.i64 notrap aligned v8+24
    v499 = load.i64 notrap aligned v8+32
    v500 = isub v498, v499
    v501 = iconst.i64 24
    v502 = udiv v500, v501  ; v501 = 24
    v503 = iconst.i32 6
    v504 = symbol_value.i64 gv2
    v505 = load.i16 notrap aligned v504
    v506 = iconst.i16 512
    v507 = band v505, v506  ; v506 = 512
    brif v507, block134, block135

block134 cold:
    call fn8(v503)  ; v503 = 6
    jump block136

block135:
    v508 = load.i64 notrap aligned v8
    v509 = load.i64 notrap aligned v8+8
    v510 = icmp eq v508, v509
    brif v510, block136, block137

block137:
    store.i32 notrap aligned v503, v508-16  ; v503 = 6
    jump block136

block136:
    v511 = stack_addr.i64 ss0
    v512 = stack_addr.i64 ss1
    v513 = stack_addr.i64 ss7
    v514 = load.i8 notrap aligned v511
    v515 = load.i8 notrap aligned v512
    v516 = iconst.i8 2
    v517 = icmp eq v514, v516  ; v516 = 2
    v518 = iconst.i8 2
    v519 = icmp eq v515, v518  ; v518 = 2
    v520 = band v517, v519
    brif v520, block138, block139

block138:
    v521 = load.i64 notrap aligned v511+8
    v522 = load.i64 notrap aligned v512+8
    v523 = icmp sgt v521, v522
    v524 = icmp slt v521, v522
    v525 = sextend.i64 v523
    v526 = sextend.i64 v524
    v527 = isub v525, v526
    v528 = iconst.i8 2
    store notrap aligned v528, v513  ; v528 = 2
    store notrap aligned v527, v513+8
    jump block141

block139:
    v529 = iconst.i8 3
    v530 = icmp.i8 eq v514, v529  ; v529 = 3
    v531 = iconst.i8 3
    v532 = icmp.i8 eq v515, v531  ; v531 = 3
    v533 = band v530, v532
    brif v533, block142, block143

block142:
    v534 = load.f64 notrap aligned v511+8
    v535 = load.f64 notrap aligned v512+8
    call fn18(v534, v535, v513)
    jump block141

block143:
    v536 = band.i8 v530, v519
    brif v536, block144, block145

block144:
    v537 = load.i64 notrap aligned v512+8
    v538 = iconst.i64 0x0020_0000_0000_0000
    v539 = iadd v537, v538  ; v538 = 0x0020_0000_0000_0000
    v540 = iconst.i64 0x0040_0000_0000_0000
    v541 = icmp ule v539, v540  ; v540 = 0x0040_0000_0000_0000
    brif v541, block146, block145

block146:
    v542 = load.f64 notrap aligned v511+8
    v543 = load.i64 notrap aligned v512+8
    v544 = fcvt_from_sint.f64 v543
    call fn18(v542, v544, v513)
    jump block141

block145:
    v545 = band.i8 v517, v532
    brif v545, block147, block148

block147:
    v546 = load.i64 notrap aligned v511+8
    v547 = iconst.i64 0x0020_0000_0000_0000
    v548 = iadd v546, v547  ; v547 = 0x0020_0000_0000_0000
    v549 = iconst.i64 0x0040_0000_0000_0000
    v550 = icmp ule v548, v549  ; v549 = 0x0040_0000_0000_0000
    brif v550, block149, block148

block149:
    v551 = load.i64 notrap aligned v511+8
    v552 = fcvt_from_sint.f64 v551
    v553 = load.f64 notrap aligned v512+8
    call fn18(v552, v553, v513)
    jump block141

block148:
    jump block140

block140:
    v554 = load.i32 notrap aligned v2+20
    v555 = symbol_value.i64 gv16
    v556 = iconst.i64 560
    v557 = iadd v555, v556  ; v556 = 560
    v558 = iconst.i32 0
    v559 = iconst.i64 1
    v560 = iconst.i64 0
    v561 = call fn10(v557, v558, v511, v554, v512, v559, v560, v513)  ; v558 = 0, v559 = 1, v560 = 0
    brif v561, block1, block150

block150:
    jump block141

block141:
    v562 = stack_addr.i64 ss7
    v563 = load.i8 notrap aligned v562
    v564 = iconst.i8 16
    v565 = icmp uge v563, v564  ; v564 = 16
    brif v565, block151, block152

block151:
    call fn5(v562)
    jump block152

block152:
    v566 = stack_addr.i64 ss13
    v567 = stack_addr.i64 ss7
    v568 = load.i64 notrap aligned v567
    store notrap aligned v568, v566
    v569 = load.i64 notrap aligned v567+8
    store notrap aligned v569, v566+8
    v570 = load.i64 notrap aligned v567+16
    store notrap aligned v570, v566+16
    v571 = stack_addr.i64 ss13
    v572 = load.i32 notrap aligned v2+8
    v573 = iconst.i32 0
    v574 = iconst.i64 1
    v575 = iconst.i64 0
    v576 = stack_addr.i64 ss6
    v577 = symbol_value.i64 gv17
    v578 = iconst.i64 616
    v579 = iadd v577, v578  ; v578 = 616
    v580 = call fn10(v579, v573, v28, v572, v571, v574, v575, v576)  ; v573 = 0, v574 = 1, v575 = 0
    brif v580, block1, block153

block153:
    v581 = stack_addr.i64 ss6
    v582 = load.i8 notrap aligned v581
    v583 = iconst.i8 16
    v584 = icmp uge v582, v583  ; v583 = 16
    brif v584, block154, block155

block154:
    call fn5(v581)
    jump block155

block155:
    v585 = load.i64 notrap aligned v8+24
    v586 = load.i64 notrap aligned v8+32
    v587 = isub v585, v586
    v588 = iconst.i64 24
    v589 = udiv v587, v588  ; v588 = 24
    v590 = icmp ugt v589, v502
    brif v590, block156, block157

block156 cold:
    call fn12(v502)
    jump block157

block157:
    v592 = iconst.i64 0
    store notrap aligned v592, v0  ; v592 = 0
    store notrap aligned v592, v0+8  ; v592 = 0
    store notrap aligned v592, v0+16  ; v592 = 0
    v593 = iconst.i32 0
    jump block158(v593)  ; v593 = 0

block1:
    v594 = iconst.i32 1
    jump block158(v594)  ; v594 = 1

block158(v591: i32):
    v595 = stack_addr.i64 ss0
    v596 = load.i8 notrap aligned v595
    v597 = iconst.i8 16
    v598 = icmp uge v596, v597  ; v597 = 16
    brif v598, block159, block160

block159:
    call fn11(v595)
    jump block160

block160:
    v599 = stack_addr.i64 ss1
    v600 = load.i8 notrap aligned v599
    v601 = iconst.i8 16
    v602 = icmp uge v600, v601  ; v601 = 16
    brif v602, block161, block162

block161:
    call fn11(v599)
    jump block162

block162:
    v603 = symbol_value.i64 gv2
    v604 = load.i16 notrap aligned v603
    v605 = iconst.i16 512
    v606 = band v604, v605  ; v605 = 512
    brif v606, block163, block164

block163 cold:
    call fn19()
    jump block165

block164:
    v607 = load.i64 notrap aligned v8
    v608 = load.i64 notrap aligned v8+8
    v609 = icmp eq v607, v608
    brif v609, block165, block166

block166:
    v610 = iconst.i64 -48
    v611 = iadd.i64 v607, v610  ; v610 = -48
    store notrap aligned v611, v8
    v612 = load.i32 notrap aligned v611+40
    v613 = iconst.i32 -1
    v614 = icmp eq v612, v613  ; v613 = -1
    brif v614, block165, block167

block167:
    v615 = load.i64 notrap aligned v8+24
    v616 = load.i64 notrap aligned v8+32
    v617 = isub v615, v616
    v618 = iconst.i64 24
    v619 = udiv v617, v618  ; v618 = 24
    v620 = uextend.i64 v612
    v621 = icmp ugt v619, v620
    brif v621, block168, block165

block168 cold:
    call fn12(v620)
    jump block165

block165:
    return v591
}

;; zeo_unit_init
function u0:2() ccall {
    gv0 = symbol colocated userextname2
    gv1 = symbol colocated userextname3
    gv2 = symbol colocated userextname4
    gv3 = symbol colocated userextname5
    gv4 = symbol colocated userextname6
    gv5 = symbol colocated userextname8
    gv6 = symbol colocated userextname10
    gv7 = symbol colocated userextname12
    sig0 = (i64, i64, i64) ccall
    sig1 = (i64, i64, i64) ccall
    sig2 = (i64, i64) ccall
    sig3 = (i64, i64) ccall
    sig4 = (i64, i64) ccall
    sig5 = (i64, i64) ccall
    fn0 = u0:22 sig0
    fn1 = u0:23 sig1
    fn2 = u0:24 sig2
    fn3 = u0:25 sig3
    fn4 = u0:26 sig4
    fn5 = u0:27 sig5

block0:
    v0 = symbol_value.i64 gv0
    v1 = iconst.i64 6
    v2 = symbol_value.i64 gv2
    call fn0(v0, v1, v2)  ; v1 = 6
    v3 = symbol_value.i64 gv3
    v4 = symbol_value.i64 gv1
    v5 = iconst.i64 12
    call fn1(v3, v4, v5)  ; v5 = 12
    v6 = symbol_value.i64 gv5
    v7 = iconst.i64 2
    call fn3(v6, v7)  ; v7 = 2
    return
}

;; main
function u0:1(i32, i64) -> i32 ccall {
    gv0 = symbol colocated userextname1
    sig0 = (i32, i64, i64) -> i32 ccall
    fn0 = u0:29 sig0

block0(v0: i32, v1: i64):
    v2 = symbol_value.i64 gv0
    v3 = call fn0(v0, v1, v2)
    return v3
}
