---
source: crates/zeo/tests/checks/clif.rs
expression: "clif_of(\"def fib(n)\\n  if n < 2\\n    n\\n  else\\n    fib(n - 1) + fib(n - 2)\\n  end\\nend\\nputs fib(10)\\n\",)"
---
;; Object#fib
function u0:1(i64, i64, i64) -> i32 ccall {
    ss0 = explicit_slot 24, align = 8
    ss1 = explicit_slot 24, align = 8
    ss2 = explicit_slot 24, align = 8
    ss3 = explicit_slot 24, align = 8
    ss4 = explicit_slot 24, align = 8
    ss5 = explicit_slot 24, align = 8
    ss6 = explicit_slot 24, align = 8
    ss7 = explicit_slot 24, align = 8
    ss8 = explicit_slot 24, align = 8
    ss9 = explicit_slot 24, align = 8
    ss10 = explicit_slot 24, align = 8
    gv0 = symbol colocated userextname0
    gv1 = symbol colocated userextname1
    gv2 = symbol userextname5
    gv3 = symbol userextname8
    gv4 = symbol colocated userextname11
    gv5 = symbol colocated userextname11
    gv6 = symbol colocated userextname11
    gv7 = symbol colocated userextname11
    sig0 = () -> i32 ccall
    sig1 = (i64) ccall
    sig2 = () -> i64 ccall
    sig3 = (i64, i64, i64, i64, i32, i32) -> i32 ccall
    sig4 = (i64, i64, i64, i64, i32, i32) ccall
    sig5 = () -> i32 ccall
    sig6 = (i32) ccall
    sig7 = (i64, i32, i64, i32, i64, i64, i64, i64) -> i32 ccall
    sig8 = (i64) ccall
    sig9 = (i64) -> i8 ccall
    sig10 = (i64, i64, i64) ccall
    sig11 = (i64, i64, i64) -> i32 ccall
    sig12 = (i64, i64, i64) -> i32 ccall
    sig13 = (i64, i64, i64) ccall
    sig14 = (i64) ccall
    sig15 = () ccall
    sig16 = (i64) ccall
    fn0 = colocated u0:2 sig0
    fn1 = colocated u0:3 sig1
    fn2 = colocated u0:4 sig2
    fn3 = colocated u0:5 sig3
    fn4 = colocated u0:6 sig4
    fn5 = colocated u0:7 sig5
    fn6 = colocated u0:8 sig6
    fn7 = colocated u0:9 sig7
    fn8 = colocated u0:10 sig8
    fn9 = colocated u0:11 sig9
    fn10 = colocated u0:12 sig10
    fn11 = colocated u0:0 sig11
    fn12 = colocated u0:0 sig12
    fn13 = colocated u0:13 sig13
    fn14 = colocated u0:14 sig14
    fn15 = colocated u0:15 sig15
    fn16 = colocated u0:16 sig16

block0(v0: i64, v1: i64, v2: i64):
    v257 = iconst.i64 0
    v258 = stack_addr.i64 ss0
    store notrap aligned v257, v258  ; v257 = 0
    store notrap aligned v257, v258+8  ; v257 = 0
    store notrap aligned v257, v258+16  ; v257 = 0
    v3 = symbol_value.i64 gv0
    v4 = symbol_value.i64 gv1
    v5 = call fn0()
    brif v5, block3, block4

block3:
    v6 = iconst.i32 1
    return v6  ; v6 = 1

block4:
    v7 = stack_addr.i64 ss0
    v8 = load.i8 notrap aligned v1
    v9 = iconst.i8 16
    v10 = icmp uge v8, v9  ; v9 = 16
    brif v10, block5, block6

block5:
    call fn1(v1)
    jump block6

block6:
    v11 = load.i64 notrap aligned v1
    store notrap aligned v11, v7
    v12 = load.i64 notrap aligned v1+8
    store notrap aligned v12, v7+8
    v13 = load.i64 notrap aligned v1+16
    store notrap aligned v13, v7+16
    v14 = iconst.i64 2
    v15 = iconst.i64 2
    v16 = iadd.i64 v3, v15  ; v15 = 2
    v17 = iconst.i64 10
    v18 = iconst.i32 1
    v19 = iconst.i32 7
    v20 = call fn2()
    v21 = symbol_value.i64 gv2
    v22 = load.i16 notrap aligned v21
    v23 = iconst.i16 512
    v24 = band v22, v23  ; v23 = 512
    brif v24, block7, block8

block7 cold:
    v25 = call fn3(v3, v14, v16, v17, v18, v19)  ; v14 = 2, v17 = 10, v18 = 1, v19 = 7
    brif v25, block1, block10

block10:
    jump block9

block8:
    v26 = load.i64 notrap aligned v20
    v27 = load.i64 notrap aligned v20+16
    v28 = icmp eq v26, v27
    brif v28, block11, block12

block11 cold:
    call fn4(v3, v14, v16, v17, v18, v19)  ; v14 = 2, v17 = 10, v18 = 1, v19 = 7
    jump block13

block12:
    store.i64 notrap aligned v3, v26
    store.i64 notrap aligned v14, v26+8  ; v14 = 2
    store.i64 notrap aligned v16, v26+16
    store.i64 notrap aligned v17, v26+24  ; v17 = 10
    store.i32 notrap aligned v18, v26+32  ; v18 = 1
    store.i32 notrap aligned v19, v26+36  ; v19 = 7
    v29 = load.i64 notrap aligned v20+24
    v30 = load.i64 notrap aligned v20+32
    v31 = isub v29, v30
    v32 = iconst.i64 24
    v33 = udiv v31, v32  ; v32 = 24
    v34 = ireduce.i32 v33
    store notrap aligned v34, v26+40
    v35 = iconst.i64 48
    v36 = iadd.i64 v26, v35  ; v35 = 48
    store notrap aligned v36, v20
    jump block13

block13:
    v37 = symbol_value.i64 gv3
    v38 = load.i32 notrap aligned v37
    brif v38, block14, block15

block14 cold:
    v39 = call fn5()
    brif v39, block1, block15

block15:
    jump block9

block9:
    v40 = iconst.i32 2
    v41 = symbol_value.i64 gv2
    v42 = load.i16 notrap aligned v41
    v43 = iconst.i16 512
    v44 = band v42, v43  ; v43 = 512
    brif v44, block16, block17

block16 cold:
    call fn6(v40)  ; v40 = 2
    jump block18

block17:
    v45 = load.i64 notrap aligned v20
    v46 = load.i64 notrap aligned v20+8
    v47 = icmp eq v45, v46
    brif v47, block18, block19

block19:
    store.i32 notrap aligned v40, v45-16  ; v40 = 2
    jump block18

block18:
    v48 = stack_addr.i64 ss0
    v49 = iconst.i64 2
    v50 = stack_addr.i64 ss1
    v51 = iconst.i8 2
    store notrap aligned v51, v50  ; v51 = 2
    store notrap aligned v49, v50+8  ; v49 = 2
    v52 = stack_addr.i64 ss2
    v54 = load.i8 notrap aligned v48
    v55 = iconst.i8 2
    v56 = icmp eq v54, v55  ; v55 = 2
    brif v56, block20, block21

block20:
    v57 = load.i64 notrap aligned v48+8
    v58 = load.i64 notrap aligned v50+8
    v59 = icmp slt v57, v58
    jump block23(v59)

block21:
    v60 = iconst.i8 3
    v61 = icmp.i8 eq v54, v60  ; v60 = 3
    brif v61, block24, block25

block24:
    v62 = load.i64 notrap aligned v50+8
    v63 = iconst.i64 0x0020_0000_0000_0000
    v64 = iadd v62, v63  ; v63 = 0x0020_0000_0000_0000
    v65 = iconst.i64 0x0040_0000_0000_0000
    v66 = icmp ule v64, v65  ; v65 = 0x0040_0000_0000_0000
    brif v66, block26, block25

block26:
    v67 = load.f64 notrap aligned v48+8
    v68 = load.i64 notrap aligned v50+8
    v69 = fcvt_from_sint.f64 v68
    v70 = fcmp lt v67, v69
    jump block23(v70)

block25:
    jump block22

block22:
    v71 = load.i32 notrap aligned v4
    v72 = symbol_value.i64 gv4
    v73 = iconst.i32 0
    v74 = iconst.i64 1
    v75 = iconst.i64 0
    v76 = call fn7(v72, v73, v48, v71, v50, v74, v75, v52)  ; v73 = 0, v74 = 1, v75 = 0
    brif v76, block1, block27

block27:
    v77 = load.i8 notrap aligned v52
    v78 = iconst.i8 16
    v79 = icmp uge v77, v78  ; v78 = 16
    brif v79, block28, block29

block28:
    call fn8(v52)
    jump block29

block29:
    v80 = call fn9(v52)
    jump block23(v80)

block23(v53: i8):
    v81 = stack_addr.i64 ss3
    brif v53, block30, block31

block30:
    v82 = iconst.i32 3
    v83 = symbol_value.i64 gv2
    v84 = load.i16 notrap aligned v83
    v85 = iconst.i16 512
    v86 = band v84, v85  ; v85 = 512
    brif v86, block33, block34

block33 cold:
    call fn6(v82)  ; v82 = 3
    jump block35

block34:
    v87 = load.i64 notrap aligned v20
    v88 = load.i64 notrap aligned v20+8
    v89 = icmp eq v87, v88
    brif v89, block35, block36

block36:
    store.i32 notrap aligned v82, v87-16  ; v82 = 3
    jump block35

block35:
    v90 = stack_addr.i64 ss0
    v91 = load.i8 notrap aligned v90
    v92 = iconst.i8 16
    v93 = icmp uge v91, v92  ; v92 = 16
    brif v93, block37, block38

block37:
    call fn1(v90)
    jump block38

block38:
    v94 = load.i64 notrap aligned v90
    store notrap aligned v94, v81
    v95 = load.i64 notrap aligned v90+8
    store notrap aligned v95, v81+8
    v96 = load.i64 notrap aligned v90+16
    store notrap aligned v96, v81+16
    jump block32

block31:
    v97 = iconst.i32 5
    v98 = symbol_value.i64 gv2
    v99 = load.i16 notrap aligned v98
    v100 = iconst.i16 512
    v101 = band v99, v100  ; v100 = 512
    brif v101, block39, block40

block39 cold:
    call fn6(v97)  ; v97 = 5
    jump block41

block40:
    v102 = load.i64 notrap aligned v20
    v103 = load.i64 notrap aligned v20+8
    v104 = icmp eq v102, v103
    brif v104, block41, block42

block42:
    store.i32 notrap aligned v97, v102-16  ; v97 = 5
    jump block41

block41:
    v105 = stack_addr.i64 ss0
    v106 = iconst.i64 1
    v107 = stack_addr.i64 ss4
    v108 = iconst.i8 2
    store notrap aligned v108, v107  ; v108 = 2
    store notrap aligned v106, v107+8  ; v106 = 1
    v109 = stack_addr.i64 ss5
    v110 = load.i8 notrap aligned v105
    v111 = iconst.i8 2
    v112 = icmp eq v110, v111  ; v111 = 2
    brif v112, block43, block44

block43:
    v113 = load.i64 notrap aligned v105+8
    v114 = load.i64 notrap aligned v107+8
    v115, v116 = ssub_overflow v113, v114
    brif v116, block47, block48

block48:
    v117 = iconst.i8 2
    store notrap aligned v117, v109  ; v117 = 2
    store.i64 notrap aligned v115, v109+8
    jump block46

block47:
    call fn10(v105, v107, v109)
    jump block46

block44:
    v118 = iconst.i8 3
    v119 = icmp.i8 eq v110, v118  ; v118 = 3
    brif v119, block49, block50

block49:
    v120 = load.f64 notrap aligned v105+8
    v121 = load.i64 notrap aligned v107+8
    v122 = fcvt_from_sint.f64 v121
    v123 = fsub v120, v122
    v124 = iconst.i8 3
    store notrap aligned v124, v109  ; v124 = 3
    store notrap aligned v123, v109+8
    jump block46

block50:
    jump block45

block45:
    v125 = load.i32 notrap aligned v4+4
    v126 = symbol_value.i64 gv5
    v127 = iconst.i64 56
    v128 = iadd v126, v127  ; v127 = 56
    v129 = iconst.i32 0
    v130 = iconst.i64 1
    v131 = iconst.i64 0
    v132 = call fn7(v128, v129, v105, v125, v107, v130, v131, v109)  ; v129 = 0, v130 = 1, v131 = 0
    brif v132, block1, block51

block51:
    jump block46

block46:
    v133 = stack_addr.i64 ss5
    v134 = load.i8 notrap aligned v133
    v135 = iconst.i8 16
    v136 = icmp uge v134, v135  ; v135 = 16
    brif v136, block52, block53

block52:
    call fn8(v133)
    jump block53

block53:
    v137 = stack_addr.i64 ss6
    v138 = call fn11(v0, v133, v137)
    brif v138, block1, block54

block54:
    v139 = stack_addr.i64 ss6
    v140 = load.i8 notrap aligned v139
    v141 = iconst.i8 16
    v142 = icmp uge v140, v141  ; v141 = 16
    brif v142, block55, block56

block55:
    call fn8(v139)
    jump block56

block56:
    v143 = stack_addr.i64 ss0
    v144 = iconst.i64 2
    v145 = stack_addr.i64 ss7
    v146 = iconst.i8 2
    store notrap aligned v146, v145  ; v146 = 2
    store notrap aligned v144, v145+8  ; v144 = 2
    v147 = stack_addr.i64 ss8
    v148 = load.i8 notrap aligned v143
    v149 = iconst.i8 2
    v150 = icmp eq v148, v149  ; v149 = 2
    brif v150, block57, block58

block57:
    v151 = load.i64 notrap aligned v143+8
    v152 = load.i64 notrap aligned v145+8
    v153, v154 = ssub_overflow v151, v152
    brif v154, block61, block62

block62:
    v155 = iconst.i8 2
    store notrap aligned v155, v147  ; v155 = 2
    store.i64 notrap aligned v153, v147+8
    jump block60

block61:
    call fn10(v143, v145, v147)
    jump block60

block58:
    v156 = iconst.i8 3
    v157 = icmp.i8 eq v148, v156  ; v156 = 3
    brif v157, block63, block64

block63:
    v158 = load.f64 notrap aligned v143+8
    v159 = load.i64 notrap aligned v145+8
    v160 = fcvt_from_sint.f64 v159
    v161 = fsub v158, v160
    v162 = iconst.i8 3
    store notrap aligned v162, v147  ; v162 = 3
    store notrap aligned v161, v147+8
    jump block60

block64:
    jump block59

block59:
    v163 = load.i32 notrap aligned v4+4
    v164 = symbol_value.i64 gv6
    v165 = iconst.i64 112
    v166 = iadd v164, v165  ; v165 = 112
    v167 = iconst.i32 0
    v168 = iconst.i64 1
    v169 = iconst.i64 0
    v170 = call fn7(v166, v167, v143, v163, v145, v168, v169, v147)  ; v167 = 0, v168 = 1, v169 = 0
    brif v170, block1, block65

block65:
    jump block60

block60:
    v171 = stack_addr.i64 ss8
    v172 = load.i8 notrap aligned v171
    v173 = iconst.i8 16
    v174 = icmp uge v172, v173  ; v173 = 16
    brif v174, block66, block67

block66:
    call fn8(v171)
    jump block67

block67:
    v175 = stack_addr.i64 ss9
    v176 = call fn12(v0, v171, v175)
    brif v176, block1, block68

block68:
    v177 = stack_addr.i64 ss9
    v178 = load.i8 notrap aligned v177
    v179 = iconst.i8 16
    v180 = icmp uge v178, v179  ; v179 = 16
    brif v180, block69, block70

block69:
    call fn8(v177)
    jump block70

block70:
    v181 = stack_addr.i64 ss10
    v182 = load.i8 notrap aligned v139
    v183 = load.i8 notrap aligned v177
    v184 = iconst.i8 2
    v185 = icmp eq v182, v184  ; v184 = 2
    v186 = iconst.i8 2
    v187 = icmp eq v183, v186  ; v186 = 2
    v188 = band v185, v187
    brif v188, block71, block72

block71:
    v189 = load.i64 notrap aligned v139+8
    v190 = load.i64 notrap aligned v177+8
    v191, v192 = sadd_overflow v189, v190
    brif v192, block75, block76

block76:
    v193 = iconst.i8 2
    store notrap aligned v193, v181  ; v193 = 2
    store.i64 notrap aligned v191, v181+8
    jump block74

block75:
    call fn13(v139, v177, v181)
    jump block74

block72:
    v194 = iconst.i8 3
    v195 = icmp.i8 eq v182, v194  ; v194 = 3
    v196 = iconst.i8 3
    v197 = icmp.i8 eq v183, v196  ; v196 = 3
    v198 = band v195, v197
    brif v198, block77, block78

block77:
    v199 = load.f64 notrap aligned v139+8
    v200 = load.f64 notrap aligned v177+8
    v201 = fadd v199, v200
    v202 = iconst.i8 3
    store notrap aligned v202, v181  ; v202 = 3
    store notrap aligned v201, v181+8
    jump block74

block78:
    v203 = band.i8 v195, v187
    brif v203, block79, block80

block79:
    v204 = load.f64 notrap aligned v139+8
    v205 = load.i64 notrap aligned v177+8
    v206 = fcvt_from_sint.f64 v205
    v207 = fadd v204, v206
    v208 = iconst.i8 3
    store notrap aligned v208, v181  ; v208 = 3
    store notrap aligned v207, v181+8
    jump block74

block80:
    v209 = band.i8 v185, v197
    brif v209, block81, block82

block81:
    v210 = load.i64 notrap aligned v139+8
    v211 = fcvt_from_sint.f64 v210
    v212 = load.f64 notrap aligned v177+8
    v213 = fadd v211, v212
    v214 = iconst.i8 3
    store notrap aligned v214, v181  ; v214 = 3
    store notrap aligned v213, v181+8
    jump block74

block82:
    jump block73

block73:
    v215 = load.i32 notrap aligned v4+8
    v216 = symbol_value.i64 gv7
    v217 = iconst.i64 168
    v218 = iadd v216, v217  ; v217 = 168
    v219 = iconst.i32 0
    v220 = iconst.i64 1
    v221 = iconst.i64 0
    v222 = call fn7(v218, v219, v139, v215, v177, v220, v221, v181)  ; v219 = 0, v220 = 1, v221 = 0
    brif v222, block1, block83

block83:
    jump block74

block74:
    v223 = stack_addr.i64 ss10
    v224 = load.i64 notrap aligned v223
    store notrap aligned v224, v81
    v225 = load.i64 notrap aligned v223+8
    store notrap aligned v225, v81+8
    v226 = load.i64 notrap aligned v223+16
    store notrap aligned v226, v81+16
    jump block32

block32:
    v227 = stack_addr.i64 ss3
    v228 = load.i64 notrap aligned v227
    store notrap aligned v228, v2
    v229 = load.i64 notrap aligned v227+8
    store notrap aligned v229, v2+8
    v230 = load.i64 notrap aligned v227+16
    store notrap aligned v230, v2+16
    jump block2

block2:
    v232 = iconst.i32 0
    jump block84(v232)  ; v232 = 0

block1:
    v233 = iconst.i32 1
    jump block84(v233)  ; v233 = 1

block84(v231: i32):
    v234 = stack_addr.i64 ss0
    v235 = load.i8 notrap aligned v234
    v236 = iconst.i8 16
    v237 = icmp uge v235, v236  ; v236 = 16
    brif v237, block85, block86

block85:
    call fn14(v234)
    jump block86

block86:
    v238 = symbol_value.i64 gv2
    v239 = load.i16 notrap aligned v238
    v240 = iconst.i16 512
    v241 = band v239, v240  ; v240 = 512
    brif v241, block87, block88

block87 cold:
    call fn15()
    jump block89

block88:
    v242 = load.i64 notrap aligned v20
    v243 = load.i64 notrap aligned v20+8
    v244 = icmp eq v242, v243
    brif v244, block89, block90

block90:
    v245 = iconst.i64 -48
    v246 = iadd.i64 v242, v245  ; v245 = -48
    store notrap aligned v246, v20
    v247 = load.i32 notrap aligned v246+40
    v248 = iconst.i32 -1
    v249 = icmp eq v247, v248  ; v248 = -1
    brif v249, block89, block91

block91:
    v250 = load.i64 notrap aligned v20+24
    v251 = load.i64 notrap aligned v20+32
    v252 = isub v250, v251
    v253 = iconst.i64 24
    v254 = udiv v252, v253  ; v253 = 24
    v255 = uextend.i64 v247
    v256 = icmp ugt v254, v255
    brif v256, block92, block89

block92 cold:
    call fn16(v255)
    jump block89

block89:
    return v231
}

;; trampoline
function u1:2(i64, i64, i64, i64, i64) -> i32 ccall {
    gv0 = symbol colocated userextname5
    sig0 = (i64, i64, i64) -> i32 ccall
    sig1 = (i64) ccall
    sig2 = (i64, i64, i64) -> i32 ccall
    sig3 = (i64, i64, i64, i64, i32, i32) ccall
    sig4 = () ccall
    fn0 = colocated u0:0 sig0
    fn1 = u0:14 sig1
    fn2 = u0:17 sig2
    fn3 = u0:6 sig3
    fn4 = u0:15 sig4

block0(v0: i64, v1: i64, v2: i64, v3: i64, v4: i64):
    v5 = iconst.i64 0
    v6 = icmp ne v3, v5  ; v5 = 0
    brif v6, block2, block1

block2:
    call fn1(v3)
    jump block1

block1:
    v7 = iconst.i64 1
    v8 = icmp.i64 eq v2, v7  ; v7 = 1
    brif v8, block3, block4

block4:
    v9 = symbol_value.i64 gv0
    v10 = iconst.i64 2
    v11 = iconst.i64 2
    v12 = iadd v9, v11  ; v11 = 2
    v13 = iconst.i64 10
    v14 = iconst.i32 1
    v15 = iconst.i32 7
    call fn3(v9, v10, v12, v13, v14, v15)  ; v10 = 2, v13 = 10, v14 = 1, v15 = 7
    v16 = iconst.i64 1
    v17 = call fn2(v2, v16, v16)  ; v16 = 1, v16 = 1
    call fn4()
    return v17

block3:
    v18 = call fn0(v0, v1, v4)
    return v18
}

;; zeo_toplevel
function u0:0(i64) -> i32 ccall {
    ss0 = explicit_slot 24, align = 8
    ss1 = explicit_slot 0, align = 8
    ss2 = explicit_slot 8, align = 8
    ss3 = explicit_slot 24, align = 8
    ss4 = explicit_slot 24, align = 8
    ss5 = explicit_slot 24, align = 8
    ss6 = explicit_slot 24, align = 8
    ss7 = explicit_slot 24, align = 8
    gv0 = symbol colocated userextname0
    gv1 = symbol colocated userextname1
    gv2 = symbol userextname3
    gv3 = symbol userextname6
    sig0 = () -> i64 ccall
    sig1 = (i64, i64, i64, i64, i32, i32) -> i32 ccall
    sig2 = (i64, i64, i64, i64, i32, i32) ccall
    sig3 = () -> i32 ccall
    sig4 = (i64) ccall
    sig5 = (i64) ccall
    sig6 = (i64, i64, i64, i64, i64, i64, i32, i32, i32, i64) ccall
    sig7 = (i32, i64, i64, i64, i64, i64, i32, i32) ccall
    sig8 = (i32) ccall
    sig9 = (i64, i64, i64) -> i32 ccall
    sig10 = (i64, i64, i64) -> i32 ccall
    sig11 = (i64) ccall
    sig12 = () ccall
    fn0 = colocated u0:4 sig0
    fn1 = colocated u0:5 sig1
    fn2 = colocated u0:6 sig2
    fn3 = colocated u0:7 sig3
    fn4 = colocated u0:19 sig4
    fn5 = colocated u0:10 sig5
    fn6 = colocated u0:20 sig6
    fn7 = colocated u0:21 sig7
    fn8 = colocated u0:8 sig8
    fn9 = colocated u0:0 sig9
    fn10 = colocated u0:22 sig10
    fn11 = colocated u0:16 sig11
    fn12 = colocated u0:15 sig12

block0(v0: i64):
    v1 = symbol_value.i64 gv0
    v2 = symbol_value.i64 gv1
    v3 = iconst.i64 2
    v4 = iconst.i64 12
    v5 = iadd v1, v4  ; v4 = 12
    v6 = iconst.i64 6
    v7 = iconst.i32 0
    v8 = call fn0()
    v9 = symbol_value.i64 gv2
    v10 = load.i16 notrap aligned v9
    v11 = iconst.i16 512
    v12 = band v10, v11  ; v11 = 512
    brif v12, block2, block3

block2 cold:
    v13 = call fn1(v1, v3, v5, v6, v7, v7)  ; v3 = 2, v6 = 6, v7 = 0, v7 = 0
    brif v13, block1, block5

block5:
    jump block4

block3:
    v14 = load.i64 notrap aligned v8
    v15 = load.i64 notrap aligned v8+16
    v16 = icmp eq v14, v15
    brif v16, block6, block7

block6 cold:
    call fn2(v1, v3, v5, v6, v7, v7)  ; v3 = 2, v6 = 6, v7 = 0, v7 = 0
    jump block8

block7:
    store.i64 notrap aligned v1, v14
    store.i64 notrap aligned v3, v14+8  ; v3 = 2
    store.i64 notrap aligned v5, v14+16
    store.i64 notrap aligned v6, v14+24  ; v6 = 6
    store.i32 notrap aligned v7, v14+32  ; v7 = 0
    store.i32 notrap aligned v7, v14+36  ; v7 = 0
    v17 = load.i64 notrap aligned v8+24
    v18 = load.i64 notrap aligned v8+32
    v19 = isub v17, v18
    v20 = iconst.i64 24
    v21 = udiv v19, v20  ; v20 = 24
    v22 = ireduce.i32 v21
    store notrap aligned v22, v14+40
    v23 = iconst.i64 48
    v24 = iadd.i64 v14, v23  ; v23 = 48
    store notrap aligned v24, v8
    jump block8

block8:
    v25 = symbol_value.i64 gv3
    v26 = load.i32 notrap aligned v25
    brif v26, block9, block10

block9 cold:
    v27 = call fn3()
    brif v27, block1, block10

block10:
    jump block4

block4:
    v28 = stack_addr.i64 ss0
    call fn4(v28)
    call fn5(v28)
    v29 = stack_addr.i64 ss1
    v30 = iconst.i64 0
    v31 = stack_addr.i64 ss2
    v32 = iconst.i64 12
    v33 = iadd.i64 v1, v32  ; v32 = 12
    v34 = iconst.i64 6
    v35 = iconst.i32 0
    v36 = iconst.i32 0
    v37 = iconst.i32 -1
    v38 = stack_addr.i64 ss3
    call fn6(v28, v29, v31, v30, v33, v34, v35, v36, v37, v38)  ; v30 = 0, v34 = 6, v35 = 0, v36 = 0, v37 = -1
    v39 = stack_addr.i64 ss3
    v40 = load.i8 notrap aligned v39
    v41 = iconst.i8 16
    v42 = icmp uge v40, v41  ; v41 = 16
    brif v42, block11, block12

block11:
    call fn5(v39)
    jump block12

block12:
    v43 = iconst.i64 18
    v44 = iadd.i64 v1, v43  ; v43 = 18
    v45 = iconst.i64 16
    v46 = iconst.i64 12
    v47 = iadd.i64 v1, v46  ; v46 = 12
    v48 = iconst.i64 6
    v49 = iconst.i32 0
    v50 = iconst.i32 0
    v51 = iconst.i32 0
    call fn7(v49, v44, v45, v39, v47, v48, v50, v51)  ; v49 = 0, v45 = 16, v48 = 6, v50 = 0, v51 = 0
    v52 = load.i64 notrap aligned v8+24
    v53 = load.i64 notrap aligned v8+32
    v54 = isub v52, v53
    v55 = iconst.i64 24
    v56 = udiv v54, v55  ; v55 = 24
    v57 = iconst.i32 8
    v58 = symbol_value.i64 gv2
    v59 = load.i16 notrap aligned v58
    v60 = iconst.i16 512
    v61 = band v59, v60  ; v60 = 512
    brif v61, block13, block14

block13 cold:
    call fn8(v57)  ; v57 = 8
    jump block15

block14:
    v62 = load.i64 notrap aligned v8
    v63 = load.i64 notrap aligned v8+8
    v64 = icmp eq v62, v63
    brif v64, block15, block16

block16:
    store.i32 notrap aligned v57, v62-16  ; v57 = 8
    jump block15

block15:
    v65 = iconst.i64 10
    v66 = stack_addr.i64 ss5
    v67 = iconst.i8 2
    store notrap aligned v67, v66  ; v67 = 2
    store notrap aligned v65, v66+8  ; v65 = 10
    v68 = stack_addr.i64 ss6
    v69 = call fn9(v28, v66, v68)
    brif v69, block1, block17

block17:
    v70 = stack_addr.i64 ss6
    v71 = load.i8 notrap aligned v70
    v72 = iconst.i8 16
    v73 = icmp uge v71, v72  ; v72 = 16
    brif v73, block18, block19

block18:
    call fn5(v70)
    jump block19

block19:
    v74 = stack_addr.i64 ss4
    v75 = stack_addr.i64 ss6
    v76 = load.i64 notrap aligned v75
    store notrap aligned v76, v74
    v77 = load.i64 notrap aligned v75+8
    store notrap aligned v77, v74+8
    v78 = load.i64 notrap aligned v75+16
    store notrap aligned v78, v74+16
    v79 = stack_addr.i64 ss4
    v80 = iconst.i64 1
    v81 = stack_addr.i64 ss7
    v82 = call fn10(v79, v80, v81)  ; v80 = 1
    brif v82, block1, block20

block20:
    v83 = load.i64 notrap aligned v8+24
    v84 = load.i64 notrap aligned v8+32
    v85 = isub v83, v84
    v86 = iconst.i64 24
    v87 = udiv v85, v86  ; v86 = 24
    v88 = icmp ugt v87, v56
    brif v88, block21, block22

block21 cold:
    call fn11(v56)
    jump block22

block22:
    v90 = iconst.i64 0
    store notrap aligned v90, v0  ; v90 = 0
    store notrap aligned v90, v0+8  ; v90 = 0
    store notrap aligned v90, v0+16  ; v90 = 0
    v91 = iconst.i32 0
    jump block23(v91)  ; v91 = 0

block1:
    v92 = iconst.i32 1
    jump block23(v92)  ; v92 = 1

block23(v89: i32):
    v93 = symbol_value.i64 gv2
    v94 = load.i16 notrap aligned v93
    v95 = iconst.i16 512
    v96 = band v94, v95  ; v95 = 512
    brif v96, block24, block25

block24 cold:
    call fn12()
    jump block26

block25:
    v97 = load.i64 notrap aligned v8
    v98 = load.i64 notrap aligned v8+8
    v99 = icmp eq v97, v98
    brif v99, block26, block27

block27:
    v100 = iconst.i64 -48
    v101 = iadd.i64 v97, v100  ; v100 = -48
    store notrap aligned v101, v8
    v102 = load.i32 notrap aligned v101+40
    v103 = iconst.i32 -1
    v104 = icmp eq v102, v103  ; v103 = -1
    brif v104, block26, block28

block28:
    v105 = load.i64 notrap aligned v8+24
    v106 = load.i64 notrap aligned v8+32
    v107 = isub v105, v106
    v108 = iconst.i64 24
    v109 = udiv v107, v108  ; v108 = 24
    v110 = uextend.i64 v102
    v111 = icmp ugt v109, v110
    brif v111, block29, block26

block29 cold:
    call fn11(v110)
    jump block26

block26:
    return v89
}

;; zeo_unit_init
function u0:2() ccall {
    gv0 = symbol colocated userextname2
    gv1 = symbol colocated userextname3
    gv2 = symbol colocated userextname4
    gv3 = symbol colocated userextname5
    gv4 = symbol colocated userextname6
    gv5 = symbol colocated userextname8
    gv6 = symbol colocated userextname10
    gv7 = symbol colocated userextname12
    sig0 = (i64, i64, i64) ccall
    sig1 = (i64, i64, i64) ccall
    sig2 = (i64, i64) ccall
    sig3 = (i64, i64) ccall
    sig4 = (i64, i64) ccall
    sig5 = (i64, i64) ccall
    fn0 = u0:24 sig0
    fn1 = u0:25 sig1
    fn2 = u0:26 sig2
    fn3 = u0:27 sig3
    fn4 = u0:28 sig4
    fn5 = u0:29 sig5

block0:
    v0 = symbol_value.i64 gv0
    v1 = iconst.i64 3
    v2 = symbol_value.i64 gv2
    call fn0(v0, v1, v2)  ; v1 = 3
    v3 = symbol_value.i64 gv3
    v4 = symbol_value.i64 gv1
    v5 = iconst.i64 4
    call fn1(v3, v4, v5)  ; v5 = 4
    return
}

;; main
function u0:1(i32, i64) -> i32 ccall {
    gv0 = symbol colocated userextname1
    sig0 = (i32, i64, i64) -> i32 ccall
    fn0 = u0:31 sig0

block0(v0: i32, v1: i64):
    v2 = symbol_value.i64 gv0
    v3 = call fn0(v0, v1, v2)
    return v3
}
