#<Encoding:UTF-8>
#<Encoding:UTF-8>
[226, 130, 172]
3
1
false
true
#<Encoding:BINARY (ASCII-8BIT)>
3
3
#<Encoding:US-ASCII>
false
#<Encoding:UTF-8>
"UTF-8"
["ASCII-8BIT", "BINARY"]
#<Encoding:UTF-8>
#<Encoding:BINARY (ASCII-8BIT)>
#<Encoding:UTF-8>
#<Encoding:ISO-8859-1>
[99, 97, 102, 233]
true
raised: Encoding::UndefinedConversionError
"caf?"
"a&lt;b&gt;&amp;c"
#<Encoding:US-ASCII>
#<Encoding:UTF-8>
#<Encoding:US-ASCII>
