---
source: crates/zeo/tests/suite/checks/clif.rs
assertion_line: 160
expression: "clif_of(\"def f(x)\\n  p x.nil?\\n  p(x == nil)\\n  p(x != nil)\\nend\\nf(nil)\\nf(1)\\n\",)"
---
;; Object#f
function %zeo_m_Object_f(i64, i64, i64) -> i32 ccall {
    ss0 = explicit_slot 24, align = 8
    ss1 = explicit_slot 24, align = 8
    ss2 = explicit_slot 24, align = 8
    ss3 = explicit_slot 24, align = 8
    ss4 = explicit_slot 24, align = 8
    ss5 = explicit_slot 24, align = 8
    ss6 = explicit_slot 24, align = 8
    gv0 = symbol colocated %zeo_rodata
    gv1 = symbol colocated %zeo_syms
    gv2 = symbol %zeo_rt_gates
    gv3 = symbol %zeo_rt_pending_interrupts
    gv4 = symbol colocated %zeo_callsites
    gv5 = symbol colocated %zeo_callsites
    gv6 = symbol colocated %zeo_callsites
    gv7 = symbol colocated %zeo_callsites
    gv8 = symbol colocated %zeo_callsites
    sig0 = () -> i32 ccall
    sig1 = (i64) ccall
    sig2 = () -> i64 ccall
    sig3 = (i64, i64, i64, i64, i32, i32) -> i32 ccall
    sig4 = (i64, i64, i64, i64, i32, i32) ccall
    sig5 = () -> i32 ccall
    sig6 = (i32) ccall
    sig7 = (i64, i32, i64, i32, i64, i64, i64, i64) -> i32 ccall
    sig8 = (i64) ccall
    sig9 = (i64) ccall
    sig10 = () ccall
    sig11 = (i64) ccall
    fn0 = colocated %zeo_rt_stack_check sig0
    fn1 = colocated %zeo_rt_retain sig1
    fn2 = colocated %zeo_rt_frame_hot sig2
    fn3 = colocated %zeo_rt_frame_enter sig3
    fn4 = colocated %zeo_rt_frame_push sig4
    fn5 = colocated %zeo_rt_check_ints sig5
    fn6 = colocated %zeo_rt_set_line sig6
    fn7 = colocated %zeo_rt_send_value_cached sig7
    fn8 = colocated %zeo_rt_pool_push sig8
    fn9 = colocated %zeo_rt_release sig9
    fn10 = colocated %zeo_rt_frame_pop sig10
    fn11 = colocated %zeo_rt_pool_reset sig11

block0(v0: i64, v1: i64, v2: i64):
    v193 = iconst.i64 0
    v194 = stack_addr.i64 ss0
    store notrap aligned v193, v194  ; v193 = 0
    store notrap aligned v193, v194+8  ; v193 = 0
    store notrap aligned v193, v194+16  ; v193 = 0
    v3 = symbol_value.i64 gv0
    v4 = symbol_value.i64 gv1
    v5 = call fn0()
    brif v5, block3, block4

block3:
    v6 = iconst.i32 1
    return v6  ; v6 = 1

block4:
    v7 = stack_addr.i64 ss0
    v8 = load.i8 notrap aligned v1
    v9 = iconst.i8 16
    v10 = icmp uge v8, v9  ; v9 = 16
    brif v10, block5, block6

block5:
    call fn1(v1)
    jump block6

block6:
    v11 = load.i64 notrap aligned v1
    store notrap aligned v11, v7
    v12 = load.i64 notrap aligned v1+8
    store notrap aligned v12, v7+8
    v13 = load.i64 notrap aligned v1+16
    store notrap aligned v13, v7+16
    v14 = iconst.i64 2
    v15 = iconst.i64 2
    v16 = iadd.i64 v3, v15  ; v15 = 2
    v17 = iconst.i64 8
    v18 = iconst.i32 1
    v19 = iconst.i32 5
    v20 = call fn2()
    v21 = symbol_value.i64 gv2
    v22 = load.i16 notrap aligned v21
    v23 = iconst.i16 512
    v24 = band v22, v23  ; v23 = 512
    brif v24, block7, block8

block7 cold:
    v25 = call fn3(v3, v14, v16, v17, v18, v19)  ; v14 = 2, v17 = 8, v18 = 1, v19 = 5
    brif v25, block1, block10

block10:
    jump block9

block8:
    v26 = load.i64 notrap aligned v20
    v27 = load.i64 notrap aligned v20+16
    v28 = icmp eq v26, v27
    brif v28, block11, block12

block11 cold:
    call fn4(v3, v14, v16, v17, v18, v19)  ; v14 = 2, v17 = 8, v18 = 1, v19 = 5
    jump block13

block12:
    store.i64 notrap aligned v3, v26
    store.i64 notrap aligned v14, v26+8  ; v14 = 2
    store.i64 notrap aligned v16, v26+16
    store.i64 notrap aligned v17, v26+24  ; v17 = 8
    store.i32 notrap aligned v18, v26+32  ; v18 = 1
    store.i32 notrap aligned v19, v26+36  ; v19 = 5
    v29 = load.i64 notrap aligned v20+24
    v30 = load.i64 notrap aligned v20+32
    v31 = isub v29, v30
    v32 = iconst.i64 24
    v33 = udiv v31, v32  ; v32 = 24
    v34 = ireduce.i32 v33
    store notrap aligned v34, v26+40
    v35 = iconst.i32 0
    store notrap aligned v35, v26+44  ; v35 = 0
    v36 = iconst.i64 48
    v37 = iadd.i64 v26, v36  ; v36 = 48
    store notrap aligned v37, v20
    jump block13

block13:
    v38 = symbol_value.i64 gv3
    v39 = load.i32 notrap aligned v38
    brif v39, block14, block15

block14 cold:
    v40 = call fn5()
    brif v40, block1, block15

block15:
    jump block9

block9:
    v41 = iconst.i32 2
    v42 = symbol_value.i64 gv2
    v43 = load.i16 notrap aligned v42
    v44 = iconst.i16 512
    v45 = band v43, v44  ; v44 = 512
    brif v45, block16, block17

block16 cold:
    call fn6(v41)  ; v41 = 2
    jump block18

block17:
    v46 = load.i64 notrap aligned v20
    v47 = load.i64 notrap aligned v20+8
    v48 = icmp eq v46, v47
    brif v48, block18, block19

block19:
    store.i32 notrap aligned v41, v46-16  ; v41 = 2
    jump block18

block18:
    v49 = stack_addr.i64 ss0
    v50 = load.i8 notrap aligned v49
    v51 = iconst.i8 0
    v52 = icmp eq v50, v51  ; v51 = 0
    v53 = stack_addr.i64 ss1
    v54 = iconst.i8 1
    store notrap aligned v54, v53  ; v54 = 1
    store notrap aligned v52, v53+8
    v55 = stack_addr.i64 ss1
    v56 = load.i32 notrap aligned v4
    v57 = iconst.i32 0
    v58 = iconst.i64 1
    v59 = iconst.i64 0
    v60 = stack_addr.i64 ss2
    v61 = symbol_value.i64 gv4
    v62 = call fn7(v61, v57, v0, v56, v55, v58, v59, v60)  ; v57 = 0, v58 = 1, v59 = 0
    brif v62, block1, block20

block20:
    v63 = stack_addr.i64 ss2
    v64 = load.i8 notrap aligned v63
    v65 = iconst.i8 16
    v66 = icmp uge v64, v65  ; v65 = 16
    brif v66, block21, block22

block21:
    call fn8(v63)
    jump block22

block22:
    v67 = iconst.i32 3
    v68 = symbol_value.i64 gv2
    v69 = load.i16 notrap aligned v68
    v70 = iconst.i16 512
    v71 = band v69, v70  ; v70 = 512
    brif v71, block23, block24

block23 cold:
    call fn6(v67)  ; v67 = 3
    jump block25

block24:
    v72 = load.i64 notrap aligned v20
    v73 = load.i64 notrap aligned v20+8
    v74 = icmp eq v72, v73
    brif v74, block25, block26

block26:
    store.i32 notrap aligned v67, v72-16  ; v67 = 3
    jump block25

block25:
    v75 = stack_addr.i64 ss0
    v76 = stack_addr.i64 ss2
    v77 = iconst.i64 0
    store notrap aligned v77, v76  ; v77 = 0
    store notrap aligned v77, v76+8  ; v77 = 0
    store notrap aligned v77, v76+16  ; v77 = 0
    v78 = stack_addr.i64 ss4
    v79 = load.i8 notrap aligned v75
    v80 = iconst.i8 0
    v81 = icmp eq v79, v80  ; v80 = 0
    brif v81, block30, block31

block30:
    v82 = iconst.i8 1
    v83 = iconst.i8 1
    store notrap aligned v83, v78  ; v83 = 1
    store notrap aligned v82, v78+8  ; v82 = 1
    jump block29

block31:
    v84 = iconst.i8 2
    v85 = icmp.i8 eq v79, v84  ; v84 = 2
    jump block27

block27:
    jump block28

block28:
    v86 = load.i32 notrap aligned v4+4
    v87 = symbol_value.i64 gv5
    v88 = iconst.i64 56
    v89 = iadd v87, v88  ; v88 = 56
    v90 = iconst.i32 0
    v91 = iconst.i64 1
    v92 = iconst.i64 0
    v93 = call fn7(v89, v90, v75, v86, v76, v91, v92, v78)  ; v90 = 0, v91 = 1, v92 = 0
    brif v93, block1, block32

block32:
    jump block29

block29:
    v94 = stack_addr.i64 ss4
    v95 = load.i8 notrap aligned v94
    v96 = iconst.i8 16
    v97 = icmp uge v95, v96  ; v96 = 16
    brif v97, block33, block34

block33:
    call fn8(v94)
    jump block34

block34:
    v98 = stack_addr.i64 ss3
    v99 = stack_addr.i64 ss4
    v100 = load.i64 notrap aligned v99
    store notrap aligned v100, v98
    v101 = load.i64 notrap aligned v99+8
    store notrap aligned v101, v98+8
    v102 = load.i64 notrap aligned v99+16
    store notrap aligned v102, v98+16
    v103 = stack_addr.i64 ss3
    v104 = load.i32 notrap aligned v4
    v105 = iconst.i32 0
    v106 = iconst.i64 1
    v107 = iconst.i64 0
    v108 = stack_addr.i64 ss5
    v109 = symbol_value.i64 gv6
    v110 = iconst.i64 112
    v111 = iadd v109, v110  ; v110 = 112
    v112 = call fn7(v111, v105, v0, v104, v103, v106, v107, v108)  ; v105 = 0, v106 = 1, v107 = 0
    brif v112, block1, block35

block35:
    v113 = stack_addr.i64 ss5
    v114 = load.i8 notrap aligned v113
    v115 = iconst.i8 16
    v116 = icmp uge v114, v115  ; v115 = 16
    brif v116, block36, block37

block36:
    call fn8(v113)
    jump block37

block37:
    v117 = iconst.i32 4
    v118 = symbol_value.i64 gv2
    v119 = load.i16 notrap aligned v118
    v120 = iconst.i16 512
    v121 = band v119, v120  ; v120 = 512
    brif v121, block38, block39

block38 cold:
    call fn6(v117)  ; v117 = 4
    jump block40

block39:
    v122 = load.i64 notrap aligned v20
    v123 = load.i64 notrap aligned v20+8
    v124 = icmp eq v122, v123
    brif v124, block40, block41

block41:
    store.i32 notrap aligned v117, v122-16  ; v117 = 4
    jump block40

block40:
    v125 = stack_addr.i64 ss0
    v126 = stack_addr.i64 ss5
    v127 = iconst.i64 0
    store notrap aligned v127, v126  ; v127 = 0
    store notrap aligned v127, v126+8  ; v127 = 0
    store notrap aligned v127, v126+16  ; v127 = 0
    v128 = stack_addr.i64 ss4
    v129 = load.i8 notrap aligned v125
    v130 = iconst.i8 0
    v131 = icmp eq v129, v130  ; v130 = 0
    brif v131, block45, block46

block45:
    v132 = iconst.i8 0
    v133 = iconst.i8 1
    store notrap aligned v133, v128  ; v133 = 1
    store notrap aligned v132, v128+8  ; v132 = 0
    jump block44

block46:
    v134 = iconst.i8 2
    v135 = icmp.i8 eq v129, v134  ; v134 = 2
    jump block42

block42:
    jump block43

block43:
    v136 = load.i32 notrap aligned v4+8
    v137 = symbol_value.i64 gv7
    v138 = iconst.i64 168
    v139 = iadd v137, v138  ; v138 = 168
    v140 = iconst.i32 0
    v141 = iconst.i64 1
    v142 = iconst.i64 0
    v143 = call fn7(v139, v140, v125, v136, v126, v141, v142, v128)  ; v140 = 0, v141 = 1, v142 = 0
    brif v143, block1, block47

block47:
    jump block44

block44:
    v144 = stack_addr.i64 ss4
    v145 = load.i8 notrap aligned v144
    v146 = iconst.i8 16
    v147 = icmp uge v145, v146  ; v146 = 16
    brif v147, block48, block49

block48:
    call fn8(v144)
    jump block49

block49:
    v148 = stack_addr.i64 ss6
    v149 = stack_addr.i64 ss4
    v150 = load.i64 notrap aligned v149
    store notrap aligned v150, v148
    v151 = load.i64 notrap aligned v149+8
    store notrap aligned v151, v148+8
    v152 = load.i64 notrap aligned v149+16
    store notrap aligned v152, v148+16
    v153 = stack_addr.i64 ss6
    v154 = load.i32 notrap aligned v4
    v155 = iconst.i32 0
    v156 = iconst.i64 1
    v157 = iconst.i64 0
    v158 = stack_addr.i64 ss2
    v159 = symbol_value.i64 gv8
    v160 = iconst.i64 224
    v161 = iadd v159, v160  ; v160 = 224
    v162 = call fn7(v161, v155, v0, v154, v153, v156, v157, v158)  ; v155 = 0, v156 = 1, v157 = 0
    brif v162, block1, block50

block50:
    v163 = stack_addr.i64 ss2
    v164 = load.i64 notrap aligned v163
    store notrap aligned v164, v2
    v165 = load.i64 notrap aligned v163+8
    store notrap aligned v165, v2+8
    v166 = load.i64 notrap aligned v163+16
    store notrap aligned v166, v2+16
    jump block2

block2:
    v168 = iconst.i32 0
    jump block51(v168)  ; v168 = 0

block1:
    v169 = iconst.i32 1
    jump block51(v169)  ; v169 = 1

block51(v167: i32):
    v170 = stack_addr.i64 ss0
    v171 = load.i8 notrap aligned v170
    v172 = iconst.i8 16
    v173 = icmp uge v171, v172  ; v172 = 16
    brif v173, block52, block53

block52:
    call fn9(v170)
    jump block53

block53:
    v174 = symbol_value.i64 gv2
    v175 = load.i16 notrap aligned v174
    v176 = iconst.i16 512
    v177 = band v175, v176  ; v176 = 512
    brif v177, block54, block55

block54 cold:
    call fn10()
    jump block56

block55:
    v178 = load.i64 notrap aligned v20
    v179 = load.i64 notrap aligned v20+8
    v180 = icmp eq v178, v179
    brif v180, block56, block57

block57:
    v181 = iconst.i64 -48
    v182 = iadd.i64 v178, v181  ; v181 = -48
    store notrap aligned v182, v20
    v183 = load.i32 notrap aligned v182+40
    v184 = iconst.i32 -1
    v185 = icmp eq v183, v184  ; v184 = -1
    brif v185, block56, block58

block58:
    v186 = load.i64 notrap aligned v20+24
    v187 = load.i64 notrap aligned v20+32
    v188 = isub v186, v187
    v189 = iconst.i64 24
    v190 = udiv v188, v189  ; v189 = 24
    v191 = uextend.i64 v183
    v192 = icmp ugt v190, v191
    brif v192, block59, block56

block59 cold:
    call fn11(v191)
    jump block56

block56:
    return v167
}

;; trampoline
function %zeo_t_Object_f(i64, i64, i64, i64, i64) -> i32 ccall {
    gv0 = symbol colocated %zeo_rodata
    sig0 = (i64, i64, i64) -> i32 ccall
    sig1 = (i64) ccall
    sig2 = (i64, i64, i64) -> i32 ccall
    sig3 = (i64, i64, i64, i64, i32, i32) ccall
    sig4 = () ccall
    fn0 = colocated %zeo_m_Object_f sig0
    fn1 = %zeo_rt_release sig1
    fn2 = %zeo_rt_wrong_arity sig2
    fn3 = %zeo_rt_frame_push sig3
    fn4 = %zeo_rt_frame_pop sig4

block0(v0: i64, v1: i64, v2: i64, v3: i64, v4: i64):
    v5 = iconst.i64 0
    v6 = icmp ne v3, v5  ; v5 = 0
    brif v6, block2, block1

block2:
    call fn1(v3)
    jump block1

block1:
    v7 = iconst.i64 1
    v8 = icmp.i64 eq v2, v7  ; v7 = 1
    brif v8, block3, block4

block4:
    v9 = symbol_value.i64 gv0
    v10 = iconst.i64 2
    v11 = iconst.i64 2
    v12 = iadd v9, v11  ; v11 = 2
    v13 = iconst.i64 8
    v14 = iconst.i32 1
    v15 = iconst.i32 5
    call fn3(v9, v10, v12, v13, v14, v15)  ; v10 = 2, v13 = 8, v14 = 1, v15 = 5
    v16 = iconst.i64 1
    v17 = call fn2(v2, v16, v16)  ; v16 = 1, v16 = 1
    call fn4()
    return v17

block3:
    v18 = call fn0(v0, v1, v4)
    return v18
}

;; zeo_toplevel
function %zeo_toplevel(i64) -> i32 ccall {
    ss0 = explicit_slot 24, align = 8
    ss1 = explicit_slot 0, align = 8
    ss2 = explicit_slot 8, align = 8
    ss3 = explicit_slot 24, align = 8
    ss4 = explicit_slot 24, align = 8
    ss5 = explicit_slot 24, align = 8
    gv0 = symbol colocated %zeo_rodata
    gv1 = symbol colocated %zeo_syms
    gv2 = symbol %zeo_rt_gates
    gv3 = symbol %zeo_rt_pending_interrupts
    sig0 = () -> i64 ccall
    sig1 = (i64, i64, i64, i64, i32, i32) -> i32 ccall
    sig2 = (i64, i64, i64, i64, i32, i32) ccall
    sig3 = () -> i32 ccall
    sig4 = (i64) ccall
    sig5 = (i64) ccall
    sig6 = (i64, i64, i64, i64, i64, i64, i32, i32, i32, i64) ccall
    sig7 = (i32, i64, i64, i64, i64, i64, i32, i32) ccall
    sig8 = (i32) ccall
    sig9 = (i64, i64, i64) -> i32 ccall
    sig10 = (i64) ccall
    sig11 = (i64, i64, i64) -> i32 ccall
    sig12 = () ccall
    fn0 = colocated %zeo_rt_frame_hot sig0
    fn1 = colocated %zeo_rt_frame_enter sig1
    fn2 = colocated %zeo_rt_frame_push sig2
    fn3 = colocated %zeo_rt_check_ints sig3
    fn4 = colocated %zeo_rt_main_object sig4
    fn5 = colocated %zeo_rt_pool_push sig5
    fn6 = colocated %zeo_rt_binding_new sig6
    fn7 = colocated %zeo_rt_const_set_at sig7
    fn8 = colocated %zeo_rt_set_line sig8
    fn9 = colocated %zeo_m_Object_f sig9
    fn10 = colocated %zeo_rt_pool_reset sig10
    fn11 = colocated %zeo_m_Object_f sig11
    fn12 = colocated %zeo_rt_frame_pop sig12

block0(v0: i64):
    v1 = symbol_value.i64 gv0
    v2 = symbol_value.i64 gv1
    v3 = iconst.i64 2
    v4 = iconst.i64 10
    v5 = iadd v1, v4  ; v4 = 10
    v6 = iconst.i64 6
    v7 = iconst.i32 0
    v8 = call fn0()
    v9 = symbol_value.i64 gv2
    v10 = load.i16 notrap aligned v9
    v11 = iconst.i16 512
    v12 = band v10, v11  ; v11 = 512
    brif v12, block2, block3

block2 cold:
    v13 = call fn1(v1, v3, v5, v6, v7, v7)  ; v3 = 2, v6 = 6, v7 = 0, v7 = 0
    brif v13, block1, block5

block5:
    jump block4

block3:
    v14 = load.i64 notrap aligned v8
    v15 = load.i64 notrap aligned v8+16
    v16 = icmp eq v14, v15
    brif v16, block6, block7

block6 cold:
    call fn2(v1, v3, v5, v6, v7, v7)  ; v3 = 2, v6 = 6, v7 = 0, v7 = 0
    jump block8

block7:
    store.i64 notrap aligned v1, v14
    store.i64 notrap aligned v3, v14+8  ; v3 = 2
    store.i64 notrap aligned v5, v14+16
    store.i64 notrap aligned v6, v14+24  ; v6 = 6
    store.i32 notrap aligned v7, v14+32  ; v7 = 0
    store.i32 notrap aligned v7, v14+36  ; v7 = 0
    v17 = load.i64 notrap aligned v8+24
    v18 = load.i64 notrap aligned v8+32
    v19 = isub v17, v18
    v20 = iconst.i64 24
    v21 = udiv v19, v20  ; v20 = 24
    v22 = ireduce.i32 v21
    store notrap aligned v22, v14+40
    v23 = iconst.i32 0
    store notrap aligned v23, v14+44  ; v23 = 0
    v24 = iconst.i64 48
    v25 = iadd.i64 v14, v24  ; v24 = 48
    store notrap aligned v25, v8
    jump block8

block8:
    v26 = symbol_value.i64 gv3
    v27 = load.i32 notrap aligned v26
    brif v27, block9, block10

block9 cold:
    v28 = call fn3()
    brif v28, block1, block10

block10:
    jump block4

block4:
    v29 = stack_addr.i64 ss0
    call fn4(v29)
    call fn5(v29)
    v30 = stack_addr.i64 ss1
    v31 = iconst.i64 0
    v32 = stack_addr.i64 ss2
    v33 = iconst.i64 10
    v34 = iadd.i64 v1, v33  ; v33 = 10
    v35 = iconst.i64 6
    v36 = iconst.i32 0
    v37 = iconst.i32 0
    v38 = iconst.i32 -1
    v39 = stack_addr.i64 ss3
    call fn6(v29, v30, v32, v31, v34, v35, v36, v37, v38, v39)  ; v31 = 0, v35 = 6, v36 = 0, v37 = 0, v38 = -1
    v40 = stack_addr.i64 ss3
    v41 = load.i8 notrap aligned v40
    v42 = iconst.i8 16
    v43 = icmp uge v41, v42  ; v42 = 16
    brif v43, block11, block12

block11:
    call fn5(v40)
    jump block12

block12:
    v44 = iconst.i64 16
    v45 = iadd.i64 v1, v44  ; v44 = 16
    v46 = iconst.i64 16
    v47 = iconst.i64 10
    v48 = iadd.i64 v1, v47  ; v47 = 10
    v49 = iconst.i64 6
    v50 = iconst.i32 0
    v51 = iconst.i32 0
    v52 = iconst.i32 0
    call fn7(v50, v45, v46, v40, v48, v49, v51, v52)  ; v50 = 0, v46 = 16, v49 = 6, v51 = 0, v52 = 0
    v53 = load.i64 notrap aligned v8+24
    v54 = load.i64 notrap aligned v8+32
    v55 = isub v53, v54
    v56 = iconst.i64 24
    v57 = udiv v55, v56  ; v56 = 24
    v58 = iconst.i32 6
    v59 = symbol_value.i64 gv2
    v60 = load.i16 notrap aligned v59
    v61 = iconst.i16 512
    v62 = band v60, v61  ; v61 = 512
    brif v62, block13, block14

block13 cold:
    call fn8(v58)  ; v58 = 6
    jump block15

block14:
    v63 = load.i64 notrap aligned v8
    v64 = load.i64 notrap aligned v8+8
    v65 = icmp eq v63, v64
    brif v65, block15, block16

block16:
    store.i32 notrap aligned v58, v63-16  ; v58 = 6
    jump block15

block15:
    v66 = stack_addr.i64 ss4
    v67 = iconst.i64 0
    store notrap aligned v67, v66  ; v67 = 0
    store notrap aligned v67, v66+8  ; v67 = 0
    store notrap aligned v67, v66+16  ; v67 = 0
    v68 = stack_addr.i64 ss5
    v69 = call fn9(v29, v66, v68)
    brif v69, block1, block17

block17:
    v70 = stack_addr.i64 ss5
    v71 = load.i8 notrap aligned v70
    v72 = iconst.i8 16
    v73 = icmp uge v71, v72  ; v72 = 16
    brif v73, block18, block19

block18:
    call fn5(v70)
    jump block19

block19:
    v74 = load.i64 notrap aligned v8+24
    v75 = load.i64 notrap aligned v8+32
    v76 = isub v74, v75
    v77 = iconst.i64 24
    v78 = udiv v76, v77  ; v77 = 24
    v79 = icmp ugt v78, v57
    brif v79, block20, block21

block20 cold:
    call fn10(v57)
    jump block21

block21:
    v80 = load.i64 notrap aligned v8+24
    v81 = load.i64 notrap aligned v8+32
    v82 = isub v80, v81
    v83 = iconst.i64 24
    v84 = udiv v82, v83  ; v83 = 24
    v85 = iconst.i32 7
    v86 = symbol_value.i64 gv2
    v87 = load.i16 notrap aligned v86
    v88 = iconst.i16 512
    v89 = band v87, v88  ; v88 = 512
    brif v89, block22, block23

block22 cold:
    call fn8(v85)  ; v85 = 7
    jump block24

block23:
    v90 = load.i64 notrap aligned v8
    v91 = load.i64 notrap aligned v8+8
    v92 = icmp eq v90, v91
    brif v92, block24, block25

block25:
    store.i32 notrap aligned v85, v90-16  ; v85 = 7
    jump block24

block24:
    v93 = iconst.i64 1
    v94 = stack_addr.i64 ss5
    v95 = iconst.i8 2
    store notrap aligned v95, v94  ; v95 = 2
    store notrap aligned v93, v94+8  ; v93 = 1
    v96 = stack_addr.i64 ss4
    v97 = call fn11(v29, v94, v96)
    brif v97, block1, block26

block26:
    v98 = stack_addr.i64 ss4
    v99 = load.i8 notrap aligned v98
    v100 = iconst.i8 16
    v101 = icmp uge v99, v100  ; v100 = 16
    brif v101, block27, block28

block27:
    call fn5(v98)
    jump block28

block28:
    v102 = load.i64 notrap aligned v8+24
    v103 = load.i64 notrap aligned v8+32
    v104 = isub v102, v103
    v105 = iconst.i64 24
    v106 = udiv v104, v105  ; v105 = 24
    v107 = icmp ugt v106, v84
    brif v107, block29, block30

block29 cold:
    call fn10(v84)
    jump block30

block30:
    v109 = iconst.i64 0
    store notrap aligned v109, v0  ; v109 = 0
    store notrap aligned v109, v0+8  ; v109 = 0
    store notrap aligned v109, v0+16  ; v109 = 0
    v110 = iconst.i32 0
    jump block31(v110)  ; v110 = 0

block1:
    v111 = iconst.i32 1
    jump block31(v111)  ; v111 = 1

block31(v108: i32):
    v112 = symbol_value.i64 gv2
    v113 = load.i16 notrap aligned v112
    v114 = iconst.i16 512
    v115 = band v113, v114  ; v114 = 512
    brif v115, block32, block33

block32 cold:
    call fn12()
    jump block34

block33:
    v116 = load.i64 notrap aligned v8
    v117 = load.i64 notrap aligned v8+8
    v118 = icmp eq v116, v117
    brif v118, block34, block35

block35:
    v119 = iconst.i64 -48
    v120 = iadd.i64 v116, v119  ; v119 = -48
    store notrap aligned v120, v8
    v121 = load.i32 notrap aligned v120+40
    v122 = iconst.i32 -1
    v123 = icmp eq v121, v122  ; v122 = -1
    brif v123, block34, block36

block36:
    v124 = load.i64 notrap aligned v8+24
    v125 = load.i64 notrap aligned v8+32
    v126 = isub v124, v125
    v127 = iconst.i64 24
    v128 = udiv v126, v127  ; v127 = 24
    v129 = uextend.i64 v121
    v130 = icmp ugt v128, v129
    brif v130, block37, block34

block37 cold:
    call fn10(v129)
    jump block34

block34:
    return v108
}

;; zeo_unit_init
function %zeo_unit_init() ccall {
    gv0 = symbol colocated %zeo_sym_rows
    gv1 = symbol colocated %zeo_callsite_callers
    gv2 = symbol colocated %zeo_syms
    gv3 = symbol colocated %zeo_callsites
    gv4 = symbol colocated %zeo_cm_sites
    gv5 = symbol colocated %zeo_const_sites
    gv6 = symbol colocated %zeo_new_sites
    gv7 = symbol colocated %zeo_dyn_sites
    sig0 = (i64, i64, i64) ccall
    sig1 = (i64, i64, i64) ccall
    sig2 = (i64, i64) ccall
    sig3 = (i64, i64) ccall
    sig4 = (i64, i64) ccall
    sig5 = (i64, i64) ccall
    fn0 = %zeo_rt_syms_init sig0
    fn1 = %zeo_rt_callsites_init sig1
    fn2 = %zeo_rt_cm_sites_init sig2
    fn3 = %zeo_rt_const_sites_init sig3
    fn4 = %zeo_rt_class_new_sites_init sig4
    fn5 = %zeo_rt_dyncaller_sites_init sig5

block0:
    v0 = symbol_value.i64 gv0
    v1 = iconst.i64 3
    v2 = symbol_value.i64 gv2
    call fn0(v0, v1, v2)  ; v1 = 3
    v3 = symbol_value.i64 gv3
    v4 = symbol_value.i64 gv1
    v5 = iconst.i64 5
    call fn1(v3, v4, v5)  ; v5 = 5
    return
}

;; main
function %main(i32, i64) -> i32 ccall {
    gv0 = symbol colocated %zeo_program_desc
    sig0 = (i32, i64, i64) -> i32 ccall
    fn0 = %zeo_rt_main sig0

block0(v0: i32, v1: i64):
    v2 = symbol_value.i64 gv0
    v3 = call fn0(v0, v1, v2)
    return v3
}
