---
source: crates/zeo/tests/suite/checks/clif.rs
assertion_line: 260
expression: "clif_of(\"def m(a, b)\\n  p a << b\\n  p a >> b\\n  p a & b\\n  p a | b\\n  p a ^ b\\n  p a * b\\nend\\nm(5, 2)\\n\",)"
---
;; Object#m
function %zeo_m_Object_m(i64, i64, i64, i64) -> i32 ccall {
    ss0 = explicit_slot 24, align = 8
    ss1 = explicit_slot 24, align = 8
    ss2 = explicit_slot 24, align = 8
    ss3 = explicit_slot 24, align = 8
    ss4 = explicit_slot 24, align = 8
    ss5 = explicit_slot 24, align = 8
    ss6 = explicit_slot 24, align = 8
    ss7 = explicit_slot 24, align = 8
    ss8 = explicit_slot 24, align = 8
    ss9 = explicit_slot 24, align = 8
    gv0 = symbol colocated %zeo_rodata
    gv1 = symbol colocated %zeo_syms
    gv2 = symbol %zeo_rt_gates
    gv3 = symbol %zeo_rt_pending_interrupts
    gv4 = symbol colocated %zeo_callsites
    gv5 = symbol colocated %zeo_callsites
    gv6 = symbol colocated %zeo_callsites
    gv7 = symbol colocated %zeo_callsites
    gv8 = symbol colocated %zeo_callsites
    gv9 = symbol colocated %zeo_callsites
    gv10 = symbol colocated %zeo_callsites
    gv11 = symbol colocated %zeo_callsites
    gv12 = symbol colocated %zeo_callsites
    gv13 = symbol colocated %zeo_callsites
    gv14 = symbol colocated %zeo_callsites
    gv15 = symbol colocated %zeo_callsites
    sig0 = () -> i32 ccall
    sig1 = (i64) ccall
    sig2 = () -> i64 ccall
    sig3 = (i64, i64, i64, i64, i32, i32) -> i32 ccall
    sig4 = (i64, i64, i64, i64, i32, i32) ccall
    sig5 = () -> i32 ccall
    sig6 = (i32) ccall
    sig7 = (i64, i64, i64) -> i32 ccall
    sig8 = (i64, i32, i64, i32, i64, i64, i64, i64) -> i32 ccall
    sig9 = (i64) ccall
    sig10 = (i64, i64, i64) -> i32 ccall
    sig11 = (i64, i64, i64) ccall
    sig12 = (i64) ccall
    sig13 = () ccall
    sig14 = (i64) ccall
    fn0 = colocated %zeo_rt_stack_check sig0
    fn1 = colocated %zeo_rt_retain sig1
    fn2 = colocated %zeo_rt_frame_hot sig2
    fn3 = colocated %zeo_rt_frame_enter sig3
    fn4 = colocated %zeo_rt_frame_push sig4
    fn5 = colocated %zeo_rt_check_ints sig5
    fn6 = colocated %zeo_rt_set_line sig6
    fn7 = colocated %zeo_rt_int_shl sig7
    fn8 = colocated %zeo_rt_send_value_cached sig8
    fn9 = colocated %zeo_rt_pool_push sig9
    fn10 = colocated %zeo_rt_int_shr sig10
    fn11 = colocated %zeo_rt_int_mul_slow sig11
    fn12 = colocated %zeo_rt_release sig12
    fn13 = colocated %zeo_rt_frame_pop sig13
    fn14 = colocated %zeo_rt_pool_reset sig14

block0(v0: i64, v1: i64, v2: i64, v3: i64):
    v411 = iconst.i64 0
    v412 = stack_addr.i64 ss0
    store notrap aligned v411, v412  ; v411 = 0
    store notrap aligned v411, v412+8  ; v411 = 0
    store notrap aligned v411, v412+16  ; v411 = 0
    v413 = stack_addr.i64 ss1
    store notrap aligned v411, v413  ; v411 = 0
    store notrap aligned v411, v413+8  ; v411 = 0
    store notrap aligned v411, v413+16  ; v411 = 0
    v4 = symbol_value.i64 gv0
    v5 = symbol_value.i64 gv1
    v6 = call fn0()
    brif v6, block3, block4

block3:
    v7 = iconst.i32 1
    return v7  ; v7 = 1

block4:
    v8 = stack_addr.i64 ss0
    v9 = load.i8 notrap aligned v1
    v10 = iconst.i8 16
    v11 = icmp uge v9, v10  ; v10 = 16
    brif v11, block5, block6

block5:
    call fn1(v1)
    jump block6

block6:
    v12 = load.i64 notrap aligned v1
    store notrap aligned v12, v8
    v13 = load.i64 notrap aligned v1+8
    store notrap aligned v13, v8+8
    v14 = load.i64 notrap aligned v1+16
    store notrap aligned v14, v8+16
    v15 = stack_addr.i64 ss1
    v16 = load.i8 notrap aligned v2
    v17 = iconst.i8 16
    v18 = icmp uge v16, v17  ; v17 = 16
    brif v18, block7, block8

block7:
    call fn1(v2)
    jump block8

block8:
    v19 = load.i64 notrap aligned v2
    store notrap aligned v19, v15
    v20 = load.i64 notrap aligned v2+8
    store notrap aligned v20, v15+8
    v21 = load.i64 notrap aligned v2+16
    store notrap aligned v21, v15+16
    v22 = iconst.i64 2
    v23 = iconst.i64 2
    v24 = iadd.i64 v4, v23  ; v23 = 2
    v25 = iconst.i64 8
    v26 = iconst.i32 1
    v27 = iconst.i32 8
    v28 = call fn2()
    v29 = symbol_value.i64 gv2
    v30 = load.i16 notrap aligned v29
    v31 = iconst.i16 512
    v32 = band v30, v31  ; v31 = 512
    brif v32, block9, block10

block9 cold:
    v33 = call fn3(v4, v22, v24, v25, v26, v27)  ; v22 = 2, v25 = 8, v26 = 1, v27 = 8
    brif v33, block1, block12

block12:
    jump block11

block10:
    v34 = load.i64 notrap aligned v28
    v35 = load.i64 notrap aligned v28+16
    v36 = icmp eq v34, v35
    brif v36, block13, block14

block13 cold:
    call fn4(v4, v22, v24, v25, v26, v27)  ; v22 = 2, v25 = 8, v26 = 1, v27 = 8
    jump block15

block14:
    store.i64 notrap aligned v4, v34
    store.i64 notrap aligned v22, v34+8  ; v22 = 2
    store.i64 notrap aligned v24, v34+16
    store.i64 notrap aligned v25, v34+24  ; v25 = 8
    store.i32 notrap aligned v26, v34+32  ; v26 = 1
    store.i32 notrap aligned v27, v34+36  ; v27 = 8
    v37 = load.i64 notrap aligned v28+24
    v38 = load.i64 notrap aligned v28+32
    v39 = isub v37, v38
    v40 = iconst.i64 24
    v41 = udiv v39, v40  ; v40 = 24
    v42 = ireduce.i32 v41
    store notrap aligned v42, v34+40
    v43 = iconst.i32 0
    store notrap aligned v43, v34+44  ; v43 = 0
    v44 = iconst.i64 48
    v45 = iadd.i64 v34, v44  ; v44 = 48
    store notrap aligned v45, v28
    jump block15

block15:
    v46 = symbol_value.i64 gv3
    v47 = load.i32 notrap aligned v46
    brif v47, block16, block17

block16 cold:
    v48 = call fn5()
    brif v48, block1, block17

block17:
    jump block11

block11:
    v49 = iconst.i32 2
    v50 = symbol_value.i64 gv2
    v51 = load.i16 notrap aligned v50
    v52 = iconst.i16 512
    v53 = band v51, v52  ; v52 = 512
    brif v53, block18, block19

block18 cold:
    call fn6(v49)  ; v49 = 2
    jump block20

block19:
    v54 = load.i64 notrap aligned v28
    v55 = load.i64 notrap aligned v28+8
    v56 = icmp eq v54, v55
    brif v56, block20, block21

block21:
    store.i32 notrap aligned v49, v54-16  ; v49 = 2
    jump block20

block20:
    v57 = stack_addr.i64 ss0
    v58 = stack_addr.i64 ss1
    v59 = stack_addr.i64 ss3
    v60 = load.i8 notrap aligned v57
    v61 = load.i8 notrap aligned v58
    v62 = iconst.i8 2
    v63 = icmp eq v60, v62  ; v62 = 2
    v64 = iconst.i8 2
    v65 = icmp eq v61, v64  ; v64 = 2
    v66 = band v63, v65
    brif v66, block22, block23

block22:
    v67 = call fn7(v57, v58, v59)
    brif v67, block1, block26

block26:
    jump block25

block23:
    jump block24

block24:
    v68 = load.i32 notrap aligned v5
    v69 = symbol_value.i64 gv4
    v70 = iconst.i32 0
    v71 = iconst.i64 1
    v72 = iconst.i64 0
    v73 = call fn8(v69, v70, v57, v68, v58, v71, v72, v59)  ; v70 = 0, v71 = 1, v72 = 0
    brif v73, block1, block27

block27:
    jump block25

block25:
    v74 = stack_addr.i64 ss3
    v75 = load.i8 notrap aligned v74
    v76 = iconst.i8 16
    v77 = icmp uge v75, v76  ; v76 = 16
    brif v77, block28, block29

block28:
    call fn9(v74)
    jump block29

block29:
    v78 = stack_addr.i64 ss2
    v79 = stack_addr.i64 ss3
    v80 = load.i64 notrap aligned v79
    store notrap aligned v80, v78
    v81 = load.i64 notrap aligned v79+8
    store notrap aligned v81, v78+8
    v82 = load.i64 notrap aligned v79+16
    store notrap aligned v82, v78+16
    v83 = stack_addr.i64 ss2
    v84 = load.i32 notrap aligned v5+4
    v85 = iconst.i32 0
    v86 = iconst.i64 1
    v87 = iconst.i64 0
    v88 = stack_addr.i64 ss4
    v89 = symbol_value.i64 gv5
    v90 = iconst.i64 56
    v91 = iadd v89, v90  ; v90 = 56
    v92 = call fn8(v91, v85, v0, v84, v83, v86, v87, v88)  ; v85 = 0, v86 = 1, v87 = 0
    brif v92, block1, block30

block30:
    v93 = stack_addr.i64 ss4
    v94 = load.i8 notrap aligned v93
    v95 = iconst.i8 16
    v96 = icmp uge v94, v95  ; v95 = 16
    brif v96, block31, block32

block31:
    call fn9(v93)
    jump block32

block32:
    v97 = iconst.i32 3
    v98 = symbol_value.i64 gv2
    v99 = load.i16 notrap aligned v98
    v100 = iconst.i16 512
    v101 = band v99, v100  ; v100 = 512
    brif v101, block33, block34

block33 cold:
    call fn6(v97)  ; v97 = 3
    jump block35

block34:
    v102 = load.i64 notrap aligned v28
    v103 = load.i64 notrap aligned v28+8
    v104 = icmp eq v102, v103
    brif v104, block35, block36

block36:
    store.i32 notrap aligned v97, v102-16  ; v97 = 3
    jump block35

block35:
    v105 = stack_addr.i64 ss0
    v106 = stack_addr.i64 ss1
    v107 = stack_addr.i64 ss4
    v108 = load.i8 notrap aligned v105
    v109 = load.i8 notrap aligned v106
    v110 = iconst.i8 2
    v111 = icmp eq v108, v110  ; v110 = 2
    v112 = iconst.i8 2
    v113 = icmp eq v109, v112  ; v112 = 2
    v114 = band v111, v113
    brif v114, block37, block38

block37:
    v115 = call fn10(v105, v106, v107)
    brif v115, block1, block41

block41:
    jump block40

block38:
    jump block39

block39:
    v116 = load.i32 notrap aligned v5+8
    v117 = symbol_value.i64 gv6
    v118 = iconst.i64 112
    v119 = iadd v117, v118  ; v118 = 112
    v120 = iconst.i32 0
    v121 = iconst.i64 1
    v122 = iconst.i64 0
    v123 = call fn8(v119, v120, v105, v116, v106, v121, v122, v107)  ; v120 = 0, v121 = 1, v122 = 0
    brif v123, block1, block42

block42:
    jump block40

block40:
    v124 = stack_addr.i64 ss4
    v125 = load.i8 notrap aligned v124
    v126 = iconst.i8 16
    v127 = icmp uge v125, v126  ; v126 = 16
    brif v127, block43, block44

block43:
    call fn9(v124)
    jump block44

block44:
    v128 = stack_addr.i64 ss5
    v129 = stack_addr.i64 ss4
    v130 = load.i64 notrap aligned v129
    store notrap aligned v130, v128
    v131 = load.i64 notrap aligned v129+8
    store notrap aligned v131, v128+8
    v132 = load.i64 notrap aligned v129+16
    store notrap aligned v132, v128+16
    v133 = stack_addr.i64 ss5
    v134 = load.i32 notrap aligned v5+4
    v135 = iconst.i32 0
    v136 = iconst.i64 1
    v137 = iconst.i64 0
    v138 = stack_addr.i64 ss3
    v139 = symbol_value.i64 gv7
    v140 = iconst.i64 168
    v141 = iadd v139, v140  ; v140 = 168
    v142 = call fn8(v141, v135, v0, v134, v133, v136, v137, v138)  ; v135 = 0, v136 = 1, v137 = 0
    brif v142, block1, block45

block45:
    v143 = stack_addr.i64 ss3
    v144 = load.i8 notrap aligned v143
    v145 = iconst.i8 16
    v146 = icmp uge v144, v145  ; v145 = 16
    brif v146, block46, block47

block46:
    call fn9(v143)
    jump block47

block47:
    v147 = iconst.i32 4
    v148 = symbol_value.i64 gv2
    v149 = load.i16 notrap aligned v148
    v150 = iconst.i16 512
    v151 = band v149, v150  ; v150 = 512
    brif v151, block48, block49

block48 cold:
    call fn6(v147)  ; v147 = 4
    jump block50

block49:
    v152 = load.i64 notrap aligned v28
    v153 = load.i64 notrap aligned v28+8
    v154 = icmp eq v152, v153
    brif v154, block50, block51

block51:
    store.i32 notrap aligned v147, v152-16  ; v147 = 4
    jump block50

block50:
    v155 = stack_addr.i64 ss0
    v156 = stack_addr.i64 ss1
    v157 = stack_addr.i64 ss3
    v158 = load.i8 notrap aligned v155
    v159 = load.i8 notrap aligned v156
    v160 = iconst.i8 2
    v161 = icmp eq v158, v160  ; v160 = 2
    v162 = iconst.i8 2
    v163 = icmp eq v159, v162  ; v162 = 2
    v164 = band v161, v163
    brif v164, block52, block53

block52:
    v165 = load.i64 notrap aligned v155+8
    v166 = load.i64 notrap aligned v156+8
    v167 = band v165, v166
    v168 = iconst.i8 2
    store notrap aligned v168, v157  ; v168 = 2
    store notrap aligned v167, v157+8
    jump block55

block53:
    jump block54

block54:
    v169 = load.i32 notrap aligned v5+12
    v170 = symbol_value.i64 gv8
    v171 = iconst.i64 224
    v172 = iadd v170, v171  ; v171 = 224
    v173 = iconst.i32 0
    v174 = iconst.i64 1
    v175 = iconst.i64 0
    v176 = call fn8(v172, v173, v155, v169, v156, v174, v175, v157)  ; v173 = 0, v174 = 1, v175 = 0
    brif v176, block1, block56

block56:
    jump block55

block55:
    v177 = stack_addr.i64 ss3
    v178 = load.i8 notrap aligned v177
    v179 = iconst.i8 16
    v180 = icmp uge v178, v179  ; v179 = 16
    brif v180, block57, block58

block57:
    call fn9(v177)
    jump block58

block58:
    v181 = stack_addr.i64 ss6
    v182 = stack_addr.i64 ss3
    v183 = load.i64 notrap aligned v182
    store notrap aligned v183, v181
    v184 = load.i64 notrap aligned v182+8
    store notrap aligned v184, v181+8
    v185 = load.i64 notrap aligned v182+16
    store notrap aligned v185, v181+16
    v186 = stack_addr.i64 ss6
    v187 = load.i32 notrap aligned v5+4
    v188 = iconst.i32 0
    v189 = iconst.i64 1
    v190 = iconst.i64 0
    v191 = stack_addr.i64 ss4
    v192 = symbol_value.i64 gv9
    v193 = iconst.i64 280
    v194 = iadd v192, v193  ; v193 = 280
    v195 = call fn8(v194, v188, v0, v187, v186, v189, v190, v191)  ; v188 = 0, v189 = 1, v190 = 0
    brif v195, block1, block59

block59:
    v196 = stack_addr.i64 ss4
    v197 = load.i8 notrap aligned v196
    v198 = iconst.i8 16
    v199 = icmp uge v197, v198  ; v198 = 16
    brif v199, block60, block61

block60:
    call fn9(v196)
    jump block61

block61:
    v200 = iconst.i32 5
    v201 = symbol_value.i64 gv2
    v202 = load.i16 notrap aligned v201
    v203 = iconst.i16 512
    v204 = band v202, v203  ; v203 = 512
    brif v204, block62, block63

block62 cold:
    call fn6(v200)  ; v200 = 5
    jump block64

block63:
    v205 = load.i64 notrap aligned v28
    v206 = load.i64 notrap aligned v28+8
    v207 = icmp eq v205, v206
    brif v207, block64, block65

block65:
    store.i32 notrap aligned v200, v205-16  ; v200 = 5
    jump block64

block64:
    v208 = stack_addr.i64 ss0
    v209 = stack_addr.i64 ss1
    v210 = stack_addr.i64 ss4
    v211 = load.i8 notrap aligned v208
    v212 = load.i8 notrap aligned v209
    v213 = iconst.i8 2
    v214 = icmp eq v211, v213  ; v213 = 2
    v215 = iconst.i8 2
    v216 = icmp eq v212, v215  ; v215 = 2
    v217 = band v214, v216
    brif v217, block66, block67

block66:
    v218 = load.i64 notrap aligned v208+8
    v219 = load.i64 notrap aligned v209+8
    v220 = bor v218, v219
    v221 = iconst.i8 2
    store notrap aligned v221, v210  ; v221 = 2
    store notrap aligned v220, v210+8
    jump block69

block67:
    jump block68

block68:
    v222 = load.i32 notrap aligned v5+16
    v223 = symbol_value.i64 gv10
    v224 = iconst.i64 336
    v225 = iadd v223, v224  ; v224 = 336
    v226 = iconst.i32 0
    v227 = iconst.i64 1
    v228 = iconst.i64 0
    v229 = call fn8(v225, v226, v208, v222, v209, v227, v228, v210)  ; v226 = 0, v227 = 1, v228 = 0
    brif v229, block1, block70

block70:
    jump block69

block69:
    v230 = stack_addr.i64 ss4
    v231 = load.i8 notrap aligned v230
    v232 = iconst.i8 16
    v233 = icmp uge v231, v232  ; v232 = 16
    brif v233, block71, block72

block71:
    call fn9(v230)
    jump block72

block72:
    v234 = stack_addr.i64 ss7
    v235 = stack_addr.i64 ss4
    v236 = load.i64 notrap aligned v235
    store notrap aligned v236, v234
    v237 = load.i64 notrap aligned v235+8
    store notrap aligned v237, v234+8
    v238 = load.i64 notrap aligned v235+16
    store notrap aligned v238, v234+16
    v239 = stack_addr.i64 ss7
    v240 = load.i32 notrap aligned v5+4
    v241 = iconst.i32 0
    v242 = iconst.i64 1
    v243 = iconst.i64 0
    v244 = stack_addr.i64 ss3
    v245 = symbol_value.i64 gv11
    v246 = iconst.i64 392
    v247 = iadd v245, v246  ; v246 = 392
    v248 = call fn8(v247, v241, v0, v240, v239, v242, v243, v244)  ; v241 = 0, v242 = 1, v243 = 0
    brif v248, block1, block73

block73:
    v249 = stack_addr.i64 ss3
    v250 = load.i8 notrap aligned v249
    v251 = iconst.i8 16
    v252 = icmp uge v250, v251  ; v251 = 16
    brif v252, block74, block75

block74:
    call fn9(v249)
    jump block75

block75:
    v253 = iconst.i32 6
    v254 = symbol_value.i64 gv2
    v255 = load.i16 notrap aligned v254
    v256 = iconst.i16 512
    v257 = band v255, v256  ; v256 = 512
    brif v257, block76, block77

block76 cold:
    call fn6(v253)  ; v253 = 6
    jump block78

block77:
    v258 = load.i64 notrap aligned v28
    v259 = load.i64 notrap aligned v28+8
    v260 = icmp eq v258, v259
    brif v260, block78, block79

block79:
    store.i32 notrap aligned v253, v258-16  ; v253 = 6
    jump block78

block78:
    v261 = stack_addr.i64 ss0
    v262 = stack_addr.i64 ss1
    v263 = stack_addr.i64 ss3
    v264 = load.i8 notrap aligned v261
    v265 = load.i8 notrap aligned v262
    v266 = iconst.i8 2
    v267 = icmp eq v264, v266  ; v266 = 2
    v268 = iconst.i8 2
    v269 = icmp eq v265, v268  ; v268 = 2
    v270 = band v267, v269
    brif v270, block80, block81

block80:
    v271 = load.i64 notrap aligned v261+8
    v272 = load.i64 notrap aligned v262+8
    v273 = bxor v271, v272
    v274 = iconst.i8 2
    store notrap aligned v274, v263  ; v274 = 2
    store notrap aligned v273, v263+8
    jump block83

block81:
    jump block82

block82:
    v275 = load.i32 notrap aligned v5+20
    v276 = symbol_value.i64 gv12
    v277 = iconst.i64 448
    v278 = iadd v276, v277  ; v277 = 448
    v279 = iconst.i32 0
    v280 = iconst.i64 1
    v281 = iconst.i64 0
    v282 = call fn8(v278, v279, v261, v275, v262, v280, v281, v263)  ; v279 = 0, v280 = 1, v281 = 0
    brif v282, block1, block84

block84:
    jump block83

block83:
    v283 = stack_addr.i64 ss3
    v284 = load.i8 notrap aligned v283
    v285 = iconst.i8 16
    v286 = icmp uge v284, v285  ; v285 = 16
    brif v286, block85, block86

block85:
    call fn9(v283)
    jump block86

block86:
    v287 = stack_addr.i64 ss8
    v288 = stack_addr.i64 ss3
    v289 = load.i64 notrap aligned v288
    store notrap aligned v289, v287
    v290 = load.i64 notrap aligned v288+8
    store notrap aligned v290, v287+8
    v291 = load.i64 notrap aligned v288+16
    store notrap aligned v291, v287+16
    v292 = stack_addr.i64 ss8
    v293 = load.i32 notrap aligned v5+4
    v294 = iconst.i32 0
    v295 = iconst.i64 1
    v296 = iconst.i64 0
    v297 = stack_addr.i64 ss4
    v298 = symbol_value.i64 gv13
    v299 = iconst.i64 504
    v300 = iadd v298, v299  ; v299 = 504
    v301 = call fn8(v300, v294, v0, v293, v292, v295, v296, v297)  ; v294 = 0, v295 = 1, v296 = 0
    brif v301, block1, block87

block87:
    v302 = stack_addr.i64 ss4
    v303 = load.i8 notrap aligned v302
    v304 = iconst.i8 16
    v305 = icmp uge v303, v304  ; v304 = 16
    brif v305, block88, block89

block88:
    call fn9(v302)
    jump block89

block89:
    v306 = iconst.i32 7
    v307 = symbol_value.i64 gv2
    v308 = load.i16 notrap aligned v307
    v309 = iconst.i16 512
    v310 = band v308, v309  ; v309 = 512
    brif v310, block90, block91

block90 cold:
    call fn6(v306)  ; v306 = 7
    jump block92

block91:
    v311 = load.i64 notrap aligned v28
    v312 = load.i64 notrap aligned v28+8
    v313 = icmp eq v311, v312
    brif v313, block92, block93

block93:
    store.i32 notrap aligned v306, v311-16  ; v306 = 7
    jump block92

block92:
    v314 = stack_addr.i64 ss0
    v315 = stack_addr.i64 ss1
    v316 = stack_addr.i64 ss4
    v317 = load.i8 notrap aligned v314
    v318 = load.i8 notrap aligned v315
    v319 = iconst.i8 2
    v320 = icmp eq v317, v319  ; v319 = 2
    v321 = iconst.i8 2
    v322 = icmp eq v318, v321  ; v321 = 2
    v323 = band v320, v322
    brif v323, block94, block95

block94:
    v324 = load.i64 notrap aligned v314+8
    v325 = load.i64 notrap aligned v315+8
    v326, v327 = smul_overflow v324, v325
    brif v327, block98, block99

block99:
    v328 = iconst.i8 2
    store notrap aligned v328, v316  ; v328 = 2
    store.i64 notrap aligned v326, v316+8
    jump block97

block98:
    call fn11(v314, v315, v316)
    jump block97

block95:
    v329 = iconst.i8 3
    v330 = icmp.i8 eq v317, v329  ; v329 = 3
    v331 = iconst.i8 3
    v332 = icmp.i8 eq v318, v331  ; v331 = 3
    v333 = band v330, v332
    brif v333, block100, block101

block100:
    v334 = load.f64 notrap aligned v314+8
    v335 = load.f64 notrap aligned v315+8
    v336 = fmul v334, v335
    v337 = iconst.i8 3
    store notrap aligned v337, v316  ; v337 = 3
    store notrap aligned v336, v316+8
    jump block97

block101:
    v338 = band.i8 v330, v322
    brif v338, block102, block103

block102:
    v339 = load.f64 notrap aligned v314+8
    v340 = load.i64 notrap aligned v315+8
    v341 = fcvt_from_sint.f64 v340
    v342 = fmul v339, v341
    v343 = iconst.i8 3
    store notrap aligned v343, v316  ; v343 = 3
    store notrap aligned v342, v316+8
    jump block97

block103:
    v344 = band.i8 v320, v332
    brif v344, block104, block105

block104:
    v345 = load.i64 notrap aligned v314+8
    v346 = fcvt_from_sint.f64 v345
    v347 = load.f64 notrap aligned v315+8
    v348 = fmul v346, v347
    v349 = iconst.i8 3
    store notrap aligned v349, v316  ; v349 = 3
    store notrap aligned v348, v316+8
    jump block97

block105:
    jump block96

block96:
    v350 = load.i32 notrap aligned v5+24
    v351 = symbol_value.i64 gv14
    v352 = iconst.i64 560
    v353 = iadd v351, v352  ; v352 = 560
    v354 = iconst.i32 0
    v355 = iconst.i64 1
    v356 = iconst.i64 0
    v357 = call fn8(v353, v354, v314, v350, v315, v355, v356, v316)  ; v354 = 0, v355 = 1, v356 = 0
    brif v357, block1, block106

block106:
    jump block97

block97:
    v358 = stack_addr.i64 ss4
    v359 = load.i8 notrap aligned v358
    v360 = iconst.i8 16
    v361 = icmp uge v359, v360  ; v360 = 16
    brif v361, block107, block108

block107:
    call fn9(v358)
    jump block108

block108:
    v362 = stack_addr.i64 ss9
    v363 = stack_addr.i64 ss4
    v364 = load.i64 notrap aligned v363
    store notrap aligned v364, v362
    v365 = load.i64 notrap aligned v363+8
    store notrap aligned v365, v362+8
    v366 = load.i64 notrap aligned v363+16
    store notrap aligned v366, v362+16
    v367 = stack_addr.i64 ss9
    v368 = load.i32 notrap aligned v5+4
    v369 = iconst.i32 0
    v370 = iconst.i64 1
    v371 = iconst.i64 0
    v372 = stack_addr.i64 ss3
    v373 = symbol_value.i64 gv15
    v374 = iconst.i64 616
    v375 = iadd v373, v374  ; v374 = 616
    v376 = call fn8(v375, v369, v0, v368, v367, v370, v371, v372)  ; v369 = 0, v370 = 1, v371 = 0
    brif v376, block1, block109

block109:
    v377 = stack_addr.i64 ss3
    v378 = load.i64 notrap aligned v377
    store notrap aligned v378, v3
    v379 = load.i64 notrap aligned v377+8
    store notrap aligned v379, v3+8
    v380 = load.i64 notrap aligned v377+16
    store notrap aligned v380, v3+16
    jump block2

block2:
    v382 = iconst.i32 0
    jump block110(v382)  ; v382 = 0

block1:
    v383 = iconst.i32 1
    jump block110(v383)  ; v383 = 1

block110(v381: i32):
    v384 = stack_addr.i64 ss0
    v385 = load.i8 notrap aligned v384
    v386 = iconst.i8 16
    v387 = icmp uge v385, v386  ; v386 = 16
    brif v387, block111, block112

block111:
    call fn12(v384)
    jump block112

block112:
    v388 = stack_addr.i64 ss1
    v389 = load.i8 notrap aligned v388
    v390 = iconst.i8 16
    v391 = icmp uge v389, v390  ; v390 = 16
    brif v391, block113, block114

block113:
    call fn12(v388)
    jump block114

block114:
    v392 = symbol_value.i64 gv2
    v393 = load.i16 notrap aligned v392
    v394 = iconst.i16 512
    v395 = band v393, v394  ; v394 = 512
    brif v395, block115, block116

block115 cold:
    call fn13()
    jump block117

block116:
    v396 = load.i64 notrap aligned v28
    v397 = load.i64 notrap aligned v28+8
    v398 = icmp eq v396, v397
    brif v398, block117, block118

block118:
    v399 = iconst.i64 -48
    v400 = iadd.i64 v396, v399  ; v399 = -48
    store notrap aligned v400, v28
    v401 = load.i32 notrap aligned v400+40
    v402 = iconst.i32 -1
    v403 = icmp eq v401, v402  ; v402 = -1
    brif v403, block117, block119

block119:
    v404 = load.i64 notrap aligned v28+24
    v405 = load.i64 notrap aligned v28+32
    v406 = isub v404, v405
    v407 = iconst.i64 24
    v408 = udiv v406, v407  ; v407 = 24
    v409 = uextend.i64 v401
    v410 = icmp ugt v408, v409
    brif v410, block120, block117

block120 cold:
    call fn14(v409)
    jump block117

block117:
    return v381
}

;; trampoline
function %zeo_t_Object_m(i64, i64, i64, i64, i64) -> i32 ccall {
    gv0 = symbol colocated %zeo_rodata
    sig0 = (i64, i64, i64, i64) -> i32 ccall
    sig1 = (i64) ccall
    sig2 = (i64, i64, i64) -> i32 ccall
    sig3 = (i64, i64, i64, i64, i32, i32) ccall
    sig4 = () ccall
    fn0 = colocated %zeo_m_Object_m sig0
    fn1 = %zeo_rt_release sig1
    fn2 = %zeo_rt_wrong_arity sig2
    fn3 = %zeo_rt_frame_push sig3
    fn4 = %zeo_rt_frame_pop sig4

block0(v0: i64, v1: i64, v2: i64, v3: i64, v4: i64):
    v5 = iconst.i64 0
    v6 = icmp ne v3, v5  ; v5 = 0
    brif v6, block2, block1

block2:
    call fn1(v3)
    jump block1

block1:
    v7 = iconst.i64 2
    v8 = icmp.i64 eq v2, v7  ; v7 = 2
    brif v8, block3, block4

block4:
    v9 = symbol_value.i64 gv0
    v10 = iconst.i64 2
    v11 = iconst.i64 2
    v12 = iadd v9, v11  ; v11 = 2
    v13 = iconst.i64 8
    v14 = iconst.i32 1
    v15 = iconst.i32 8
    call fn3(v9, v10, v12, v13, v14, v15)  ; v10 = 2, v13 = 8, v14 = 1, v15 = 8
    v16 = iconst.i64 2
    v17 = call fn2(v2, v16, v16)  ; v16 = 2, v16 = 2
    call fn4()
    return v17

block3:
    v18 = iconst.i64 24
    v19 = iadd.i64 v1, v18  ; v18 = 24
    v20 = call fn0(v0, v1, v19, v4)
    return v20
}

;; zeo_toplevel
function %zeo_toplevel(i64) -> i32 ccall {
    ss0 = explicit_slot 24, align = 8
    ss1 = explicit_slot 0, align = 8
    ss2 = explicit_slot 8, align = 8
    ss3 = explicit_slot 24, align = 8
    ss4 = explicit_slot 24, align = 8
    ss5 = explicit_slot 24, align = 8
    ss6 = explicit_slot 24, align = 8
    gv0 = symbol colocated %zeo_rodata
    gv1 = symbol colocated %zeo_syms
    gv2 = symbol %zeo_rt_gates
    gv3 = symbol %zeo_rt_pending_interrupts
    sig0 = () -> i64 ccall
    sig1 = (i64, i64, i64, i64, i32, i32) -> i32 ccall
    sig2 = (i64, i64, i64, i64, i32, i32) ccall
    sig3 = () -> i32 ccall
    sig4 = (i64) ccall
    sig5 = (i64) ccall
    sig6 = (i64, i64, i64, i64, i64, i64, i32, i32, i32, i64) ccall
    sig7 = (i32, i64, i64, i64, i64, i64, i32, i32) ccall
    sig8 = (i32) ccall
    sig9 = (i64, i64, i64, i64) -> i32 ccall
    sig10 = (i64) ccall
    sig11 = () ccall
    fn0 = colocated %zeo_rt_frame_hot sig0
    fn1 = colocated %zeo_rt_frame_enter sig1
    fn2 = colocated %zeo_rt_frame_push sig2
    fn3 = colocated %zeo_rt_check_ints sig3
    fn4 = colocated %zeo_rt_main_object sig4
    fn5 = colocated %zeo_rt_pool_push sig5
    fn6 = colocated %zeo_rt_binding_new sig6
    fn7 = colocated %zeo_rt_const_set_at sig7
    fn8 = colocated %zeo_rt_set_line sig8
    fn9 = colocated %zeo_m_Object_m sig9
    fn10 = colocated %zeo_rt_pool_reset sig10
    fn11 = colocated %zeo_rt_frame_pop sig11

block0(v0: i64):
    v1 = symbol_value.i64 gv0
    v2 = symbol_value.i64 gv1
    v3 = iconst.i64 2
    v4 = iconst.i64 10
    v5 = iadd v1, v4  ; v4 = 10
    v6 = iconst.i64 6
    v7 = iconst.i32 0
    v8 = call fn0()
    v9 = symbol_value.i64 gv2
    v10 = load.i16 notrap aligned v9
    v11 = iconst.i16 512
    v12 = band v10, v11  ; v11 = 512
    brif v12, block2, block3

block2 cold:
    v13 = call fn1(v1, v3, v5, v6, v7, v7)  ; v3 = 2, v6 = 6, v7 = 0, v7 = 0
    brif v13, block1, block5

block5:
    jump block4

block3:
    v14 = load.i64 notrap aligned v8
    v15 = load.i64 notrap aligned v8+16
    v16 = icmp eq v14, v15
    brif v16, block6, block7

block6 cold:
    call fn2(v1, v3, v5, v6, v7, v7)  ; v3 = 2, v6 = 6, v7 = 0, v7 = 0
    jump block8

block7:
    store.i64 notrap aligned v1, v14
    store.i64 notrap aligned v3, v14+8  ; v3 = 2
    store.i64 notrap aligned v5, v14+16
    store.i64 notrap aligned v6, v14+24  ; v6 = 6
    store.i32 notrap aligned v7, v14+32  ; v7 = 0
    store.i32 notrap aligned v7, v14+36  ; v7 = 0
    v17 = load.i64 notrap aligned v8+24
    v18 = load.i64 notrap aligned v8+32
    v19 = isub v17, v18
    v20 = iconst.i64 24
    v21 = udiv v19, v20  ; v20 = 24
    v22 = ireduce.i32 v21
    store notrap aligned v22, v14+40
    v23 = iconst.i32 0
    store notrap aligned v23, v14+44  ; v23 = 0
    v24 = iconst.i64 48
    v25 = iadd.i64 v14, v24  ; v24 = 48
    store notrap aligned v25, v8
    jump block8

block8:
    v26 = symbol_value.i64 gv3
    v27 = load.i32 notrap aligned v26
    brif v27, block9, block10

block9 cold:
    v28 = call fn3()
    brif v28, block1, block10

block10:
    jump block4

block4:
    v29 = stack_addr.i64 ss0
    call fn4(v29)
    call fn5(v29)
    v30 = stack_addr.i64 ss1
    v31 = iconst.i64 0
    v32 = stack_addr.i64 ss2
    v33 = iconst.i64 10
    v34 = iadd.i64 v1, v33  ; v33 = 10
    v35 = iconst.i64 6
    v36 = iconst.i32 0
    v37 = iconst.i32 0
    v38 = iconst.i32 -1
    v39 = stack_addr.i64 ss3
    call fn6(v29, v30, v32, v31, v34, v35, v36, v37, v38, v39)  ; v31 = 0, v35 = 6, v36 = 0, v37 = 0, v38 = -1
    v40 = stack_addr.i64 ss3
    v41 = load.i8 notrap aligned v40
    v42 = iconst.i8 16
    v43 = icmp uge v41, v42  ; v42 = 16
    brif v43, block11, block12

block11:
    call fn5(v40)
    jump block12

block12:
    v44 = iconst.i64 16
    v45 = iadd.i64 v1, v44  ; v44 = 16
    v46 = iconst.i64 16
    v47 = iconst.i64 10
    v48 = iadd.i64 v1, v47  ; v47 = 10
    v49 = iconst.i64 6
    v50 = iconst.i32 0
    v51 = iconst.i32 0
    v52 = iconst.i32 0
    call fn7(v50, v45, v46, v40, v48, v49, v51, v52)  ; v50 = 0, v46 = 16, v49 = 6, v51 = 0, v52 = 0
    v53 = load.i64 notrap aligned v8+24
    v54 = load.i64 notrap aligned v8+32
    v55 = isub v53, v54
    v56 = iconst.i64 24
    v57 = udiv v55, v56  ; v56 = 24
    v58 = iconst.i32 9
    v59 = symbol_value.i64 gv2
    v60 = load.i16 notrap aligned v59
    v61 = iconst.i16 512
    v62 = band v60, v61  ; v61 = 512
    brif v62, block13, block14

block13 cold:
    call fn8(v58)  ; v58 = 9
    jump block15

block14:
    v63 = load.i64 notrap aligned v8
    v64 = load.i64 notrap aligned v8+8
    v65 = icmp eq v63, v64
    brif v65, block15, block16

block16:
    store.i32 notrap aligned v58, v63-16  ; v58 = 9
    jump block15

block15:
    v66 = iconst.i64 5
    v67 = stack_addr.i64 ss4
    v68 = iconst.i8 2
    store notrap aligned v68, v67  ; v68 = 2
    store notrap aligned v66, v67+8  ; v66 = 5
    v69 = iconst.i64 2
    v70 = stack_addr.i64 ss5
    v71 = iconst.i8 2
    store notrap aligned v71, v70  ; v71 = 2
    store notrap aligned v69, v70+8  ; v69 = 2
    v72 = stack_addr.i64 ss6
    v73 = call fn9(v29, v67, v70, v72)
    brif v73, block1, block17

block17:
    v74 = stack_addr.i64 ss6
    v75 = load.i8 notrap aligned v74
    v76 = iconst.i8 16
    v77 = icmp uge v75, v76  ; v76 = 16
    brif v77, block18, block19

block18:
    call fn5(v74)
    jump block19

block19:
    v78 = load.i64 notrap aligned v8+24
    v79 = load.i64 notrap aligned v8+32
    v80 = isub v78, v79
    v81 = iconst.i64 24
    v82 = udiv v80, v81  ; v81 = 24
    v83 = icmp ugt v82, v57
    brif v83, block20, block21

block20 cold:
    call fn10(v57)
    jump block21

block21:
    v85 = iconst.i64 0
    store notrap aligned v85, v0  ; v85 = 0
    store notrap aligned v85, v0+8  ; v85 = 0
    store notrap aligned v85, v0+16  ; v85 = 0
    v86 = iconst.i32 0
    jump block22(v86)  ; v86 = 0

block1:
    v87 = iconst.i32 1
    jump block22(v87)  ; v87 = 1

block22(v84: i32):
    v88 = symbol_value.i64 gv2
    v89 = load.i16 notrap aligned v88
    v90 = iconst.i16 512
    v91 = band v89, v90  ; v90 = 512
    brif v91, block23, block24

block23 cold:
    call fn11()
    jump block25

block24:
    v92 = load.i64 notrap aligned v8
    v93 = load.i64 notrap aligned v8+8
    v94 = icmp eq v92, v93
    brif v94, block25, block26

block26:
    v95 = iconst.i64 -48
    v96 = iadd.i64 v92, v95  ; v95 = -48
    store notrap aligned v96, v8
    v97 = load.i32 notrap aligned v96+40
    v98 = iconst.i32 -1
    v99 = icmp eq v97, v98  ; v98 = -1
    brif v99, block25, block27

block27:
    v100 = load.i64 notrap aligned v8+24
    v101 = load.i64 notrap aligned v8+32
    v102 = isub v100, v101
    v103 = iconst.i64 24
    v104 = udiv v102, v103  ; v103 = 24
    v105 = uextend.i64 v97
    v106 = icmp ugt v104, v105
    brif v106, block28, block25

block28 cold:
    call fn10(v105)
    jump block25

block25:
    return v84
}

;; zeo_unit_init
function %zeo_unit_init() ccall {
    gv0 = symbol colocated %zeo_sym_rows
    gv1 = symbol colocated %zeo_callsite_callers
    gv2 = symbol colocated %zeo_syms
    gv3 = symbol colocated %zeo_callsites
    gv4 = symbol colocated %zeo_cm_sites
    gv5 = symbol colocated %zeo_const_sites
    gv6 = symbol colocated %zeo_new_sites
    gv7 = symbol colocated %zeo_dyn_sites
    sig0 = (i64, i64, i64) ccall
    sig1 = (i64, i64, i64) ccall
    sig2 = (i64, i64) ccall
    sig3 = (i64, i64) ccall
    sig4 = (i64, i64) ccall
    sig5 = (i64, i64) ccall
    fn0 = %zeo_rt_syms_init sig0
    fn1 = %zeo_rt_callsites_init sig1
    fn2 = %zeo_rt_cm_sites_init sig2
    fn3 = %zeo_rt_const_sites_init sig3
    fn4 = %zeo_rt_class_new_sites_init sig4
    fn5 = %zeo_rt_dyncaller_sites_init sig5

block0:
    v0 = symbol_value.i64 gv0
    v1 = iconst.i64 7
    v2 = symbol_value.i64 gv2
    call fn0(v0, v1, v2)  ; v1 = 7
    v3 = symbol_value.i64 gv3
    v4 = symbol_value.i64 gv1
    v5 = iconst.i64 12
    call fn1(v3, v4, v5)  ; v5 = 12
    return
}

;; main
function %main(i32, i64) -> i32 ccall {
    gv0 = symbol colocated %zeo_program_desc
    sig0 = (i32, i64, i64) -> i32 ccall
    fn0 = %zeo_rt_main sig0

block0(v0: i32, v1: i64):
    v2 = symbol_value.i64 gv0
    v3 = call fn0(v0, v1, v2)
    return v3
}
