5
-42
0
1.5
1.0
-3.25
"hi"
""
"a\nb"
"tab\there"
"quote\"inside"
"back\\slash"
:foo
true
false
nil
got 42
5
1.0
"hi"
:foo
true
nil
[]
[1, 2, 3]
[-5, 0, 42]
[99]
[1.5, 2.0]
[1.0]
["hello", "world"]
[""]
[:foo, :bar]
[1, "x"]
[nil, :sym, 1.5]
[1, "two", :three, 4.0, true]
[false, nil]
[1, "x"]
[1, "x"]
[1, 2, 3]
[1, 2, 3]
got [1, 2, 3]
[10, 20, 30]
1
2
3
a
b
x
y
1.5
2.0
done
