[ArgumentError, "wrong number of arguments (given 1, expected 0)"]
[ArgumentError, "wrong number of arguments (given 2, expected 1)"]
[ArgumentError, "wrong number of arguments (given 3, expected 0..2)"]
[0, 9]
:stopped
[ArgumentError, "wrong number of arguments (given 0, expected 1)"]
[ArgumentError, "wrong number of arguments (given 0, expected 2..5)"]
[ArgumentError, "wrong number of arguments (given 1, expected 0)"]
[ArgumentError, "wrong number of arguments (given 1, expected 0)"]
[ArgumentError, "wrong number of arguments (given 1, expected 0)"]
[ArgumentError, "wrong number of arguments (given 1, expected 0)"]
[ArgumentError, "wrong number of arguments (given 1, expected 0)"]
[ArgumentError, "wrong number of arguments (given 3, expected 1..2)"]
[ArgumentError, "wrong number of arguments (given 1, expected 0)"]
[ArgumentError, "wrong number of arguments (given 1, expected 0)"]
[ArgumentError, "wrong number of arguments (given 1, expected 0)"]
[ArgumentError, "wrong number of arguments (given 0, expected 1)"]
[ArgumentError, "wrong number of arguments (given 0, expected 1+)"]
[ArgumentError, "wrong number of arguments (given 1, expected 0)"]
[ArgumentError, "wrong number of arguments (given 1, expected 0)"]
[ArgumentError, "wrong number of arguments (given 2, expected 0..1)"]
[ArgumentError, "wrong number of arguments (given 0, expected 1)"]
[ArgumentError, "wrong number of arguments (given 3, expected 0..2)"]
"GET"
7
[ArgumentError, "comparison of Integer with String failed"]
[ArgumentError, "comparison of Integer with String failed"]
:unbounded
