"i" => 1 /a/i
"m" => 4 /a/m
"x" => 2 /a/x
"mix" => 7 /a/mix
"xi" => 3 /a/ix
"ii" => 1 /a/i
"" => 0 /a/
"z" => ArgumentError: unknown regexp option: z
"X" => ArgumentError: unknown regexp option: X
"o" => ArgumentError: unknown regexp option: o
"n" => ArgumentError: unknown regexp option: n
"u" => ArgumentError: unknown regexp option: u
"m" => 4 /a/m
"x" => 2 /a/x
destructured => 5 /a/mi
0
nil
0
0
