[100, true]
[5000, true]
[9500, true]
[10000, true]
[12000, true]
[20000, true]
["aa", ""]
["aa", ""]
["", ""]
["aa", "a", "a"]
[]
[""]
["aa"]
["b"]
["ab"]
["", ""]
[200, true, true]
[1000, true, true]
[5000, true, true]
[1, true, true]
[50, true, true]
[300, true, true]
false
false
["aa", "a"]
["abac"]
["a", "a"]
["a", "a"]
4
