"---\ns: |\n  l1\n  l2\n"
"---\ns: |-\n  l1\n  l2\n"
"--- !binary |-\n  /wA=\n"
"--- héllo\n"
"--- \" pad\"\n"
"--- .inf\n"
"--- 2001-02-03 04:05:06.000000000 Z\n"
"--- 2001-02-03\n"
"--- !ruby/range\nbegin: 1\nend: 3\nexcl: false\n"
"---\n! '': 1\n"
"---\na:\n    b: 1\n"
true
"%YAML 1.1\n---\na: 1\n"
"---\na: &1\n- 1\nb: *1\n"
